

Microchip MPLAB XC8 Assembler V2.50 build 20240725155939 
                                                                                               Fri Mar 21 14:56:47 2025

Microchip MPLAB XC8 C Compiler v2.50 (Free license) build 20240725155939 Og1 
     1                           	processor	18F252
     2                           	fnconf	rparam,??,?,0
     3                           	pagewidth 120
     4                           	opt	flic
     5                           	psect	cinit,global,reloc=2,class=CODE,space=0,delta=1
     6                           	psect	cstackCOMRAM,global,class=COMRAM,space=1,delta=1,lowdata,noexec
     7                           	psect	text0,global,reloc=2,class=CODE,space=0,delta=1
     8                           	psect	text1,global,reloc=2,class=CODE,space=0,delta=1
     9                           	psect	smallconst,global,reloc=2,class=SMALLCONST,space=0,delta=1,noexec
    10                           	psect	intsave_regs,global,class=BIGRAM,space=1,delta=1,noexec
    11                           	psect	rparam,global,class=COMRAM,space=1,delta=1,noexec
    12                           	psect	config,global,abs,ovrld,class=CONFIG,space=4,delta=1,noexec
    13   000000                     
    14                           ; Generated 17/10/2023 GMT
    15                           ; 
    16                           ; Copyright © 2023, Microchip Technology Inc. and its subsidiaries ("Microchip")
    17                           ; All rights reserved.
    18                           ; 
    19                           ; This software is developed by Microchip Technology Inc. and its subsidiaries ("Microch
      +                          ip").
    20                           ; 
    21                           ; Redistribution and use in source and binary forms, with or without modification, are
    22                           ; permitted provided that the following conditions are met:
    23                           ; 
    24                           ;     1. Redistributions of source code must retain the above copyright notice, this lis
      +                          t of
    25                           ;        conditions and the following disclaimer.
    26                           ; 
    27                           ;     2. Redistributions in binary form must reproduce the above copyright notice, this 
      +                          list
    28                           ;        of conditions and the following disclaimer in the documentation and/or other
    29                           ;        materials provided with the distribution. Publication is not required when
    30                           ;        this file is used in an embedded application.
    31                           ; 
    32                           ;     3. Microchip's name may not be used to endorse or promote products derived from th
      +                          is
    33                           ;        software without specific prior written permission.
    34                           ; 
    35                           ; THIS SOFTWARE IS PROVIDED BY MICROCHIP "AS IS" AND ANY EXPRESS OR IMPLIED WARRANTIES,
    36                           ; INCLUDING, BUT NOT LIMITED TO, THE IMPLIED WARRANTIES OF MERCHANTABILITY AND FITNESS F
      +                          OR
    37                           ; PURPOSE ARE DISCLAIMED.  IN NO EVENT SHALL MICROCHIP BE LIABLE FOR ANY DIRECT, INDIREC
      +                          T,
    38                           ; INCIDENTAL, SPECIAL, EXEMPLARY, OR CONSEQUENTIAL DAMAGES (INCLUDING BUT NOT LIMITED TO
    39                           ; PROCUREMENT OF SUBSTITUTE GOODS OR SERVICES; LOSS OF USE, DATA OR PROFITS; OR BUSINESS
    40                           ; INTERRUPTION) HOWSOEVER CAUSED AND ON ANY THEORY OF LIABILITY, WHETHER IN CONTRACT, ST
      +                          RICT
    41                           ; LIABILITY, OR TORT (INCLUDING NEGLIGENCE OR OTHERWISE) ARISING IN ANY WAY OUT OF THE U
      +                          SE OF
    42                           ; THIS SOFTWARE, EVEN IF ADVISED OF THE POSSIBILITY OF SUCH DAMAGE.
    43                           ; 
    44                           ; 
    45                           ; Code-generator required, PIC18F252 Definitions
    46                           ; 
    47                           ; SFR Addresses
    48   000FE0                     bsr             equ	4064
    49   000FE9                     fsr0            equ	4073
    50   000FEA                     fsr0h           equ	4074
    51   000FE9                     fsr0l           equ	4073
    52   000FE1                     fsr1            equ	4065
    53   000FE2                     fsr1h           equ	4066
    54   000FE1                     fsr1l           equ	4065
    55   000FD9                     fsr2            equ	4057
    56   000FDA                     fsr2h           equ	4058
    57   000FD9                     fsr2l           equ	4057
    58   000FEF                     indf0           equ	4079
    59   000FE7                     indf1           equ	4071
    60   000FDF                     indf2           equ	4063
    61   000FF2                     intcon          equ	4082
    62   000000                     nvmcon          equ	0
    63   000FF9                     pcl             equ	4089
    64   000FFA                     pclath          equ	4090
    65   000FFB                     pclatu          equ	4091
    66   000FEB                     plusw0          equ	4075
    67   000FE3                     plusw1          equ	4067
    68   000FDB                     plusw2          equ	4059
    69   000FED                     postdec0        equ	4077
    70   000FE5                     postdec1        equ	4069
    71   000FDD                     postdec2        equ	4061
    72   000FEE                     postinc0        equ	4078
    73   000FE6                     postinc1        equ	4070
    74   000FDE                     postinc2        equ	4062
    75   000FEC                     preinc0         equ	4076
    76   000FE4                     preinc1         equ	4068
    77   000FDC                     preinc2         equ	4060
    78   000FF3                     prod            equ	4083
    79   000FF4                     prodh           equ	4084
    80   000FF3                     prodl           equ	4083
    81   000FD8                     status          equ	4056
    82   000FF5                     tablat          equ	4085
    83   000FF6                     tblptr          equ	4086
    84   000FF7                     tblptrh         equ	4087
    85   000FF6                     tblptrl         equ	4086
    86   000FF8                     tblptru         equ	4088
    87   000FFD                     tosl            equ	4093
    88   000FE8                     wreg            equ	4072
    89   000F80                     PORTA           equ	3968	;# 
    90   000F81                     PORTB           equ	3969	;# 
    91   000F82                     PORTC           equ	3970	;# 
    92   000F89                     LATA            equ	3977	;# 
    93   000F8A                     LATB            equ	3978	;# 
    94   000F8B                     LATC            equ	3979	;# 
    95   000F92                     TRISA           equ	3986	;# 
    96   000F92                     DDRA            equ	3986	;# 
    97   000F93                     TRISB           equ	3987	;# 
    98   000F93                     DDRB            equ	3987	;# 
    99   000F94                     TRISC           equ	3988	;# 
   100   000F94                     DDRC            equ	3988	;# 
   101   000F9D                     PIE1            equ	3997	;# 
   102   000F9E                     PIR1            equ	3998	;# 
   103   000F9F                     IPR1            equ	3999	;# 
   104   000FA0                     PIE2            equ	4000	;# 
   105   000FA1                     PIR2            equ	4001	;# 
   106   000FA2                     IPR2            equ	4002	;# 
   107   000FA6                     EECON1          equ	4006	;# 
   108   000FA7                     EECON2          equ	4007	;# 
   109   000FA8                     EEDATA          equ	4008	;# 
   110   000FA9                     EEADR           equ	4009	;# 
   111   000FAB                     RCSTA           equ	4011	;# 
   112   000FAB                     RCSTA1          equ	4011	;# 
   113   000FAC                     TXSTA           equ	4012	;# 
   114   000FAC                     TXSTA1          equ	4012	;# 
   115   000FAD                     TXREG           equ	4013	;# 
   116   000FAD                     TXREG1          equ	4013	;# 
   117   000FAE                     RCREG           equ	4014	;# 
   118   000FAE                     RCREG1          equ	4014	;# 
   119   000FAF                     SPBRG           equ	4015	;# 
   120   000FAF                     SPBRG1          equ	4015	;# 
   121   000FB1                     T3CON           equ	4017	;# 
   122   000FB2                     TMR3            equ	4018	;# 
   123   000FB2                     TMR3L           equ	4018	;# 
   124   000FB3                     TMR3H           equ	4019	;# 
   125   000FBA                     CCP2CON         equ	4026	;# 
   126   000FBB                     CCPR2           equ	4027	;# 
   127   000FBB                     CCPR2L          equ	4027	;# 
   128   000FBC                     CCPR2H          equ	4028	;# 
   129   000FBD                     CCP1CON         equ	4029	;# 
   130   000FBE                     CCPR1           equ	4030	;# 
   131   000FBE                     CCPR1L          equ	4030	;# 
   132   000FBF                     CCPR1H          equ	4031	;# 
   133   000FC1                     ADCON1          equ	4033	;# 
   134   000FC2                     ADCON0          equ	4034	;# 
   135   000FC3                     ADRES           equ	4035	;# 
   136   000FC3                     ADRESL          equ	4035	;# 
   137   000FC4                     ADRESH          equ	4036	;# 
   138   000FC5                     SSPCON2         equ	4037	;# 
   139   000FC6                     SSPCON1         equ	4038	;# 
   140   000FC7                     SSPSTAT         equ	4039	;# 
   141   000FC8                     SSPADD          equ	4040	;# 
   142   000FC9                     SSPBUF          equ	4041	;# 
   143   000FCA                     T2CON           equ	4042	;# 
   144   000FCB                     PR2             equ	4043	;# 
   145   000FCB                     MEMCON          equ	4043	;# 
   146   000FCC                     TMR2            equ	4044	;# 
   147   000FCD                     T1CON           equ	4045	;# 
   148   000FCE                     TMR1            equ	4046	;# 
   149   000FCE                     TMR1L           equ	4046	;# 
   150   000FCF                     TMR1H           equ	4047	;# 
   151   000FD0                     RCON            equ	4048	;# 
   152   000FD1                     WDTCON          equ	4049	;# 
   153   000FD2                     LVDCON          equ	4050	;# 
   154   000FD3                     OSCCON          equ	4051	;# 
   155   000FD5                     T0CON           equ	4053	;# 
   156   000FD6                     TMR0            equ	4054	;# 
   157   000FD6                     TMR0L           equ	4054	;# 
   158   000FD7                     TMR0H           equ	4055	;# 
   159   000FD8                     STATUS          equ	4056	;# 
   160   000FD9                     FSR2            equ	4057	;# 
   161   000FD9                     FSR2L           equ	4057	;# 
   162   000FDA                     FSR2H           equ	4058	;# 
   163   000FDB                     PLUSW2          equ	4059	;# 
   164   000FDC                     PREINC2         equ	4060	;# 
   165   000FDD                     POSTDEC2        equ	4061	;# 
   166   000FDE                     POSTINC2        equ	4062	;# 
   167   000FDF                     INDF2           equ	4063	;# 
   168   000FE0                     BSR             equ	4064	;# 
   169   000FE1                     FSR1            equ	4065	;# 
   170   000FE1                     FSR1L           equ	4065	;# 
   171   000FE2                     FSR1H           equ	4066	;# 
   172   000FE3                     PLUSW1          equ	4067	;# 
   173   000FE4                     PREINC1         equ	4068	;# 
   174   000FE5                     POSTDEC1        equ	4069	;# 
   175   000FE6                     POSTINC1        equ	4070	;# 
   176   000FE7                     INDF1           equ	4071	;# 
   177   000FE8                     WREG            equ	4072	;# 
   178   000FE9                     FSR0            equ	4073	;# 
   179   000FE9                     FSR0L           equ	4073	;# 
   180   000FEA                     FSR0H           equ	4074	;# 
   181   000FEB                     PLUSW0          equ	4075	;# 
   182   000FEC                     PREINC0         equ	4076	;# 
   183   000FED                     POSTDEC0        equ	4077	;# 
   184   000FEE                     POSTINC0        equ	4078	;# 
   185   000FEF                     INDF0           equ	4079	;# 
   186   000FF0                     INTCON3         equ	4080	;# 
   187   000FF1                     INTCON2         equ	4081	;# 
   188   000FF2                     INTCON          equ	4082	;# 
   189   000FF2                     INTCON1         equ	4082	;# 
   190   000FF3                     PROD            equ	4083	;# 
   191   000FF3                     PRODL           equ	4083	;# 
   192   000FF4                     PRODH           equ	4084	;# 
   193   000FF5                     TABLAT          equ	4085	;# 
   194   000FF6                     TBLPTR          equ	4086	;# 
   195   000FF6                     TBLPTRL         equ	4086	;# 
   196   000FF7                     TBLPTRH         equ	4087	;# 
   197   000FF8                     TBLPTRU         equ	4088	;# 
   198   000FF9                     PCLAT           equ	4089	;# 
   199   000FF9                     PC              equ	4089	;# 
   200   000FF9                     PCL             equ	4089	;# 
   201   000FFA                     PCLATH          equ	4090	;# 
   202   000FFB                     PCLATU          equ	4091	;# 
   203   000FFC                     STKPTR          equ	4092	;# 
   204   000FFD                     TOS             equ	4093	;# 
   205   000FFD                     TOSL            equ	4093	;# 
   206   000FFE                     TOSH            equ	4094	;# 
   207   000FFF                     TOSU            equ	4095	;# 
   208   000F8A                     _LATBbits       set	3978
   209   000FC7                     _SSPSTATbits    set	4039
   210   000FC9                     _SSPBUF         set	4041
   211   000F81                     _PORTBbits      set	3969
   212   000F93                     _TRISBbits      set	3987
   213   000FC7                     _SSPSTAT        set	4039
   214   000FC6                     _SSPCON1        set	4038
   215   000F94                     _TRISCbits      set	3988
   216                           
   217                           ; #config settings
   218                           
   219                           	psect	cinit
   220   000688                     __pcinit:
   221                           	callstack 0
   222   000688                     start_initialization:
   223                           	callstack 0
   224   000688                     __initialization:
   225                           	callstack 0
   226   000688                     end_of_initialization:
   227                           	callstack 0
   228   000688                     __end_of__initialization:
   229                           	callstack 0
   230   000688  0100               	movlb	0
   231   00068A  EF01  F003         	goto	_main	;jump to C main() function
   232                           
   233                           	psect	cstackCOMRAM
   234   000001                     __pcstackCOMRAM:
   235                           	callstack 0
   236   000001                     ??_main:
   237                           
   238                           ; 1 bytes @ 0x0
   239   000001                     	ds	1
   240   000002                     main@receivedData:
   241                           	callstack 0
   242                           
   243                           ; 1 bytes @ 0x1
   244   000002                     	ds	1
   245   000003                     main@sendData:
   246                           	callstack 0
   247                           
   248                           ; 1 bytes @ 0x2
   249   000003                     	ds	1
   250                           
   251 ;;
   252 ;;Main: autosize = 0, tempsize = 1, incstack = 0, save=0
   253 ;;
   254 ;; *************** function _main *****************
   255 ;; Defined at:
   256 ;;		line 21 in file "newmainSlave.c"
   257 ;; Parameters:    Size  Location     Type
   258 ;;		None
   259 ;; Auto vars:     Size  Location     Type
   260 ;;  sendData        1    2[COMRAM] unsigned char 
   261 ;;  receivedData    1    1[COMRAM] unsigned char 
   262 ;; Return value:  Size  Location     Type
   263 ;;                  1    wreg      void 
   264 ;; Registers used:
   265 ;;		wreg, status,2, status,0, cstack
   266 ;; Tracked objects:
   267 ;;		On entry : 0/0
   268 ;;		On exit  : 0/0
   269 ;;		Unchanged: 0/0
   270 ;; Data sizes:     COMRAM   BANK0   BANK1   BANK2   BANK3   BANK4   BANK5
   271 ;;      Params:         0       0       0       0       0       0       0
   272 ;;      Locals:         2       0       0       0       0       0       0
   273 ;;      Temps:          1       0       0       0       0       0       0
   274 ;;      Totals:         3       0       0       0       0       0       0
   275 ;;Total ram usage:        3 bytes
   276 ;; Hardware stack levels required when called: 1
   277 ;; This function calls:
   278 ;;		_SPI_Init_Slave
   279 ;; This function is called by:
   280 ;;		Startup code after reset
   281 ;; This function uses a non-reentrant model
   282 ;;
   283                           
   284                           	psect	text0
   285   000602                     __ptext0:
   286                           	callstack 0
   287   000602                     _main:
   288                           	callstack 30
   289   000602  FFFF               	dw	65535	; assembler added errata NOP
   290                           
   291                           ;newmainSlave.c: 22: 
   292   000604  EC3B  F003         	call	_SPI_Init_Slave	;wreg free
   293   000608                     
   294                           ;newmainSlave.c: 23: 
   295   000608  8093               	bsf	147,0,c	;volatile
   296   00060A                     
   297                           ;newmainSlave.c: 24:             while (!SSPSTATbits.BF);
   298   00060A  9E93               	bcf	147,7,c	;volatile
   299   00060C                     
   300                           ;newmainSlave.c: 26:             receivedData = SSPBUF;;newmainSlave.c: 27: 
   301   00060C  0EAA               	movlw	170
   302   00060E  6E03               	movwf	main@sendData^0,c
   303   000610                     l721:
   304   000610  FFFF               	dw	65535	; assembler added errata NOP
   305                           
   306                           ;newmainSlave.c: 30: 
   307   000612  B081               	btfsc	129,0,c	;volatile
   308   000614  EF0E  F003         	goto	u11
   309   000618  EF11  F003         	goto	u10
   310   00061C                     u11:
   311   00061C  FFFF               	dw	65535	; assembler added errata NOP
   312   00061E  EF08  F003         	goto	l721
   313   000622                     u10:
   314   000622  FFFF               	dw	65535	; assembler added errata NOP
   315   000624                     
   316                           ;newmainSlave.c: 31: 
   317   000624  C003  FFC9         	movff	main@sendData,4041	;volatile
   318   000628                     l26:
   319   000628  FFFF               	dw	65535	; assembler added errata NOP
   320   00062A  A0C7               	btfss	199,0,c	;volatile
   321   00062C  EF1A  F003         	goto	u21
   322   000630  EF1D  F003         	goto	u20
   323   000634                     u21:
   324   000634  FFFF               	dw	65535	; assembler added errata NOP
   325   000636  EF14  F003         	goto	l26
   326   00063A                     u20:
   327   00063A  FFFF               	dw	65535	; assembler added errata NOP
   328   00063C  CFC9 F002          	movff	4041,main@receivedData	;volatile
   329   000640  2802               	incf	main@receivedData^0,w,c
   330   000642  6E03               	movwf	main@sendData^0,c
   331   000644  BE8A               	btfsc	138,7,c	;volatile
   332   000646  EF27  F003         	goto	u31
   333   00064A  EF2B  F003         	goto	u30
   334   00064E                     u31:
   335   00064E  FFFF               	dw	65535	; assembler added errata NOP
   336   000650  0E01               	movlw	1
   337   000652  EF2D  F003         	goto	u36
   338   000656                     u30:
   339   000656  FFFF               	dw	65535	; assembler added errata NOP
   340   000658  0E00               	movlw	0
   341   00065A                     u36:
   342   00065A  FFFF               	dw	65535	; assembler added errata NOP
   343   00065C  0AFF               	xorlw	255
   344   00065E  6E01               	movwf	??_main^0,c
   345   000660  3201               	rrcf	??_main^0,f,c
   346   000662  3201               	rrcf	??_main^0,f,c
   347   000664  508A               	movf	138,w,c	;volatile
   348   000666  1801               	xorwf	??_main^0,w,c
   349   000668  0B7F               	andlw	-129
   350   00066A  1801               	xorwf	??_main^0,w,c
   351   00066C  6E8A               	movwf	138,c	;volatile
   352   00066E  EF08  F003         	goto	l721
   353   000672  EF01  F000         	goto	start
   354   000676                     __end_of_main:
   355                           	callstack 0
   356                           
   357 ;; *************** function _SPI_Init_Slave *****************
   358 ;; Defined at:
   359 ;;		line 13 in file "newmainSlave.c"
   360 ;; Parameters:    Size  Location     Type
   361 ;;		None
   362 ;; Auto vars:     Size  Location     Type
   363 ;;		None
   364 ;; Return value:  Size  Location     Type
   365 ;;                  1    wreg      void 
   366 ;; Registers used:
   367 ;;		wreg, status,2
   368 ;; Tracked objects:
   369 ;;		On entry : 0/0
   370 ;;		On exit  : 0/0
   371 ;;		Unchanged: 0/0
   372 ;; Data sizes:     COMRAM   BANK0   BANK1   BANK2   BANK3   BANK4   BANK5
   373 ;;      Params:         0       0       0       0       0       0       0
   374 ;;      Locals:         0       0       0       0       0       0       0
   375 ;;      Temps:          0       0       0       0       0       0       0
   376 ;;      Totals:         0       0       0       0       0       0       0
   377 ;;Total ram usage:        0 bytes
   378 ;; Hardware stack levels used: 1
   379 ;; This function calls:
   380 ;;		Nothing
   381 ;; This function is called by:
   382 ;;		_main
   383 ;; This function uses a non-reentrant model
   384 ;;
   385                           
   386                           	psect	text1
   387   000676                     __ptext1:
   388                           	callstack 0
   389   000676                     _SPI_Init_Slave:
   390                           	callstack 0
   391   000676  FFFF               	dw	65535	; assembler added errata NOP
   392   000678                     
   393                           ;newmainSlave.c: 14:     TRISBbits.TRISB7 = 0;
   394   000678  8694               	bsf	148,3,c	;volatile
   395                           
   396                           ;newmainSlave.c: 15: 
   397   00067A  8894               	bsf	148,4,c	;volatile
   398                           
   399                           ;newmainSlave.c: 16:     unsigned char receivedData;
   400   00067C  9A94               	bcf	148,5,c	;volatile
   401   00067E                     
   402                           ;newmainSlave.c: 17:     unsigned char sendData = 0xAA;
   403   00067E  0E24               	movlw	36
   404   000680  6EC6               	movwf	198,c	;volatile
   405   000682                     
   406                           ;newmainSlave.c: 18: 
   407   000682  6AC7               	clrf	199,c	;volatile
   408   000684  0012               	return		;funcret
   409   000686  FFFF               	dw	65535	; errata NOP
   410   000688                     __end_of_SPI_Init_Slave:
   411                           	callstack 0
   412                           
   413                           	psect	smallconst
   414   000600                     __psmallconst:
   415                           	callstack 0
   416   000600  00                 	db	0
   417   000601  00                 	db	0	; dummy byte at the end
   418   000000                     __activetblptr  equ	0
   419                           
   420                           	psect	rparam
   421   000001                     ___rparam_used  equ	1
   422   000000                     ___param_bank   equ	0
   423   000000                     __Lparam        equ	__Lrparam
   424   000000                     __Hparam        equ	__Hrparam
   425                           
   426                           	psect	config
   427                           
   428                           ; Padding undefined space
   429   300000                     	org	3145728
   430   300000  FF                 	db	255
   431                           
   432                           ;Config register CONFIG1H @ 0x300001
   433                           ;	Oscillator Selection bits
   434                           ;	OSC = HS, HS oscillator
   435                           ;	Oscillator System Clock Switch Enable bit
   436                           ;	OSCS = 0x1, unprogrammed default
   437   300001                     	org	3145729
   438   300001  22                 	db	34
   439                           
   440                           ;Config register CONFIG2L @ 0x300002
   441                           ;	Power-up Timer Enable bit
   442                           ;	PWRT = ON, PWRT enabled
   443                           ;	Brown-out Reset Enable bit
   444                           ;	BOR = ON, Brown-out Reset enabled
   445                           ;	Brown-out Reset Voltage bits
   446                           ;	BORV = 0x3, unprogrammed default
   447   300002                     	org	3145730
   448   300002  0E                 	db	14
   449                           
   450                           ;Config register CONFIG2H @ 0x300003
   451                           ;	Watchdog Timer Enable bit
   452                           ;	WDT = OFF, WDT disabled (control is placed on the SWDTEN bit)
   453                           ;	Watchdog Timer Postscale Select bits
   454                           ;	WDTPS = 0x7, unprogrammed default
   455   300003                     	org	3145731
   456   300003  0E                 	db	14
   457                           
   458                           ;Config register CONFIG4L @ 0x300006
   459                           ;	Stack Full/Underflow Reset Enable bit
   460                           ;	STVR = 0x1, unprogrammed default
   461                           ;	Low Voltage ICSP Enable bit
   462                           ;	LVP = OFF, Low Voltage ICSP disabled
   463                           ;	Background Debugger Enable bit
   464                           ;	DEBUG = 0x1, unprogrammed default
   465   300006                     	org	3145734
   466   300006  81                 	db	129
   467                           
   468                           ; Padding undefined space
   469   300007                     	org	3145735
   470   300007  FF                 	db	255
   471                           tosu	equ	0xFFF
   472                           tosh	equ	0xFFE
   473                           tosl	equ	0xFFD
   474                           stkptr	equ	0xFFC
   475                           pclatu	equ	0xFFB
   476                           pclath	equ	0xFFA
   477                           pcl	equ	0xFF9
   478                           tblptru	equ	0xFF8
   479                           tblptrh	equ	0xFF7
   480                           tblptrl	equ	0xFF6
   481                           tablat	equ	0xFF5
   482                           prodh	equ	0xFF4
   483                           prodl	equ	0xFF3
   484                           indf0	equ	0xFEF
   485                           postinc0	equ	0xFEE
   486                           postdec0	equ	0xFED
   487                           preinc0	equ	0xFEC
   488                           plusw0	equ	0xFEB
   489                           fsr0h	equ	0xFEA
   490                           fsr0l	equ	0xFE9
   491                           wreg	equ	0xFE8
   492                           indf1	equ	0xFE7
   493                           postinc1	equ	0xFE6
   494                           postdec1	equ	0xFE5
   495                           preinc1	equ	0xFE4
   496                           plusw1	equ	0xFE3
   497                           fsr1h	equ	0xFE2
   498                           fsr1l	equ	0xFE1
   499                           bsr	equ	0xFE0
   500                           indf2	equ	0xFDF
   501                           postinc2	equ	0xFDE
   502                           postdec2	equ	0xFDD
   503                           preinc2	equ	0xFDC
   504                           plusw2	equ	0xFDB
   505                           fsr2h	equ	0xFDA
   506                           fsr2l	equ	0xFD9
   507                           status	equ	0xFD8

Data Sizes:
    Strings     0
    Constant    0
    Data        0
    BSS         0
    Persistent  0
    Stack       0

Auto Spaces:
    Space          Size  Autos    Used
    COMRAM          127      3       3
    BANK0           128      0       0
    BANK1           256      0       0
    BANK2           256      0       0
    BANK3           256      0       0
    BANK4           256      0       0
    BANK5           256      0       0

Pointer List with Targets:

    None.

Critical Paths under _main in COMRAM

    None.

Critical Paths under _main in BANK0

    None.

Critical Paths under _main in BANK1

    None.

Critical Paths under _main in BANK2

    None.

Critical Paths under _main in BANK3

    None.

Critical Paths under _main in BANK4

    None.

Critical Paths under _main in BANK5

    None.

Call Graph Tables:

 ---------------------------------------------------------------------------------
 (Depth) Function   	        Calls       Base Space   Used Autos Params    Refs
 ---------------------------------------------------------------------------------
 (0) _main                                                 3     3      0      30
                                              0 COMRAM     3     3      0
                     _SPI_Init_Slave
 ---------------------------------------------------------------------------------
 (1) _SPI_Init_Slave                                       0     0      0       0
 ---------------------------------------------------------------------------------
 Estimated maximum stack depth 1
 ---------------------------------------------------------------------------------

 Call Graph Graphs:

 _main (ROOT)
   _SPI_Init_Slave

Address spaces:
Name               Size   Autos  Total    Usage
BITCOMRAM          127      0       0      0.0%
BITBANK0           128      0       0      0.0%
BITBANK1           256      0       0      0.0%
BITBANK2           256      0       0      0.0%
BITBANK3           256      0       0      0.0%
BITBANK4           256      0       0      0.0%
BITBANK5           256      0       0      0.0%
BITBIGSFRh         126      0       0      0.0%
BITBIGSFRl           1      0       0      0.0%
COMRAM             127      3       3      2.4%
BANK0              128      0       0      0.0%
BANK1              256      0       0      0.0%
BANK2              256      0       0      0.0%
BANK3              256      0       0      0.0%
BANK4              256      0       0      0.0%
BANK5              256      0       0      0.0%
BIGRAM            1535      0       0      0.0%
STACK                0      0       0      0.0%
DATA                 0      0       3      0.0%


Microchip Technology PIC18 Macro Assembler V2.50 build 20240725155939 
Symbol Table                                                                                   Fri Mar 21 14:56:47 2025

                                         _SSPSTATbits 0FC7                                                    l26 0628  
                                                  l19 0684                                                    l28 063C  
                                                  u10 0622                                                    u11 061C  
                                                  u20 063A                                                    u21 0634  
                                                  u30 0656                                                    u31 064E  
                                                  u36 065A                                                   l711 0682  
                                                 l721 0610                                                   l713 0602  
                                                 l707 0678                                                   l723 0624  
                                                 l715 0608                                                   l709 067E  
                                                 l725 0640                                                   l717 060A  
                                                 l719 060C                                                  _main 0602  
                              __end_of_SPI_Init_Slave 0688                                                  start 0002  
                                        ___param_bank 0000                                                 ?_main 0001  
                                        main@sendData 0003                                       ?_SPI_Init_Slave 0001  
                                     __initialization 0688                                          __end_of_main 0676  
                                              ??_main 0001                                         __activetblptr 0000  
                                              _SSPBUF 0FC9                                                isa$std 0001  
                                        __mediumconst 0000                                            __accesstop 0080  
                             __end_of__initialization 0688                                         ___rparam_used 0001  
                                      __pcstackCOMRAM 0001                                      ??_SPI_Init_Slave 0001  
                                             _SSPCON1 0FC6                                               _SSPSTAT 0FC7  
                                             __Hparam 0000                                               __Lparam 0000  
                                        __psmallconst 0600                                               __pcinit 0688  
                                             __ramtop 0600                                               __ptext0 0602  
                                             __ptext1 0676                                  end_of_initialization 0688  
                                           _PORTBbits 0F81                                             _TRISBbits 0F93  
                                           _TRISCbits 0F94                                   start_initialization 0688  
                                    main@receivedData 0002                                           __smallconst 0600  
                                            _LATBbits 0F8A                                              __Hrparam 0000  
                                            __Lrparam 0000                                              isa$xinst 0000  
                                      _SPI_Init_Slave 0676  
