Microchip MPLAB XC8 Compiler V2.50

Linker command line:

-W-3 \
  --edf=C:\Program Files\Microchip\xc8\v2.50\pic\dat\20240725155939_en.msgs \
  -cn -h+dist/default/debug\SPI_config2.X.debug.sym \
  --cmf=dist/default/debug\SPI_config2.X.debug.cmf -z -Q18F252 \
  -oC:\Users\DEROUI~1\AppData\Local\Temp\xcAs2bs.\driver_tmp_3.o \
  --defsym=__MPLAB_BUILD=1 --fixupoverflow=error \
  -Mdist/default/debug/SPI_config2.X.debug.map \
  --md=C:\Users\DEROUI~1\AppData\Local\Temp\xcAs2bs.\driver_tmp_0.dat -E1 \
  -ver=XC8 Compiler --acfsm=1493 -ACODE=00h-03FFFhx2 -ACONST=00h-07FFFh \
  -ASMALLCONST=0600h-06FFhx122 -AMEDIUMCONST=0600h-07FFFh -ACOMRAM=01h-07Fh \
  -AABS1=00h-05FFh -ABIGRAM=01h-05FFh -ARAM=080h-0FFh,0100h-01FFhx5 \
  -ABANK0=080h-0FFh -ABANK1=0100h-01FFh -ABANK2=0200h-02FFh \
  -ABANK3=0300h-03FFh -ABANK4=0400h-04FFh -ABANK5=0500h-05FFh \
  -ASFR=0F80h-0FFFh -ABIGSFR=0F80h-0FFFh -ACONFIG=0300000h-030000Dh \
  -AIDLOC=0200000h-0200007h -AEEDATA=0F00000h-0F000FFh -peeprom_data=EEDATA \
  -preset_vec=00h,intcode,sivt_hi,intcodelo,sivt_lo,powerup,init \
  -pramtop=0600h -psmallconst=SMALLCONST -pmediumconst=MEDIUMCONST \
  -pconst=CONST -AFARRAM=00h-00h \
  -prdata=COMRAM,nvrram=COMRAM,nvbit=COMRAM,rbss=COMRAM,rbit=COMRAM \
  -pfarbss=FARRAM,fardata=FARRAM,nvFARRAM=FARRAM \
  -pintsave_regs=BIGRAM,bigbss=BIGRAM,bigdata=BIGRAM -pbss=RAM \
  -pidata=CODE,irdata=CODE,ibigdata=CODE,ifardata=CODE -prparam=COMRAM \
  C:\Users\DEROUI~1\AppData\Local\Temp\xcAs2bs.\driver_tmp_9.o \
  dist/default/debug\SPI_config2.X.debug.o 

Object code version is 3.11

Machine type is 18F252



                Name                               Link     Load   Length Selector   Space Scale
C:\Users\DEROUI~1\AppData\Local\Temp\xcAs2bs.\driver_tmp_9.o
                config                           300000   300000        E        0       4
                text                                64A      64A        2      301       0
                init                                  2        2        4        0       0
                reset_vec                             0        0        2        0       0
dist/default/debug\SPI_config2.X.debug.o
                config                           300000   300000        E        0       4
                smallconst                          600      600        2      300       0
                text1                               602      602       2C      301       0
                text0                               62E      62E       14      301       0
                bssCOMRAM                             1        1        1        1       1
                cinit                               642      642        8      301       0

TOTAL           Name                               Link     Load   Length     Space
        CLASS   CODE           
                text                                64A      64A        2         0
                init                                  2        2        4         0
                reset_vec                             0        0        2         0
                text1                               602      602       2C         0
                text0                               62E      62E       14         0
                cinit                               642      642        8         0

        CLASS   CONST          

        CLASS   SMALLCONST     
                smallconst                          600      600        2         0

        CLASS   MEDIUMCONST    

        CLASS   COMRAM         
                bssCOMRAM                             1        1        1         1

        CLASS   ABS1           

        CLASS   BIGRAM         

        CLASS   RAM            

        CLASS   BANK0          

        CLASS   BANK1          

        CLASS   BANK2          

        CLASS   BANK3          

        CLASS   BANK4          

        CLASS   BANK5          

        CLASS   SFR            

        CLASS   BIGSFR         

        CLASS   CONFIG         
                config                           300000   300000        E         4

        CLASS   IDLOC          

        CLASS   EEDATA         

        CLASS   FARRAM         

        CLASS   HEAP           

        CLASS   STACK          



SEGMENTS        Name                           Load    Length   Top    Selector   Space  Class

                reset_vec                      000000  000006  000006         0       0  CODE    
                bssCOMRAM                      000001  000001  000002         1       1  COMRAM  
                smallconst                     000600  000002  000602       300       0  SMALLCON
                text1                          000602  00004A  00064C       301       0  CODE    


UNUSED ADDRESS RANGES

        Name                Unused          Largest block    Delta
        BANK0            000080-0000FF               80
        BANK1            000100-0001FF              100
        BANK2            000200-0002FF              100
        BANK3            000300-0003FF              100
        BANK4            000400-0004FF              100
        BANK5            000500-0005FF              100
        BIGRAM           000002-0005FF              5FE
        BIGSFR           000F80-000FFF               80
        CODE             000006-0005FF              5FA
                         00064C-007FFF             39B4
        COMRAM           000002-00007F               7E
        CONST            000006-0005FF              5FA
                         00064C-007FFF             79B4
        EEDATA           F00000-F000FF              100
        IDLOC            200000-200007                8
        MEDIUMCONST      00064C-007FFF             79B4
        RAM              000080-0005FF              100
        SFR              000F80-000FFF               80
        SMALLCONST       00064C-007FFF              100

                                  Symbol Table

_BF                                                                         (abs)        007E38
_CKE                                                                        (abs)        007E3E
_CKP                                                                        (abs)        007E34
_Data                                                                       bssCOMRAM    000001
_GIE                                                                        (abs)        007F97
_PCFG0                                                                      (abs)        007E08
_PCFG1                                                                      (abs)        007E09
_PCFG2                                                                      (abs)        007E0A
_PCFG3                                                                      (abs)        007E0B
_PEIE                                                                       (abs)        007F96
_PORTB                                                                      (abs)        000F81
_SMP                                                                        (abs)        007E3F
_SPI_Slave_Init                                                             text1        000602
_SSPBUF                                                                     (abs)        000FC9
_SSPEN                                                                      (abs)        007E35
_SSPIE                                                                      (abs)        007CEB
_SSPIF                                                                      (abs)        007CF3
_SSPM0                                                                      (abs)        007E30
_SSPM1                                                                      (abs)        007E31
_SSPM2                                                                      (abs)        007E32
_SSPM3                                                                      (abs)        007E33
_SSPOV                                                                      (abs)        007E36
_TRISA5                                                                     (abs)        007C95
_TRISB                                                                      (abs)        000F93
_TRISC3                                                                     (abs)        007CA3
_TRISC4                                                                     (abs)        007CA4
_TRISC5                                                                     (abs)        007CA5
__HRAM                                                                      (abs)        000000
__H__absolute__                                                             __absolute__ 000000
__Habs1                                                                     abs1         000000
__Hbank0                                                                    bank0        000000
__Hbank1                                                                    bank1        000000
__Hbank2                                                                    bank2        000000
__Hbank3                                                                    bank3        000000
__Hbank4                                                                    bank4        000000
__Hbank5                                                                    bank5        000000
__Hbigbss                                                                   bigbss       000000
__Hbigdata                                                                  bigdata      000000
__Hbigram                                                                   bigram       000000
__Hbigsfr                                                                   bigsfr       000000
__Hbss                                                                      bss          000000
__HbssCOMRAM                                                                bssCOMRAM    000000
__Hcinit                                                                    cinit        000000
__Hclrtext                                                                  clrtext      000000
__Hcomram                                                                   comram       000000
__Hconfig                                                                   config       30000E
__Hconst                                                                    const        000000
__HcstackCOMRAM                                                             cstackCOMRAM 000000
__Hdata                                                                     data         000000
__Heeprom_data                                                              eeprom_data  000000
__Hfarbss                                                                   farbss       000000
__Hfardata                                                                  fardata      000000
__Hheap                                                                     heap         000000
__Hibigdata                                                                 ibigdata     000000
__Hidata                                                                    idata        000000
__Hidloc                                                                    idloc        000000
__Hifardata                                                                 ifardata     000000
__Hinit                                                                     init         000006
__Hintcode                                                                  intcode      000002
__Hintcode_body                                                             intcode_body 000000
__Hintcodelo                                                                intcodelo    000002
__Hintentry                                                                 intentry     000000
__Hintret                                                                   intret       000000
__Hintsave_regs                                                             intsave_regs 000000
__Hirdata                                                                   irdata       000000
__Hmediumconst                                                              mediumconst  000000
__HnvFARRAM                                                                 nvFARRAM     000000
__Hnvbit                                                                    nvbit        000000
__Hnvrram                                                                   nvrram       000000
__Hparam                                                                    rparam       000000
__Hpowerup                                                                  powerup      000002
__Hram                                                                      ram          000000
__Hramtop                                                                   ramtop       000600
__Hrbit                                                                     rbit         000000
__Hrbss                                                                     rbss         000000
__Hrdata                                                                    rdata        000000
__Hreset_vec                                                                reset_vec    000002
__Hrparam                                                                   rparam       000000
__Hsfr                                                                      sfr          000000
__Hsivt_hi                                                                  sivt_hi      000002
__Hsivt_lo                                                                  sivt_lo      000002
__Hsmallconst                                                               smallconst   000602
__Hspace_0                                                                  (abs)        00064C
__Hspace_1                                                                  (abs)        000002
__Hspace_2                                                                  (abs)        000000
__Hspace_4                                                                  (abs)        60000E
__Hstack                                                                    stack        000000
__Hstruct                                                                   struct       000000
__Htemp                                                                     temp         000000
__Htext                                                                     text         000000
__Htext0                                                                    text0        000000
__Htext1                                                                    text1        000000
__LRAM                                                                      (abs)        000001
__L__absolute__                                                             __absolute__ 000000
__Labs1                                                                     abs1         000000
__Lbank0                                                                    bank0        000000
__Lbank1                                                                    bank1        000000
__Lbank2                                                                    bank2        000000
__Lbank3                                                                    bank3        000000
__Lbank4                                                                    bank4        000000
__Lbank5                                                                    bank5        000000
__Lbigbss                                                                   bigbss       000000
__Lbigdata                                                                  bigdata      000000
__Lbigram                                                                   bigram       000000
__Lbigsfr                                                                   bigsfr       000000
__Lbss                                                                      bss          000000
__LbssCOMRAM                                                                bssCOMRAM    000000
__Lcinit                                                                    cinit        000000
__Lclrtext                                                                  clrtext      000000
__Lcomram                                                                   comram       000000
__Lconfig                                                                   config       000000
__Lconst                                                                    const        000000
__LcstackCOMRAM                                                             cstackCOMRAM 000000
__Ldata                                                                     data         000000
__Leeprom_data                                                              eeprom_data  000000
__Lfarbss                                                                   farbss       000000
__Lfardata                                                                  fardata      000000
__Lheap                                                                     heap         000000
__Libigdata                                                                 ibigdata     000000
__Lidata                                                                    idata        000000
__Lidloc                                                                    idloc        000000
__Lifardata                                                                 ifardata     000000
__Linit                                                                     init         000002
__Lintcode                                                                  intcode      000002
__Lintcode_body                                                             intcode_body 000000
__Lintcodelo                                                                intcodelo    000002
__Lintentry                                                                 intentry     000000
__Lintret                                                                   intret       000000
__Lintsave_regs                                                             intsave_regs 000000
__Lirdata                                                                   irdata       000000
__Lmediumconst                                                              mediumconst  000000
__LnvFARRAM                                                                 nvFARRAM     000000
__Lnvbit                                                                    nvbit        000000
__Lnvrram                                                                   nvrram       000000
__Lparam                                                                    rparam       000000
__Lpowerup                                                                  powerup      000002
__Lram                                                                      ram          000000
__Lramtop                                                                   ramtop       000600
__Lrbit                                                                     rbit         000000
__Lrbss                                                                     rbss         000000
__Lrdata                                                                    rdata        000000
__Lreset_vec                                                                reset_vec    000000
__Lrparam                                                                   rparam       000000
__Lsfr                                                                      sfr          000000
__Lsivt_hi                                                                  sivt_hi      000002
__Lsivt_lo                                                                  sivt_lo      000002
__Lsmallconst                                                               smallconst   000600
__Lspace_0                                                                  (abs)        000000
__Lspace_1                                                                  (abs)        000000
__Lspace_2                                                                  (abs)        000000
__Lspace_4                                                                  (abs)        000000
__Lstack                                                                    stack        000000
__Lstruct                                                                   struct       000000
__Ltemp                                                                     temp         000000
__Ltext                                                                     text         000000
__Ltext0                                                                    text0        000000
__Ltext1                                                                    text1        000000
__S0                                                                        (abs)        00064C
__S1                                                                        (abs)        000002
__S4                                                                        (abs)        000000
__S5                                                                        (abs)        000000
___heap_hi                                                                  (abs)        000000
___heap_lo                                                                  (abs)        000000
___inthi_sp                                                                 stack        000000
___inthi_stack_hi                                                           stack        000000
___inthi_stack_lo                                                           stack        000000
___intlo_sp                                                                 stack        000000
___intlo_stack_hi                                                           stack        000000
___intlo_stack_lo                                                           stack        000000
___param_bank                                                               (abs)        000000
___rparam_used                                                              (abs)        000001
___sp                                                                       stack        000000
___stack_hi                                                                 stack        000000
___stack_lo                                                                 stack        000000
__accesstop                                                                 (abs)        000080
__activetblptr                                                              (abs)        000000
__cntErrataNOP_C:\Users\DEROUI~1\AppData\Local\Temp\xcAs2bs.\driver_tmp_9.o (abs)        000001
__cntErrataNOP_dist/default/debug\SPI_config2.X.debug.o                     (abs)        000003
__end_of_SPI_Slave_Init                                                     text1        00062E
__end_of__initialization                                                    cinit        000644
__end_of_main                                                               text0        000642
__initialization                                                            cinit        000642
__mediumconst                                                               mediumconst  000000
__pbssCOMRAM                                                                bssCOMRAM    000001
__pcinit                                                                    cinit        000642
__pcstackCOMRAM                                                             cstackCOMRAM 000000
__psmallconst                                                               smallconst   000600
__ptext0                                                                    text0        00062E
__ptext1                                                                    text1        000602
__ramtop                                                                    ramtop       000600
__smallconst                                                                smallconst   000600
_main                                                                       text0        00062E
end_of_initialization                                                       cinit        000644
intlevel0                                                                   text         00064A
intlevel1                                                                   text         00064A
intlevel2                                                                   text         00064A
intlevel3                                                                   text         00064A
isa$std                                                                     (abs)        000001
isa$xinst                                                                   (abs)        000000
stackhi                                                                     (abs)        000000
stacklo                                                                     (abs)        000000
start                                                                       init         000002
start_initialization                                                        cinit        000642


MODULE INFORMATION

Module		Function		Class		Link	Load	Size
newmain.c
		_main          		CODE           	062E	0000	20
		_SPI_Slave_Init		CODE           	0602	0000	44

newmain.c estimated size: 64

shared
		__initialization		CODE           	0642	0000	2

shared estimated size: 2

