

Microchip MPLAB XC8 Assembler V2.50 build 20240725155939 
                                                                                               Sat Mar 29 15:08:17 2025

Microchip MPLAB XC8 C Compiler v2.50 (Free license) build 20240725155939 Og1 
     1                           	processor	18F252
     2                           	fnconf	rparam,??,?,0
     3                           	pagewidth 120
     4                           	opt	flic
     5                           	psect	idataCOMRAM,global,class=CODE,space=0,delta=1,noexec
     6                           	psect	cinit,global,reloc=2,class=CODE,space=0,delta=1
     7                           	psect	dataCOMRAM,global,class=COMRAM,space=1,delta=1,lowdata,noexec
     8                           	psect	cstackCOMRAM,global,class=COMRAM,space=1,delta=1,lowdata,noexec
     9                           	psect	text0,global,reloc=2,class=CODE,space=0,delta=1
    10                           	psect	text1,global,reloc=2,class=CODE,space=0,delta=1
    11                           	psect	text2,global,reloc=2,class=CODE,space=0,delta=1
    12                           	psect	text3,global,reloc=2,class=CODE,space=0,delta=1
    13                           	psect	text4,global,reloc=2,class=CODE,space=0,delta=1
    14                           	psect	text5,global,reloc=2,class=CODE,space=0,delta=1
    15                           	psect	smallconst,global,reloc=2,class=SMALLCONST,space=0,delta=1,noexec
    16                           	psect	intsave_regs,global,class=BIGRAM,space=1,delta=1,noexec
    17                           	psect	rparam,global,class=COMRAM,space=1,delta=1,noexec
    18                           	psect	config,global,abs,ovrld,class=CONFIG,space=4,delta=1,noexec
    19   000000                     
    20                           ; Generated 17/10/2023 GMT
    21                           ; 
    22                           ; Copyright © 2023, Microchip Technology Inc. and its subsidiaries ("Microchip")
    23                           ; All rights reserved.
    24                           ; 
    25                           ; This software is developed by Microchip Technology Inc. and its subsidiaries ("Microch
      +                          ip").
    26                           ; 
    27                           ; Redistribution and use in source and binary forms, with or without modification, are
    28                           ; permitted provided that the following conditions are met:
    29                           ; 
    30                           ;     1. Redistributions of source code must retain the above copyright notice, this lis
      +                          t of
    31                           ;        conditions and the following disclaimer.
    32                           ; 
    33                           ;     2. Redistributions in binary form must reproduce the above copyright notice, this 
      +                          list
    34                           ;        of conditions and the following disclaimer in the documentation and/or other
    35                           ;        materials provided with the distribution. Publication is not required when
    36                           ;        this file is used in an embedded application.
    37                           ; 
    38                           ;     3. Microchip's name may not be used to endorse or promote products derived from th
      +                          is
    39                           ;        software without specific prior written permission.
    40                           ; 
    41                           ; THIS SOFTWARE IS PROVIDED BY MICROCHIP "AS IS" AND ANY EXPRESS OR IMPLIED WARRANTIES,
    42                           ; INCLUDING, BUT NOT LIMITED TO, THE IMPLIED WARRANTIES OF MERCHANTABILITY AND FITNESS F
      +                          OR
    43                           ; PURPOSE ARE DISCLAIMED.  IN NO EVENT SHALL MICROCHIP BE LIABLE FOR ANY DIRECT, INDIREC
      +                          T,
    44                           ; INCIDENTAL, SPECIAL, EXEMPLARY, OR CONSEQUENTIAL DAMAGES (INCLUDING BUT NOT LIMITED TO
    45                           ; PROCUREMENT OF SUBSTITUTE GOODS OR SERVICES; LOSS OF USE, DATA OR PROFITS; OR BUSINESS
    46                           ; INTERRUPTION) HOWSOEVER CAUSED AND ON ANY THEORY OF LIABILITY, WHETHER IN CONTRACT, ST
      +                          RICT
    47                           ; LIABILITY, OR TORT (INCLUDING NEGLIGENCE OR OTHERWISE) ARISING IN ANY WAY OUT OF THE U
      +                          SE OF
    48                           ; THIS SOFTWARE, EVEN IF ADVISED OF THE POSSIBILITY OF SUCH DAMAGE.
    49                           ; 
    50                           ; 
    51                           ; Code-generator required, PIC18F252 Definitions
    52                           ; 
    53                           ; SFR Addresses
    54   000FE0                     bsr             equ	4064
    55   000FE9                     fsr0            equ	4073
    56   000FEA                     fsr0h           equ	4074
    57   000FE9                     fsr0l           equ	4073
    58   000FE1                     fsr1            equ	4065
    59   000FE2                     fsr1h           equ	4066
    60   000FE1                     fsr1l           equ	4065
    61   000FD9                     fsr2            equ	4057
    62   000FDA                     fsr2h           equ	4058
    63   000FD9                     fsr2l           equ	4057
    64   000FEF                     indf0           equ	4079
    65   000FE7                     indf1           equ	4071
    66   000FDF                     indf2           equ	4063
    67   000FF2                     intcon          equ	4082
    68   000000                     nvmcon          equ	0
    69   000FF9                     pcl             equ	4089
    70   000FFA                     pclath          equ	4090
    71   000FFB                     pclatu          equ	4091
    72   000FEB                     plusw0          equ	4075
    73   000FE3                     plusw1          equ	4067
    74   000FDB                     plusw2          equ	4059
    75   000FED                     postdec0        equ	4077
    76   000FE5                     postdec1        equ	4069
    77   000FDD                     postdec2        equ	4061
    78   000FEE                     postinc0        equ	4078
    79   000FE6                     postinc1        equ	4070
    80   000FDE                     postinc2        equ	4062
    81   000FEC                     preinc0         equ	4076
    82   000FE4                     preinc1         equ	4068
    83   000FDC                     preinc2         equ	4060
    84   000FF3                     prod            equ	4083
    85   000FF4                     prodh           equ	4084
    86   000FF3                     prodl           equ	4083
    87   000FD8                     status          equ	4056
    88   000FF5                     tablat          equ	4085
    89   000FF6                     tblptr          equ	4086
    90   000FF7                     tblptrh         equ	4087
    91   000FF6                     tblptrl         equ	4086
    92   000FF8                     tblptru         equ	4088
    93   000FFD                     tosl            equ	4093
    94   000FE8                     wreg            equ	4072
    95   000F80                     PORTA           equ	3968	;# 
    96   000F81                     PORTB           equ	3969	;# 
    97   000F82                     PORTC           equ	3970	;# 
    98   000F89                     LATA            equ	3977	;# 
    99   000F8A                     LATB            equ	3978	;# 
   100   000F8B                     LATC            equ	3979	;# 
   101   000F92                     TRISA           equ	3986	;# 
   102   000F92                     DDRA            equ	3986	;# 
   103   000F93                     TRISB           equ	3987	;# 
   104   000F93                     DDRB            equ	3987	;# 
   105   000F94                     TRISC           equ	3988	;# 
   106   000F94                     DDRC            equ	3988	;# 
   107   000F9D                     PIE1            equ	3997	;# 
   108   000F9E                     PIR1            equ	3998	;# 
   109   000F9F                     IPR1            equ	3999	;# 
   110   000FA0                     PIE2            equ	4000	;# 
   111   000FA1                     PIR2            equ	4001	;# 
   112   000FA2                     IPR2            equ	4002	;# 
   113   000FA6                     EECON1          equ	4006	;# 
   114   000FA7                     EECON2          equ	4007	;# 
   115   000FA8                     EEDATA          equ	4008	;# 
   116   000FA9                     EEADR           equ	4009	;# 
   117   000FAB                     RCSTA           equ	4011	;# 
   118   000FAB                     RCSTA1          equ	4011	;# 
   119   000FAC                     TXSTA           equ	4012	;# 
   120   000FAC                     TXSTA1          equ	4012	;# 
   121   000FAD                     TXREG           equ	4013	;# 
   122   000FAD                     TXREG1          equ	4013	;# 
   123   000FAE                     RCREG           equ	4014	;# 
   124   000FAE                     RCREG1          equ	4014	;# 
   125   000FAF                     SPBRG           equ	4015	;# 
   126   000FAF                     SPBRG1          equ	4015	;# 
   127   000FB1                     T3CON           equ	4017	;# 
   128   000FB2                     TMR3            equ	4018	;# 
   129   000FB2                     TMR3L           equ	4018	;# 
   130   000FB3                     TMR3H           equ	4019	;# 
   131   000FBA                     CCP2CON         equ	4026	;# 
   132   000FBB                     CCPR2           equ	4027	;# 
   133   000FBB                     CCPR2L          equ	4027	;# 
   134   000FBC                     CCPR2H          equ	4028	;# 
   135   000FBD                     CCP1CON         equ	4029	;# 
   136   000FBE                     CCPR1           equ	4030	;# 
   137   000FBE                     CCPR1L          equ	4030	;# 
   138   000FBF                     CCPR1H          equ	4031	;# 
   139   000FC1                     ADCON1          equ	4033	;# 
   140   000FC2                     ADCON0          equ	4034	;# 
   141   000FC3                     ADRES           equ	4035	;# 
   142   000FC3                     ADRESL          equ	4035	;# 
   143   000FC4                     ADRESH          equ	4036	;# 
   144   000FC5                     SSPCON2         equ	4037	;# 
   145   000FC6                     SSPCON1         equ	4038	;# 
   146   000FC7                     SSPSTAT         equ	4039	;# 
   147   000FC8                     SSPADD          equ	4040	;# 
   148   000FC9                     SSPBUF          equ	4041	;# 
   149   000FCA                     T2CON           equ	4042	;# 
   150   000FCB                     PR2             equ	4043	;# 
   151   000FCB                     MEMCON          equ	4043	;# 
   152   000FCC                     TMR2            equ	4044	;# 
   153   000FCD                     T1CON           equ	4045	;# 
   154   000FCE                     TMR1            equ	4046	;# 
   155   000FCE                     TMR1L           equ	4046	;# 
   156   000FCF                     TMR1H           equ	4047	;# 
   157   000FD0                     RCON            equ	4048	;# 
   158   000FD1                     WDTCON          equ	4049	;# 
   159   000FD2                     LVDCON          equ	4050	;# 
   160   000FD3                     OSCCON          equ	4051	;# 
   161   000FD5                     T0CON           equ	4053	;# 
   162   000FD6                     TMR0            equ	4054	;# 
   163   000FD6                     TMR0L           equ	4054	;# 
   164   000FD7                     TMR0H           equ	4055	;# 
   165   000FD8                     STATUS          equ	4056	;# 
   166   000FD9                     FSR2            equ	4057	;# 
   167   000FD9                     FSR2L           equ	4057	;# 
   168   000FDA                     FSR2H           equ	4058	;# 
   169   000FDB                     PLUSW2          equ	4059	;# 
   170   000FDC                     PREINC2         equ	4060	;# 
   171   000FDD                     POSTDEC2        equ	4061	;# 
   172   000FDE                     POSTINC2        equ	4062	;# 
   173   000FDF                     INDF2           equ	4063	;# 
   174   000FE0                     BSR             equ	4064	;# 
   175   000FE1                     FSR1            equ	4065	;# 
   176   000FE1                     FSR1L           equ	4065	;# 
   177   000FE2                     FSR1H           equ	4066	;# 
   178   000FE3                     PLUSW1          equ	4067	;# 
   179   000FE4                     PREINC1         equ	4068	;# 
   180   000FE5                     POSTDEC1        equ	4069	;# 
   181   000FE6                     POSTINC1        equ	4070	;# 
   182   000FE7                     INDF1           equ	4071	;# 
   183   000FE8                     WREG            equ	4072	;# 
   184   000FE9                     FSR0            equ	4073	;# 
   185   000FE9                     FSR0L           equ	4073	;# 
   186   000FEA                     FSR0H           equ	4074	;# 
   187   000FEB                     PLUSW0          equ	4075	;# 
   188   000FEC                     PREINC0         equ	4076	;# 
   189   000FED                     POSTDEC0        equ	4077	;# 
   190   000FEE                     POSTINC0        equ	4078	;# 
   191   000FEF                     INDF0           equ	4079	;# 
   192   000FF0                     INTCON3         equ	4080	;# 
   193   000FF1                     INTCON2         equ	4081	;# 
   194   000FF2                     INTCON          equ	4082	;# 
   195   000FF2                     INTCON1         equ	4082	;# 
   196   000FF3                     PROD            equ	4083	;# 
   197   000FF3                     PRODL           equ	4083	;# 
   198   000FF4                     PRODH           equ	4084	;# 
   199   000FF5                     TABLAT          equ	4085	;# 
   200   000FF6                     TBLPTR          equ	4086	;# 
   201   000FF6                     TBLPTRL         equ	4086	;# 
   202   000FF7                     TBLPTRH         equ	4087	;# 
   203   000FF8                     TBLPTRU         equ	4088	;# 
   204   000FF9                     PCLAT           equ	4089	;# 
   205   000FF9                     PC              equ	4089	;# 
   206   000FF9                     PCL             equ	4089	;# 
   207   000FFA                     PCLATH          equ	4090	;# 
   208   000FFB                     PCLATU          equ	4091	;# 
   209   000FFC                     STKPTR          equ	4092	;# 
   210   000FFD                     TOS             equ	4093	;# 
   211   000FFD                     TOSL            equ	4093	;# 
   212   000FFE                     TOSH            equ	4094	;# 
   213   000FFF                     TOSU            equ	4095	;# 
   214                           
   215                           	psect	idataCOMRAM
   216   0008BC                     __pidataCOMRAM:
   217                           	callstack 0
   218                           
   219                           ;initializer for NRF24_Init@F1928
   220   0008BC  01                 	db	1
   221   0008BD  01                 	db	1
   222   0008BE  01                 	db	1
   223   0008BF  01                 	db	1
   224   0008C0  01                 	db	1
   225   000F81                     _PORTB          set	3969
   226   000F93                     _TRISB          set	3987
   227   000F8B                     _LATCbits       set	3979
   228   000FC7                     _SSPSTATbits    set	4039
   229   000FC9                     _SSPBUF         set	4041
   230   000FC6                     _SSPCON1        set	4038
   231   000FC7                     _SSPSTAT        set	4039
   232   000F94                     _TRISCbits      set	3988
   233                           
   234                           ; #config settings
   235                           
   236                           	psect	cinit
   237   000826                     __pcinit:
   238                           	callstack 0
   239   000826                     start_initialization:
   240                           	callstack 0
   241   000826                     __initialization:
   242                           	callstack 0
   243                           
   244                           ; Initialize objects allocated to COMRAM (5 bytes)
   245                           ; load TBLPTR registers with __pidataCOMRAM
   246   000826  0EBC               	movlw	low __pidataCOMRAM
   247   000828  6EF6               	movwf	tblptrl,c
   248   00082A  0E08               	movlw	high __pidataCOMRAM
   249   00082C  6EF7               	movwf	tblptrh,c
   250   00082E  0E00               	movlw	low (__pidataCOMRAM shr (0+16))
   251   000830  6EF8               	movwf	tblptru,c
   252   000832  EE00  F012         	lfsr	0,__pdataCOMRAM
   253   000836  EE10 F005          	lfsr	1,5
   254   00083A                     copy_data0:
   255   00083A  0009               	tblrd		*+
   256   00083C  CFF5 FFEE          	movff	tablat,postinc0
   257   000840  50E5               	movf	postdec1,w,c
   258   000842  50E1               	movf	fsr1l,w,c
   259   000844  E1FA               	bnz	copy_data0
   260   000846                     end_of_initialization:
   261                           	callstack 0
   262   000846                     __end_of__initialization:
   263                           	callstack 0
   264   000846  0100               	movlb	0
   265   000848  EF8F  F003         	goto	_main	;jump to C main() function
   266                           
   267                           	psect	dataCOMRAM
   268   000012                     __pdataCOMRAM:
   269                           	callstack 0
   270   000012                     NRF24_Init@F1928:
   271                           	callstack 0
   272   000012                     	ds	5
   273                           
   274                           	psect	cstackCOMRAM
   275   000001                     __pcstackCOMRAM:
   276                           	callstack 0
   277   000001                     SPI_Transfer@data:
   278                           	callstack 0
   279   000001                     
   280                           ; 1 bytes @ 0x0
   281   000001                     	ds	1
   282   000002                     nrfWrite@val:
   283                           	callstack 0
   284   000002                     nrfRead@reg:
   285                           	callstack 0
   286   000002                     
   287                           ; 1 bytes @ 0x1
   288   000002                     	ds	1
   289   000003                     nrfWrite@reg:
   290                           	callstack 0
   291   000003                     nrfRead@val:
   292                           	callstack 0
   293   000003                     
   294                           ; 1 bytes @ 0x2
   295   000003                     	ds	1
   296   000004                     ??_NRF24_Init:
   297                           
   298                           ; 1 bytes @ 0x3
   299   000004                     	ds	2
   300   000006                     NRF24_Init@tx_address:
   301                           	callstack 0
   302                           
   303                           ; 5 bytes @ 0x5
   304   000006                     	ds	5
   305   00000B                     NRF24_Init@i:
   306                           	callstack 0
   307                           
   308                           ; 2 bytes @ 0xA
   309   00000B                     	ds	2
   310   00000D                     NRF24_Init@i_312:
   311                           	callstack 0
   312                           
   313                           ; 2 bytes @ 0xC
   314   00000D                     	ds	2
   315   00000F                     ??_main:
   316                           
   317                           ; 1 bytes @ 0xE
   318   00000F                     	ds	2
   319   000011                     main@status:
   320                           	callstack 0
   321                           
   322                           ; 1 bytes @ 0x10
   323   000011                     	ds	1
   324                           
   325 ;;
   326 ;;Main: autosize = 0, tempsize = 2, incstack = 0, save=0
   327 ;;
   328 ;; *************** function _main *****************
   329 ;; Defined at:
   330 ;;		line 115 in file "newmainNRF24.c"
   331 ;; Parameters:    Size  Location     Type
   332 ;;		None
   333 ;; Auto vars:     Size  Location     Type
   334 ;;  status          1   16[COMRAM] unsigned char 
   335 ;; Return value:  Size  Location     Type
   336 ;;                  1    wreg      void 
   337 ;; Registers used:
   338 ;;		wreg, fsr1l, fsr1h, fsr2l, fsr2h, status,2, status,0, cstack
   339 ;; Tracked objects:
   340 ;;		On entry : 0/0
   341 ;;		On exit  : 0/0
   342 ;;		Unchanged: 0/0
   343 ;; Data sizes:     COMRAM   BANK0   BANK1   BANK2   BANK3   BANK4   BANK5
   344 ;;      Params:         0       0       0       0       0       0       0
   345 ;;      Locals:         1       0       0       0       0       0       0
   346 ;;      Temps:          2       0       0       0       0       0       0
   347 ;;      Totals:         3       0       0       0       0       0       0
   348 ;;Total ram usage:        3 bytes
   349 ;; Hardware stack levels required when called: 3
   350 ;; This function calls:
   351 ;;		_NRF24_Init
   352 ;;		_SPI_Init_Master
   353 ;;		_SPI_Transfer
   354 ;;		_nrfRead
   355 ;;		_nrfWrite
   356 ;; This function is called by:
   357 ;;		Startup code after reset
   358 ;; This function uses a non-reentrant model
   359 ;;
   360                           
   361                           	psect	text0
   362   00071E                     __ptext0:
   363                           	callstack 0
   364   00071E                     _main:
   365                           	callstack 28
   366   00071E  FFFF               	dw	65535	; assembler added errata NOP
   367                           
   368                           ;newmainNRF24.c: 117:         LATCbits.LATC2 = 1;
   369   000720  6893               	setf	147,c	;volatile
   370   000722                     
   371                           ;newmainNRF24.c: 119: 
   372   000722  EC52  F004         	call	_SPI_Init_Master	;wreg free
   373   000726                     
   374                           ;newmainNRF24.c: 120: 
   375   000726  EC01  F003         	call	_NRF24_Init	;wreg free
   376   00072A                     
   377                           ;newmainNRF24.c: 123:     SPI_Transfer(PORTB);
   378   00072A  0E05               	movlw	5
   379   00072C  6E10               	movwf	(??_main+1)^0,c
   380   00072E  0EC3               	movlw	195
   381   000730  6E0F               	movwf	??_main^0,c
   382   000732  0E4F               	movlw	79
   383   000734                     u177:
   384   000734  FFFF               	dw	65535	; errata NOP
   385   000736  2EE8               	decfsz	wreg,f,c
   386   000738  D7FD               	bra	u177
   387   00073A  2E0F               	decfsz	??_main^0,f,c
   388   00073C  D7FB               	bra	u177
   389   00073E  2E10               	decfsz	(??_main+1)^0,f,c
   390   000740  D7F9               	bra	u177
   391   000742                     l938:
   392   000742  FFFF               	dw	65535	; assembler added errata NOP
   393                           
   394                           ;newmainNRF24.c: 129: 
   395   000744  928B               	bcf	139,1,c	;volatile
   396   000746                     
   397                           ;newmainNRF24.c: 130: 
   398   000746  0EA2               	movlw	162
   399   000748                     u187:
   400   000748  FFFF               	dw	65535	; errata NOP
   401   00074A  2EE8               	decfsz	wreg,f,c
   402   00074C  D7FD               	bra	u187
   403   00074E  D000               	nop2	
   404   000750                     
   405                           ;newmainNRF24.c: 133:     unsigned char status = nrfRead(0x07);
   406   000750  0E07               	movlw	7
   407   000752  EC37  F004         	call	_nrfRead
   408   000756  6E0F               	movwf	??_main^0,c
   409   000758  A80F               	btfss	??_main^0,4,c
   410   00075A  EFB1  F003         	goto	u131
   411   00075E  EFB4  F003         	goto	u130
   412   000762                     u131:
   413   000762  FFFF               	dw	65535	; assembler added errata NOP
   414   000764  EFBA  F003         	goto	l950
   415   000768                     u130:
   416   000768  FFFF               	dw	65535	; assembler added errata NOP
   417   00076A                     
   418                           ;newmainNRF24.c: 134: 
   419   00076A  948B               	bcf	139,2,c	;volatile
   420   00076C                     
   421                           ;newmainNRF24.c: 135:     if (status & 0x20) {
   422   00076C  0EE1               	movlw	225
   423   00076E  EC26  F004         	call	_SPI_Transfer
   424   000772                     
   425                           ;newmainNRF24.c: 136:         nrfWrite(0x07, 0x20);
   426   000772  848B               	bsf	139,2,c	;volatile
   427   000774                     l950:
   428   000774  FFFF               	dw	65535	; assembler added errata NOP
   429                           
   430                           ;newmainNRF24.c: 140:         SPI_Transfer(0xE1);
   431   000776  948B               	bcf	139,2,c	;volatile
   432                           
   433                           ;newmainNRF24.c: 141:         LATCbits.LATC2 = 1;
   434   000778  0EA0               	movlw	160
   435   00077A  EC26  F004         	call	_SPI_Transfer
   436                           
   437                           ;newmainNRF24.c: 142:         nrfWrite(0x07, 0x10);
   438   00077E  5081               	movf	129,w,c	;volatile
   439   000780  EC26  F004         	call	_SPI_Transfer
   440   000784                     
   441                           ;newmainNRF24.c: 143:     }
   442   000784  848B               	bsf	139,2,c	;volatile
   443   000786                     
   444                           ;newmainNRF24.c: 145:     _delay((unsigned long)((500)*(20000000/4000.0)));
   445   000786  828B               	bsf	139,1,c	;volatile
   446   000788                     
   447                           ;newmainNRF24.c: 146: 
   448   000788  0E19               	movlw	25
   449   00078A                     u197:
   450   00078A  FFFF               	dw	65535	; errata NOP
   451   00078C  2EE8               	decfsz	wreg,f,c
   452   00078E  D7FD               	bra	u197
   453   000790                     
   454                           ;newmainNRF24.c: 147: 
   455   000790  928B               	bcf	139,1,c	;volatile
   456   000792                     l960:
   457   000792  FFFF               	dw	65535	; assembler added errata NOP
   458   000794  0E07               	movlw	7
   459   000796  EC37  F004         	call	_nrfRead
   460   00079A  6E0F               	movwf	??_main^0,c
   461   00079C  0E30               	movlw	48
   462   00079E  160F               	andwf	??_main^0,f,c
   463   0007A0  B4D8               	btfsc	status,2,c
   464   0007A2  EFD5  F003         	goto	u141
   465   0007A6  EFD8  F003         	goto	u140
   466   0007AA                     u141:
   467   0007AA  FFFF               	dw	65535	; assembler added errata NOP
   468   0007AC  EFC9  F003         	goto	l960
   469   0007B0                     u140:
   470   0007B0  FFFF               	dw	65535	; assembler added errata NOP
   471   0007B2  0E07               	movlw	7
   472   0007B4  EC37  F004         	call	_nrfRead
   473   0007B8  6E11               	movwf	main@status^0,c
   474   0007BA  AA11               	btfss	main@status^0,5,c
   475   0007BC  EFE2  F003         	goto	u151
   476   0007C0  EFE5  F003         	goto	u150
   477   0007C4                     u151:
   478   0007C4  FFFF               	dw	65535	; assembler added errata NOP
   479   0007C6  EFED  F003         	goto	l57
   480   0007CA                     u150:
   481   0007CA  FFFF               	dw	65535	; assembler added errata NOP
   482   0007CC  0E20               	movlw	32
   483   0007CE  6E02               	movwf	nrfWrite@val^0,c
   484   0007D0  0E07               	movlw	7
   485   0007D2  EC45  F004         	call	_nrfWrite
   486   0007D6  EF01  F004         	goto	l976
   487   0007DA                     l57:
   488   0007DA  FFFF               	dw	65535	; assembler added errata NOP
   489   0007DC  A811               	btfss	main@status^0,4,c
   490   0007DE  EFF3  F003         	goto	u161
   491   0007E2  EFF6  F003         	goto	u160
   492   0007E6                     u161:
   493   0007E6  FFFF               	dw	65535	; assembler added errata NOP
   494   0007E8  EF01  F004         	goto	l976
   495   0007EC                     u160:
   496   0007EC  FFFF               	dw	65535	; assembler added errata NOP
   497   0007EE  948B               	bcf	139,2,c	;volatile
   498   0007F0  0EE1               	movlw	225
   499   0007F2  EC26  F004         	call	_SPI_Transfer
   500   0007F6  848B               	bsf	139,2,c	;volatile
   501   0007F8  0E10               	movlw	16
   502   0007FA  6E02               	movwf	nrfWrite@val^0,c
   503   0007FC  0E07               	movlw	7
   504   0007FE  EC45  F004         	call	_nrfWrite
   505   000802                     l976:
   506   000802  FFFF               	dw	65535	; assembler added errata NOP
   507   000804  0E0A               	movlw	10
   508   000806  6E10               	movwf	(??_main+1)^0,c
   509   000808  0E85               	movlw	133
   510   00080A  6E0F               	movwf	??_main^0,c
   511   00080C  0E9F               	movlw	159
   512   00080E                     u207:
   513   00080E  FFFF               	dw	65535	; errata NOP
   514   000810  2EE8               	decfsz	wreg,f,c
   515   000812  D7FD               	bra	u207
   516   000814  2E0F               	decfsz	??_main^0,f,c
   517   000816  D7FB               	bra	u207
   518   000818  2E10               	decfsz	(??_main+1)^0,f,c
   519   00081A  D7F9               	bra	u207
   520   00081C  D000               	nop2	
   521   00081E  EFA1  F003         	goto	l938
   522   000822  EF01  F000         	goto	start
   523   000826                     __end_of_main:
   524                           	callstack 0
   525                           
   526 ;; *************** function _nrfRead *****************
   527 ;; Defined at:
   528 ;;		line 48 in file "newmainNRF24.c"
   529 ;; Parameters:    Size  Location     Type
   530 ;;  reg             1    wreg     unsigned char 
   531 ;; Auto vars:     Size  Location     Type
   532 ;;  reg             1    1[COMRAM] unsigned char 
   533 ;;  val             1    2[COMRAM] unsigned char 
   534 ;; Return value:  Size  Location     Type
   535 ;;                  1    wreg      unsigned char 
   536 ;; Registers used:
   537 ;;		wreg, status,2, cstack
   538 ;; Tracked objects:
   539 ;;		On entry : 0/0
   540 ;;		On exit  : 0/0
   541 ;;		Unchanged: 0/0
   542 ;; Data sizes:     COMRAM   BANK0   BANK1   BANK2   BANK3   BANK4   BANK5
   543 ;;      Params:         0       0       0       0       0       0       0
   544 ;;      Locals:         2       0       0       0       0       0       0
   545 ;;      Temps:          0       0       0       0       0       0       0
   546 ;;      Totals:         2       0       0       0       0       0       0
   547 ;;Total ram usage:        2 bytes
   548 ;; Hardware stack levels used: 1
   549 ;; Hardware stack levels required when called: 1
   550 ;; This function calls:
   551 ;;		_SPI_Transfer
   552 ;; This function is called by:
   553 ;;		_main
   554 ;; This function uses a non-reentrant model
   555 ;;
   556                           
   557                           	psect	text1
   558   00086E                     __ptext1:
   559                           	callstack 0
   560   00086E                     _nrfRead:
   561                           	callstack 0
   562   00086E  FFFF               	dw	65535	; assembler added errata NOP
   563                           
   564                           ;incstack = 0
   565                           ;nrfRead@reg stored from wreg
   566   000870  6E02               	movwf	nrfRead@reg^0,c
   567   000872                     
   568                           ;newmainNRF24.c: 49:     _delay((unsigned long)((20)*(20000000/4000000.0)));;newmainNRF2
      +                          4.c: 50:     LATCbits.LATC1 = 0;
   569   000872  948B               	bcf	139,2,c	;volatile
   570   000874                     
   571                           ;newmainNRF24.c: 51: 
   572   000874  5002               	movf	nrfRead@reg^0,w,c
   573   000876  EC26  F004         	call	_SPI_Transfer
   574                           
   575                           ;newmainNRF24.c: 52: }
   576   00087A  0EFF               	movlw	255
   577   00087C  EC26  F004         	call	_SPI_Transfer
   578   000880  6E03               	movwf	nrfRead@val^0,c
   579   000882                     
   580                           ;newmainNRF24.c: 53: 
   581   000882  848B               	bsf	139,2,c	;volatile
   582   000884                     
   583                           ;newmainNRF24.c: 54: 
   584   000884  5003               	movf	nrfRead@val^0,w,c
   585   000886  0012               	return		;funcret
   586   000888  FFFF               	dw	65535	; errata NOP
   587   00088A                     __end_of_nrfRead:
   588                           	callstack 0
   589                           
   590 ;; *************** function _SPI_Init_Master *****************
   591 ;; Defined at:
   592 ;;		line 24 in file "newmainNRF24.c"
   593 ;; Parameters:    Size  Location     Type
   594 ;;		None
   595 ;; Auto vars:     Size  Location     Type
   596 ;;		None
   597 ;; Return value:  Size  Location     Type
   598 ;;                  1    wreg      void 
   599 ;; Registers used:
   600 ;;		wreg, status,2
   601 ;; Tracked objects:
   602 ;;		On entry : 0/0
   603 ;;		On exit  : 0/0
   604 ;;		Unchanged: 0/0
   605 ;; Data sizes:     COMRAM   BANK0   BANK1   BANK2   BANK3   BANK4   BANK5
   606 ;;      Params:         0       0       0       0       0       0       0
   607 ;;      Locals:         0       0       0       0       0       0       0
   608 ;;      Temps:          0       0       0       0       0       0       0
   609 ;;      Totals:         0       0       0       0       0       0       0
   610 ;;Total ram usage:        0 bytes
   611 ;; Hardware stack levels used: 1
   612 ;; This function calls:
   613 ;;		Nothing
   614 ;; This function is called by:
   615 ;;		_main
   616 ;; This function uses a non-reentrant model
   617 ;;
   618                           
   619                           	psect	text2
   620   0008A4                     __ptext2:
   621                           	callstack 0
   622   0008A4                     _SPI_Init_Master:
   623                           	callstack 0
   624   0008A4  FFFF               	dw	65535	; assembler added errata NOP
   625   0008A6                     
   626                           ;newmainNRF24.c: 25:     LATCbits.LATC2=1;
   627   0008A6  9694               	bcf	148,3,c	;volatile
   628                           
   629                           ;newmainNRF24.c: 26: }
   630   0008A8  8894               	bsf	148,4,c	;volatile
   631                           
   632                           ;newmainNRF24.c: 27: 
   633   0008AA  9A94               	bcf	148,5,c	;volatile
   634                           
   635                           ;newmainNRF24.c: 28: 
   636   0008AC  9294               	bcf	148,1,c	;volatile
   637                           
   638                           ;newmainNRF24.c: 29: unsigned char nrfRead(unsigned char reg){
   639   0008AE  9494               	bcf	148,2,c	;volatile
   640   0008B0                     
   641                           ;newmainNRF24.c: 30:     unsigned char val;
   642   0008B0  0E40               	movlw	64
   643   0008B2  6EC7               	movwf	199,c	;volatile
   644                           
   645                           ;newmainNRF24.c: 31:     LATCbits.LATC2=0;
   646   0008B4  0E20               	movlw	32
   647   0008B6  6EC6               	movwf	198,c	;volatile
   648   0008B8  0012               	return		;funcret
   649   0008BA  FFFF               	dw	65535	; errata NOP
   650   0008BC                     __end_of_SPI_Init_Master:
   651                           	callstack 0
   652                           
   653 ;; *************** function _NRF24_Init *****************
   654 ;; Defined at:
   655 ;;		line 77 in file "newmainNRF24.c"
   656 ;; Parameters:    Size  Location     Type
   657 ;;		None
   658 ;; Auto vars:     Size  Location     Type
   659 ;;  i               2   12[COMRAM] int 
   660 ;;  i               2   10[COMRAM] int 
   661 ;;  tx_address      5    5[COMRAM] unsigned char [5]
   662 ;; Return value:  Size  Location     Type
   663 ;;                  1    wreg      void 
   664 ;; Registers used:
   665 ;;		wreg, fsr1l, fsr1h, fsr2l, fsr2h, status,2, status,0, cstack
   666 ;; Tracked objects:
   667 ;;		On entry : 0/0
   668 ;;		On exit  : 0/0
   669 ;;		Unchanged: 0/0
   670 ;; Data sizes:     COMRAM   BANK0   BANK1   BANK2   BANK3   BANK4   BANK5
   671 ;;      Params:         0       0       0       0       0       0       0
   672 ;;      Locals:         9       0       0       0       0       0       0
   673 ;;      Temps:          2       0       0       0       0       0       0
   674 ;;      Totals:        11       0       0       0       0       0       0
   675 ;;Total ram usage:       11 bytes
   676 ;; Hardware stack levels used: 1
   677 ;; Hardware stack levels required when called: 2
   678 ;; This function calls:
   679 ;;		_SPI_Transfer
   680 ;;		_nrfWrite
   681 ;; This function is called by:
   682 ;;		_main
   683 ;; This function uses a non-reentrant model
   684 ;;
   685                           
   686                           	psect	text3
   687   000602                     __ptext3:
   688                           	callstack 0
   689   000602                     _NRF24_Init:
   690                           	callstack 0
   691   000602  FFFF               	dw	65535	; assembler added errata NOP
   692   000604                     
   693                           ;newmainNRF24.c: 78:         SPI_Transfer(tx_address[i]);}
   694   000604  EE20  F012         	lfsr	2,NRF24_Init@F1928
   695   000608  EE10  F006         	lfsr	1,NRF24_Init@tx_address
   696   00060C  0E04               	movlw	4
   697   00060E                     u101:
   698   00060E  CFDB FFE3          	movff	plusw2,plusw1
   699   000612  06E8               	decf	wreg,f,c
   700   000614  E2FC               	bc	u101
   701   000616                     
   702                           ;newmainNRF24.c: 79:     LATCbits.LATC2=1;
   703   000616  928B               	bcf	139,1,c	;volatile
   704   000618                     
   705                           ;newmainNRF24.c: 80: 
   706   000618  848B               	bsf	139,2,c	;volatile
   707   00061A                     
   708                           ;newmainNRF24.c: 82:     nrfWrite(0x04, 0x2A);
   709   00061A  0E02               	movlw	2
   710   00061C  6E05               	movwf	(??_NRF24_Init+1)^0,c
   711   00061E  0EE8               	movlw	232
   712   000620  6E04               	movwf	??_NRF24_Init^0,c
   713   000622  0E52               	movlw	82
   714   000624                     u217:
   715   000624  FFFF               	dw	65535	; errata NOP
   716   000626  2EE8               	decfsz	wreg,f,c
   717   000628  D7FD               	bra	u217
   718   00062A  2E04               	decfsz	??_NRF24_Init^0,f,c
   719   00062C  D7FB               	bra	u217
   720   00062E  2E05               	decfsz	(??_NRF24_Init+1)^0,f,c
   721   000630  D7F9               	bra	u217
   722   000632                     
   723                           ;newmainNRF24.c: 85:     nrfWrite(0x06,0b00000110);
   724   000632  0E00               	movlw	0
   725   000634  6E02               	movwf	nrfWrite@val^0,c
   726   000636  0E00               	movlw	0
   727   000638  EC45  F004         	call	_nrfWrite
   728   00063C                     
   729                           ;newmainNRF24.c: 86:     nrfWrite(0x11, 1);
   730   00063C  0E03               	movlw	3
   731   00063E  6E02               	movwf	nrfWrite@val^0,c
   732   000640  0E03               	movlw	3
   733   000642  EC45  F004         	call	_nrfWrite
   734   000646                     
   735                           ;newmainNRF24.c: 88: 
   736   000646  948B               	bcf	139,2,c	;volatile
   737   000648                     
   738                           ;newmainNRF24.c: 89:     LATCbits.LATC1 = 1;
   739   000648  0E30               	movlw	48
   740   00064A  EC26  F004         	call	_SPI_Transfer
   741   00064E                     
   742                           ;newmainNRF24.c: 90: }
   743   00064E  0E00               	movlw	0
   744   000650  6E0C               	movwf	(NRF24_Init@i+1)^0,c
   745   000652  0E00               	movlw	0
   746   000654  6E0B               	movwf	NRF24_Init@i^0,c
   747   000656                     l906:
   748   000656  FFFF               	dw	65535	; assembler added errata NOP
   749                           
   750                           ;newmainNRF24.c: 91: 
   751   000658  500B               	movf	NRF24_Init@i^0,w,c
   752   00065A  0F06               	addlw	low NRF24_Init@tx_address
   753   00065C  6ED9               	movwf	fsr2l,c
   754   00065E  6ADA               	clrf	fsr2h,c
   755   000660  50DF               	movf	indf2,w,c
   756   000662  EC26  F004         	call	_SPI_Transfer
   757   000666  4A0B               	infsnz	NRF24_Init@i^0,f,c
   758   000668  2A0C               	incf	(NRF24_Init@i+1)^0,f,c
   759   00066A  BE0C               	btfsc	(NRF24_Init@i+1)^0,7,c
   760   00066C  EF41  F003         	goto	u111
   761   000670  500C               	movf	(NRF24_Init@i+1)^0,w,c
   762   000672  E10A               	bnz	u110
   763   000674  0E05               	movlw	5
   764   000676  5C0B               	subwf	NRF24_Init@i^0,w,c
   765   000678  A0D8               	btfss	status,0,c
   766   00067A  EF41  F003         	goto	u111
   767   00067E  EF44  F003         	goto	u110
   768   000682                     u111:
   769   000682  FFFF               	dw	65535	; assembler added errata NOP
   770   000684  EF2B  F003         	goto	l906
   771   000688                     u110:
   772   000688  FFFF               	dw	65535	; assembler added errata NOP
   773   00068A                     
   774                           ;newmainNRF24.c: 92: 
   775   00068A  848B               	bsf	139,2,c	;volatile
   776                           
   777                           ;newmainNRF24.c: 94: 
   778   00068C  948B               	bcf	139,2,c	;volatile
   779   00068E                     
   780                           ;newmainNRF24.c: 95: 
   781   00068E  0E2A               	movlw	42
   782   000690  EC26  F004         	call	_SPI_Transfer
   783   000694                     
   784                           ;newmainNRF24.c: 96: void main(void) {
   785   000694  0E00               	movlw	0
   786   000696  6E0E               	movwf	(NRF24_Init@i_312+1)^0,c
   787   000698  0E00               	movlw	0
   788   00069A  6E0D               	movwf	NRF24_Init@i_312^0,c
   789   00069C                     l920:
   790   00069C  FFFF               	dw	65535	; assembler added errata NOP
   791                           
   792                           ;newmainNRF24.c: 97: 
   793   00069E  500D               	movf	NRF24_Init@i_312^0,w,c
   794   0006A0  0F06               	addlw	low NRF24_Init@tx_address
   795   0006A2  6ED9               	movwf	fsr2l,c
   796   0006A4  6ADA               	clrf	fsr2h,c
   797   0006A6  50DF               	movf	indf2,w,c
   798   0006A8  EC26  F004         	call	_SPI_Transfer
   799   0006AC  4A0D               	infsnz	NRF24_Init@i_312^0,f,c
   800   0006AE  2A0E               	incf	(NRF24_Init@i_312+1)^0,f,c
   801   0006B0  BE0E               	btfsc	(NRF24_Init@i_312+1)^0,7,c
   802   0006B2  EF64  F003         	goto	u121
   803   0006B6  500E               	movf	(NRF24_Init@i_312+1)^0,w,c
   804   0006B8  E10A               	bnz	u120
   805   0006BA  0E05               	movlw	5
   806   0006BC  5C0D               	subwf	NRF24_Init@i_312^0,w,c
   807   0006BE  A0D8               	btfss	status,0,c
   808   0006C0  EF64  F003         	goto	u121
   809   0006C4  EF67  F003         	goto	u120
   810   0006C8                     u121:
   811   0006C8  FFFF               	dw	65535	; assembler added errata NOP
   812   0006CA  EF4E  F003         	goto	l920
   813   0006CE                     u120:
   814   0006CE  FFFF               	dw	65535	; assembler added errata NOP
   815   0006D0                     
   816                           ;newmainNRF24.c: 98:     TRISB=0xFF;
   817   0006D0  848B               	bsf	139,2,c	;volatile
   818   0006D2                     
   819                           ;newmainNRF24.c: 100:     SPI_Init_Master();
   820   0006D2  0E01               	movlw	1
   821   0006D4  6E02               	movwf	nrfWrite@val^0,c
   822   0006D6  0E01               	movlw	1
   823   0006D8  EC45  F004         	call	_nrfWrite
   824                           
   825                           ;newmainNRF24.c: 101:     NRF24_Init();
   826   0006DC  0E2A               	movlw	42
   827   0006DE  6E02               	movwf	nrfWrite@val^0,c
   828   0006E0  0E04               	movlw	4
   829   0006E2  EC45  F004         	call	_nrfWrite
   830                           
   831                           ;newmainNRF24.c: 102: 
   832   0006E6  0E01               	movlw	1
   833   0006E8  6E02               	movwf	nrfWrite@val^0,c
   834   0006EA  0E02               	movlw	2
   835   0006EC  EC45  F004         	call	_nrfWrite
   836                           
   837                           ;newmainNRF24.c: 103: 
   838   0006F0  0E28               	movlw	40
   839   0006F2  6E02               	movwf	nrfWrite@val^0,c
   840   0006F4  0E05               	movlw	5
   841   0006F6  EC45  F004         	call	_nrfWrite
   842                           
   843                           ;newmainNRF24.c: 104:     _delay((unsigned long)((250)*(20000000/4000.0)));
   844   0006FA  0E06               	movlw	6
   845   0006FC  6E02               	movwf	nrfWrite@val^0,c
   846   0006FE  0E06               	movlw	6
   847   000700  EC45  F004         	call	_nrfWrite
   848                           
   849                           ;newmainNRF24.c: 105: 
   850   000704  0E01               	movlw	1
   851   000706  6E02               	movwf	nrfWrite@val^0,c
   852   000708  0E11               	movlw	17
   853   00070A  EC45  F004         	call	_nrfWrite
   854                           
   855                           ;newmainNRF24.c: 106: 
   856   00070E  0E0A               	movlw	10
   857   000710  6E02               	movwf	nrfWrite@val^0,c
   858   000712  0E00               	movlw	0
   859   000714  EC45  F004         	call	_nrfWrite
   860   000718                     
   861                           ;newmainNRF24.c: 108:     while(1){
   862   000718  828B               	bsf	139,1,c	;volatile
   863   00071A  0012               	return		;funcret
   864   00071C  FFFF               	dw	65535	; errata NOP
   865   00071E                     __end_of_NRF24_Init:
   866                           	callstack 0
   867                           
   868 ;; *************** function _nrfWrite *****************
   869 ;; Defined at:
   870 ;;		line 40 in file "newmainNRF24.c"
   871 ;; Parameters:    Size  Location     Type
   872 ;;  reg             1    wreg     unsigned char 
   873 ;;  val             1    1[COMRAM] unsigned char 
   874 ;; Auto vars:     Size  Location     Type
   875 ;;  reg             1    2[COMRAM] unsigned char 
   876 ;; Return value:  Size  Location     Type
   877 ;;                  1    wreg      void 
   878 ;; Registers used:
   879 ;;		wreg, status,2, status,0, cstack
   880 ;; Tracked objects:
   881 ;;		On entry : 0/0
   882 ;;		On exit  : 0/0
   883 ;;		Unchanged: 0/0
   884 ;; Data sizes:     COMRAM   BANK0   BANK1   BANK2   BANK3   BANK4   BANK5
   885 ;;      Params:         1       0       0       0       0       0       0
   886 ;;      Locals:         1       0       0       0       0       0       0
   887 ;;      Temps:          0       0       0       0       0       0       0
   888 ;;      Totals:         2       0       0       0       0       0       0
   889 ;;Total ram usage:        2 bytes
   890 ;; Hardware stack levels used: 1
   891 ;; Hardware stack levels required when called: 1
   892 ;; This function calls:
   893 ;;		_SPI_Transfer
   894 ;; This function is called by:
   895 ;;		_NRF24_Init
   896 ;;		_main
   897 ;; This function uses a non-reentrant model
   898 ;;
   899                           
   900                           	psect	text4
   901   00088A                     __ptext4:
   902                           	callstack 0
   903   00088A                     _nrfWrite:
   904                           	callstack 0
   905   00088A  FFFF               	dw	65535	; assembler added errata NOP
   906                           
   907                           ;incstack = 0
   908                           ;nrfWrite@reg stored from wreg
   909   00088C  6E03               	movwf	nrfWrite@reg^0,c
   910   00088E                     
   911                           ;newmainNRF24.c: 41:     SPI_Transfer(0xA0);
   912   00088E  948B               	bcf	139,2,c	;volatile
   913   000890                     
   914                           ;newmainNRF24.c: 42:     for (int i = 0; i < 5; i++) {
   915   000890  5003               	movf	nrfWrite@reg^0,w,c
   916   000892  0920               	iorlw	32
   917   000894  EC26  F004         	call	_SPI_Transfer
   918   000898                     
   919                           ;newmainNRF24.c: 43:         SPI_Transfer(val[i]);
   920   000898  5002               	movf	nrfWrite@val^0,w,c
   921   00089A  EC26  F004         	call	_SPI_Transfer
   922   00089E                     
   923                           ;newmainNRF24.c: 44:     }
   924   00089E  848B               	bsf	139,2,c	;volatile
   925   0008A0  0012               	return		;funcret
   926   0008A2  FFFF               	dw	65535	; errata NOP
   927   0008A4                     __end_of_nrfWrite:
   928                           	callstack 0
   929                           
   930 ;; *************** function _SPI_Transfer *****************
   931 ;; Defined at:
   932 ;;		line 34 in file "newmainNRF24.c"
   933 ;; Parameters:    Size  Location     Type
   934 ;;  data            1    wreg     unsigned char 
   935 ;; Auto vars:     Size  Location     Type
   936 ;;  data            1    0[COMRAM] unsigned char 
   937 ;; Return value:  Size  Location     Type
   938 ;;                  1    wreg      unsigned char 
   939 ;; Registers used:
   940 ;;		wreg, status,2
   941 ;; Tracked objects:
   942 ;;		On entry : 0/0
   943 ;;		On exit  : 0/0
   944 ;;		Unchanged: 0/0
   945 ;; Data sizes:     COMRAM   BANK0   BANK1   BANK2   BANK3   BANK4   BANK5
   946 ;;      Params:         0       0       0       0       0       0       0
   947 ;;      Locals:         1       0       0       0       0       0       0
   948 ;;      Temps:          0       0       0       0       0       0       0
   949 ;;      Totals:         1       0       0       0       0       0       0
   950 ;;Total ram usage:        1 bytes
   951 ;; Hardware stack levels used: 1
   952 ;; This function calls:
   953 ;;		Nothing
   954 ;; This function is called by:
   955 ;;		_nrfWrite
   956 ;;		_nrfRead
   957 ;;		_NRF24_Init
   958 ;;		_main
   959 ;;		_sendPayload
   960 ;; This function uses a non-reentrant model
   961 ;;
   962                           
   963                           	psect	text5
   964   00084C                     __ptext5:
   965                           	callstack 0
   966   00084C                     _SPI_Transfer:
   967                           	callstack 0
   968   00084C  FFFF               	dw	65535	; assembler added errata NOP
   969                           
   970                           ;incstack = 0
   971                           ;SPI_Transfer@data stored from wreg
   972   00084E  6E01               	movwf	SPI_Transfer@data^0,c
   973   000850                     
   974                           ;newmainNRF24.c: 35:     return val;
   975   000850  C001  FFC9         	movff	SPI_Transfer@data,4041	;volatile
   976   000854                     l24:
   977   000854  FFFF               	dw	65535	; assembler added errata NOP
   978   000856  A0C7               	btfss	199,0,c	;volatile
   979   000858  EF30  F004         	goto	u11
   980   00085C  EF33  F004         	goto	u10
   981   000860                     u11:
   982   000860  FFFF               	dw	65535	; assembler added errata NOP
   983   000862  EF2A  F004         	goto	l24
   984   000866                     u10:
   985   000866  FFFF               	dw	65535	; assembler added errata NOP
   986   000868                     
   987                           ;newmainNRF24.c: 37: 
   988   000868  50C9               	movf	201,w,c	;volatile
   989   00086A  0012               	return		;funcret
   990   00086C  FFFF               	dw	65535	; errata NOP
   991   00086E                     __end_of_SPI_Transfer:
   992                           	callstack 0
   993                           
   994                           	psect	smallconst
   995   000600                     __psmallconst:
   996                           	callstack 0
   997   000600  00                 	db	0
   998   000601  00                 	db	0	; dummy byte at the end
   999   000000                     __activetblptr  equ	0
  1000                           
  1001                           	psect	rparam
  1002   000001                     ___rparam_used  equ	1
  1003   000000                     ___param_bank   equ	0
  1004   000000                     __Lparam        equ	__Lrparam
  1005   000000                     __Hparam        equ	__Hrparam
  1006                           
  1007                           	psect	config
  1008                           
  1009                           ; Padding undefined space
  1010   300000                     	org	3145728
  1011   300000  FF                 	db	255
  1012                           
  1013                           ;Config register CONFIG1H @ 0x300001
  1014                           ;	Oscillator Selection bits
  1015                           ;	OSC = HS, HS oscillator
  1016                           ;	Oscillator System Clock Switch Enable bit
  1017                           ;	OSCS = 0x1, unprogrammed default
  1018   300001                     	org	3145729
  1019   300001  22                 	db	34
  1020                           
  1021                           ;Config register CONFIG2L @ 0x300002
  1022                           ;	Power-up Timer Enable bit
  1023                           ;	PWRT = ON, PWRT enabled
  1024                           ;	Brown-out Reset Enable bit
  1025                           ;	BOR = ON, Brown-out Reset enabled
  1026                           ;	Brown-out Reset Voltage bits
  1027                           ;	BORV = 0x3, unprogrammed default
  1028   300002                     	org	3145730
  1029   300002  0E                 	db	14
  1030                           
  1031                           ;Config register CONFIG2H @ 0x300003
  1032                           ;	Watchdog Timer Enable bit
  1033                           ;	WDT = OFF, WDT disabled (control is placed on the SWDTEN bit)
  1034                           ;	Watchdog Timer Postscale Select bits
  1035                           ;	WDTPS = 0x7, unprogrammed default
  1036   300003                     	org	3145731
  1037   300003  0E                 	db	14
  1038                           
  1039                           ;Config register CONFIG4L @ 0x300006
  1040                           ;	Stack Full/Underflow Reset Enable bit
  1041                           ;	STVR = 0x1, unprogrammed default
  1042                           ;	Low Voltage ICSP Enable bit
  1043                           ;	LVP = OFF, Low Voltage ICSP disabled
  1044                           ;	Background Debugger Enable bit
  1045                           ;	DEBUG = 0x1, unprogrammed default
  1046   300006                     	org	3145734
  1047   300006  81                 	db	129
  1048                           
  1049                           ; Padding undefined space
  1050   300007                     	org	3145735
  1051   300007  FF                 	db	255
  1052                           tosu	equ	0xFFF
  1053                           tosh	equ	0xFFE
  1054                           tosl	equ	0xFFD
  1055                           stkptr	equ	0xFFC
  1056                           pclatu	equ	0xFFB
  1057                           pclath	equ	0xFFA
  1058                           pcl	equ	0xFF9
  1059                           tblptru	equ	0xFF8
  1060                           tblptrh	equ	0xFF7
  1061                           tblptrl	equ	0xFF6
  1062                           tablat	equ	0xFF5
  1063                           prodh	equ	0xFF4
  1064                           prodl	equ	0xFF3
  1065                           indf0	equ	0xFEF
  1066                           postinc0	equ	0xFEE
  1067                           postdec0	equ	0xFED
  1068                           preinc0	equ	0xFEC
  1069                           plusw0	equ	0xFEB
  1070                           fsr0h	equ	0xFEA
  1071                           fsr0l	equ	0xFE9
  1072                           wreg	equ	0xFE8
  1073                           indf1	equ	0xFE7
  1074                           postinc1	equ	0xFE6
  1075                           postdec1	equ	0xFE5
  1076                           preinc1	equ	0xFE4
  1077                           plusw1	equ	0xFE3
  1078                           fsr1h	equ	0xFE2
  1079                           fsr1l	equ	0xFE1
  1080                           bsr	equ	0xFE0
  1081                           indf2	equ	0xFDF
  1082                           postinc2	equ	0xFDE
  1083                           postdec2	equ	0xFDD
  1084                           preinc2	equ	0xFDC
  1085                           plusw2	equ	0xFDB
  1086                           fsr2h	equ	0xFDA
  1087                           fsr2l	equ	0xFD9
  1088                           status	equ	0xFD8

Data Sizes:
    Strings     0
    Constant    0
    Data        5
    BSS         0
    Persistent  0
    Stack       0

Auto Spaces:
    Space          Size  Autos    Used
    COMRAM          127     17      22
    BANK0           128      0       0
    BANK1           256      0       0
    BANK2           256      0       0
    BANK3           256      0       0
    BANK4           256      0       0
    BANK5           256      0       0

Pointer List with Targets:

    None.

Critical Paths under _main in COMRAM

    _main->_NRF24_Init
    _nrfRead->_SPI_Transfer
    _NRF24_Init->_nrfWrite
    _nrfWrite->_SPI_Transfer

Critical Paths under _main in BANK0

    None.

Critical Paths under _main in BANK1

    None.

Critical Paths under _main in BANK2

    None.

Critical Paths under _main in BANK3

    None.

Critical Paths under _main in BANK4

    None.

Critical Paths under _main in BANK5

    None.

Call Graph Tables:

 ---------------------------------------------------------------------------------
 (Depth) Function   	        Calls       Base Space   Used Autos Params    Refs
 ---------------------------------------------------------------------------------
 (0) _main                                                 3     3      0     457
                                             14 COMRAM     3     3      0
                         _NRF24_Init
                    _SPI_Init_Master
                       _SPI_Transfer
                            _nrfRead
                           _nrfWrite
 ---------------------------------------------------------------------------------
 (1) _nrfRead                                              2     2      0      45
                                              1 COMRAM     2     2      0
                       _SPI_Transfer
 ---------------------------------------------------------------------------------
 (1) _SPI_Init_Master                                      0     0      0       0
 ---------------------------------------------------------------------------------
 (1) _NRF24_Init                                          11    11      0     275
                                              3 COMRAM    11    11      0
                       _SPI_Transfer
                           _nrfWrite
 ---------------------------------------------------------------------------------
 (1) _nrfWrite                                             2     1      1      77
                                              1 COMRAM     2     1      1
                       _SPI_Transfer
 ---------------------------------------------------------------------------------
 (2) _SPI_Transfer                                         1     1      0      15
                                              0 COMRAM     1     1      0
 ---------------------------------------------------------------------------------
 Estimated maximum stack depth 2
 ---------------------------------------------------------------------------------

 Call Graph Graphs:

 _main (ROOT)
   _NRF24_Init
     _SPI_Transfer
     _nrfWrite
       _SPI_Transfer
   _SPI_Init_Master
   _SPI_Transfer
   _nrfRead
     _SPI_Transfer
   _nrfWrite

Address spaces:
Name               Size   Autos  Total    Usage
BIGRAM            1535      0       0      0.0%
BITBANK5           256      0       0      0.0%
BANK5              256      0       0      0.0%
BITBANK4           256      0       0      0.0%
BANK4              256      0       0      0.0%
BITBANK3           256      0       0      0.0%
BANK3              256      0       0      0.0%
BITBANK2           256      0       0      0.0%
BANK2              256      0       0      0.0%
BITBANK1           256      0       0      0.0%
BANK1              256      0       0      0.0%
BITBANK0           128      0       0      0.0%
BANK0              128      0       0      0.0%
BITCOMRAM          127      0       0      0.0%
COMRAM             127     17      22     17.3%
BITBIGSFRh          56      0       0      0.0%
BITBIGSFRlh         50      0       0      0.0%
BITBIGSFRllh        18      0       0      0.0%
BITBIGSFRlll         1      0       0      0.0%
STACK                0      0       0      0.0%
DATA                 0      0      22      0.0%


Microchip Technology PIC18 Macro Assembler V2.50 build 20240725155939 
Symbol Table                                                                                   Sat Mar 29 15:08:17 2025

                                                 _SSPSTATbits 0FC7  
                                                          l21 08B8  
                                                          l30 08A0  
                                                          l24 0854  
                                                          l33 0886  
                                                          l26 0868  
                                                          l27 086A  
                                                          l44 068A  
                                                          l46 06D0  
                                                          l47 071A  
                                                          l57 07DA  
                                                          u10 0866  
                                                          u11 0860  
                                                         l900 064E  
                                                         l910 066A  
                                                         l750 08B0  
                                                         l920 069C  
                                                         l912 068E  
                                                         l752 0872  
                                                         l738 0850  
                                                         l922 06AC  
                                                         l914 0694  
                                                         l906 0656  
                                                         l754 0874  
                                                         l930 071E  
                                                         l924 06B0  
                                                         l908 0666  
                                                         l748 08A6  
                                                         l756 0882  
                                                         l940 0746  
                                                         l932 0722  
                                                         l926 06D2  
                                                         l758 0884  
                                                         l950 0774  
                                                         l942 0750  
                                                         l934 0726  
                                                         l880 0898  
                                                         l928 0718  
                                                         l960 0792  
                                                         l952 0784  
                                                         l944 076A  
                                                         l936 072A  
                                                         l882 089E  
                                                         l890 061A  
                                                         l970 07F0  
                                                         l962 07B2  
                                                         l954 0786  
                                                         l946 076C  
                                                         l938 0742  
                                                         l876 088E  
                                                         l892 0632  
                                                         l884 0604  
                                                         l972 07F6  
                                                         l964 07BA  
                                                         l956 0788  
                                                         l948 0772  
                                                         l878 0890  
                                                         l894 063C  
                                                         l886 0616  
                                                         l974 07F8  
                                                         l966 07CC  
                                                         l958 0790  
                                                         l896 0646  
                                                         l888 0618  
                                                         l968 07EE  
                                                         l976 0802  
                                                         l898 0648  
                                                         u101 060E  
                                                         u110 0688  
                                                         u111 0682  
                                                         u120 06CE  
                                                         u121 06C8  
                                                         u130 0768  
                                                         u131 0762  
                                                         u140 07B0  
                                                         u141 07AA  
                                                         u150 07CA  
                                                         u207 080E  
                                                         u151 07C4  
                                                         u160 07EC  
                                                         u217 0624  
                                                         u161 07E6  
                                                         u177 0734  
                                                         u187 0748  
                                                         u197 078A  
                                                _SPI_Transfer 084C  
                                                 ?_NRF24_Init 0001  
                                                         wreg 0FE8  
                                                        _main 071E  
                                                        fsr2h 0FDA  
                                                        indf2 0FDF  
                                                        fsr1l 0FE1  
                                                        fsr2l 0FD9  
                                                        start 0002  
                                                ___param_bank 0000  
                                                       ?_main 0001  
                                                       _PORTB 0F81  
                                                       _TRISB 0F93  
                                     __end_of_SPI_Init_Master 08BC  
                                             __end_of_nrfRead 088A  
                                                       tablat 0FF5  
                                                       plusw1 0FE3  
                                                       plusw2 0FDB  
                                                       status 0FD8  
                                             __initialization 0826  
                                                __end_of_main 0826  
                                                 NRF24_Init@i 000B  
                                                      ??_main 000F  
                                               __activetblptr 0000  
                                                      _SSPBUF 0FC9  
                                             NRF24_Init@F1928 0012  
                                             NRF24_Init@i_312 000D  
                                                      isa$std 0001  
                                            __end_of_nrfWrite 08A4  
                                                __pdataCOMRAM 0012  
                                                   ??_nrfRead 0002  
                                                __mediumconst 0000  
                                                      tblptrh 0FF7  
                                                      tblptrl 0FF6  
                                                      tblptru 0FF8  
                                            ?_SPI_Init_Master 0001  
                                                  __accesstop 0080  
                                     __end_of__initialization 0846  
                                               ___rparam_used 0001  
                                              __pcstackCOMRAM 0001  
                                                ??_NRF24_Init 0004  
                                          __end_of_NRF24_Init 071E  
                                                 nrfWrite@reg 0003  
                                                 nrfWrite@val 0002  
                                                     _SSPCON1 0FC6  
                                                     _SSPSTAT 0FC7  
                                                   ?_nrfWrite 0002  
                                                     __Hparam 0000  
                                                     __Lparam 0000  
                                                __psmallconst 0600  
                                                     __pcinit 0826  
                                                     __ramtop 0600  
                                                     __ptext0 071E  
                                                     __ptext1 086E  
                                                     __ptext2 08A4  
                                                     __ptext3 0602  
                                                     __ptext4 088A  
                                                     __ptext5 084C  
                                                     _nrfRead 086E  
                                        end_of_initialization 0846  
                                                  ??_nrfWrite 0003  
                                                     postdec1 0FE5  
                                                     postinc0 0FEE  
                                                   _TRISCbits 0F94  
                                                  main@status 0011  
                                               __pidataCOMRAM 08BC  
                                               ?_SPI_Transfer 0001  
                                         start_initialization 0826  
                                              ??_SPI_Transfer 0001  
                                                  nrfRead@reg 0002  
                                                  nrfRead@val 0003  
                                                 __smallconst 0600  
                                                    ?_nrfRead 0001  
                                                    _LATCbits 0F8B  
                                           ??_SPI_Init_Master 0001  
                                                   copy_data0 083A  
                                        __end_of_SPI_Transfer 086E  
                                                    __Hrparam 0000  
                                                    __Lrparam 0000  
                                                    _nrfWrite 088A  
                                                    isa$xinst 0000  
                                        NRF24_Init@tx_address 0006  
                                                  _NRF24_Init 0602  
                                            SPI_Transfer@data 0001  
                                             _SPI_Init_Master 08A4  
