

Microchip MPLAB XC8 Assembler V2.50 build 20240725155939 
                                                                                               Fri Feb 28 08:10:26 2025

Microchip MPLAB XC8 C Compiler v2.50 (Free license) build 20240725155939 Og1 
     1                           	processor	18F252
     2                           	fnconf	rparam,??,?,0
     3                           	pagewidth 120
     4                           	opt	flic
     5                           	psect	cinit,global,reloc=2,class=CODE,space=0,delta=1
     6                           	psect	bssCOMRAM,global,class=COMRAM,space=1,delta=1,lowdata,noexec
     7                           	psect	cstackCOMRAM,global,class=COMRAM,space=1,delta=1,lowdata,noexec
     8                           	psect	text0,global,reloc=2,class=CODE,space=0,delta=1
     9                           	psect	text1,global,reloc=2,class=CODE,space=0,delta=1
    10                           	psect	smallconst,global,reloc=2,class=SMALLCONST,space=0,delta=1,noexec
    11                           	psect	intsave_regs,global,class=BIGRAM,space=1,delta=1,noexec
    12                           	psect	rparam,global,class=COMRAM,space=1,delta=1,noexec
    13                           	psect	config,global,abs,ovrld,class=CONFIG,space=4,delta=1,noexec
    14   000000                     
    15                           ; Generated 17/10/2023 GMT
    16                           ; 
    17                           ; Copyright © 2023, Microchip Technology Inc. and its subsidiaries ("Microchip")
    18                           ; All rights reserved.
    19                           ; 
    20                           ; This software is developed by Microchip Technology Inc. and its subsidiaries ("Microch
      +                          ip").
    21                           ; 
    22                           ; Redistribution and use in source and binary forms, with or without modification, are
    23                           ; permitted provided that the following conditions are met:
    24                           ; 
    25                           ;     1. Redistributions of source code must retain the above copyright notice, this lis
      +                          t of
    26                           ;        conditions and the following disclaimer.
    27                           ; 
    28                           ;     2. Redistributions in binary form must reproduce the above copyright notice, this 
      +                          list
    29                           ;        of conditions and the following disclaimer in the documentation and/or other
    30                           ;        materials provided with the distribution. Publication is not required when
    31                           ;        this file is used in an embedded application.
    32                           ; 
    33                           ;     3. Microchip's name may not be used to endorse or promote products derived from th
      +                          is
    34                           ;        software without specific prior written permission.
    35                           ; 
    36                           ; THIS SOFTWARE IS PROVIDED BY MICROCHIP "AS IS" AND ANY EXPRESS OR IMPLIED WARRANTIES,
    37                           ; INCLUDING, BUT NOT LIMITED TO, THE IMPLIED WARRANTIES OF MERCHANTABILITY AND FITNESS F
      +                          OR
    38                           ; PURPOSE ARE DISCLAIMED.  IN NO EVENT SHALL MICROCHIP BE LIABLE FOR ANY DIRECT, INDIREC
      +                          T,
    39                           ; INCIDENTAL, SPECIAL, EXEMPLARY, OR CONSEQUENTIAL DAMAGES (INCLUDING BUT NOT LIMITED TO
    40                           ; PROCUREMENT OF SUBSTITUTE GOODS OR SERVICES; LOSS OF USE, DATA OR PROFITS; OR BUSINESS
    41                           ; INTERRUPTION) HOWSOEVER CAUSED AND ON ANY THEORY OF LIABILITY, WHETHER IN CONTRACT, ST
      +                          RICT
    42                           ; LIABILITY, OR TORT (INCLUDING NEGLIGENCE OR OTHERWISE) ARISING IN ANY WAY OUT OF THE U
      +                          SE OF
    43                           ; THIS SOFTWARE, EVEN IF ADVISED OF THE POSSIBILITY OF SUCH DAMAGE.
    44                           ; 
    45                           ; 
    46                           ; Code-generator required, PIC18F252 Definitions
    47                           ; 
    48                           ; SFR Addresses
    49   000FE0                     bsr             equ	4064
    50   000FE9                     fsr0            equ	4073
    51   000FEA                     fsr0h           equ	4074
    52   000FE9                     fsr0l           equ	4073
    53   000FE1                     fsr1            equ	4065
    54   000FE2                     fsr1h           equ	4066
    55   000FE1                     fsr1l           equ	4065
    56   000FD9                     fsr2            equ	4057
    57   000FDA                     fsr2h           equ	4058
    58   000FD9                     fsr2l           equ	4057
    59   000FEF                     indf0           equ	4079
    60   000FE7                     indf1           equ	4071
    61   000FDF                     indf2           equ	4063
    62   000FF2                     intcon          equ	4082
    63   000000                     nvmcon          equ	0
    64   000FF9                     pcl             equ	4089
    65   000FFA                     pclath          equ	4090
    66   000FFB                     pclatu          equ	4091
    67   000FEB                     plusw0          equ	4075
    68   000FE3                     plusw1          equ	4067
    69   000FDB                     plusw2          equ	4059
    70   000FED                     postdec0        equ	4077
    71   000FE5                     postdec1        equ	4069
    72   000FDD                     postdec2        equ	4061
    73   000FEE                     postinc0        equ	4078
    74   000FE6                     postinc1        equ	4070
    75   000FDE                     postinc2        equ	4062
    76   000FEC                     preinc0         equ	4076
    77   000FE4                     preinc1         equ	4068
    78   000FDC                     preinc2         equ	4060
    79   000FF3                     prod            equ	4083
    80   000FF4                     prodh           equ	4084
    81   000FF3                     prodl           equ	4083
    82   000FD8                     status          equ	4056
    83   000FF5                     tablat          equ	4085
    84   000FF6                     tblptr          equ	4086
    85   000FF7                     tblptrh         equ	4087
    86   000FF6                     tblptrl         equ	4086
    87   000FF8                     tblptru         equ	4088
    88   000FFD                     tosl            equ	4093
    89   000FE8                     wreg            equ	4072
    90   000F80                     PORTA           equ	3968	;# 
    91   000F81                     PORTB           equ	3969	;# 
    92   000F82                     PORTC           equ	3970	;# 
    93   000F89                     LATA            equ	3977	;# 
    94   000F8A                     LATB            equ	3978	;# 
    95   000F8B                     LATC            equ	3979	;# 
    96   000F92                     TRISA           equ	3986	;# 
    97   000F92                     DDRA            equ	3986	;# 
    98   000F93                     TRISB           equ	3987	;# 
    99   000F93                     DDRB            equ	3987	;# 
   100   000F94                     TRISC           equ	3988	;# 
   101   000F94                     DDRC            equ	3988	;# 
   102   000F9D                     PIE1            equ	3997	;# 
   103   000F9E                     PIR1            equ	3998	;# 
   104   000F9F                     IPR1            equ	3999	;# 
   105   000FA0                     PIE2            equ	4000	;# 
   106   000FA1                     PIR2            equ	4001	;# 
   107   000FA2                     IPR2            equ	4002	;# 
   108   000FA6                     EECON1          equ	4006	;# 
   109   000FA7                     EECON2          equ	4007	;# 
   110   000FA8                     EEDATA          equ	4008	;# 
   111   000FA9                     EEADR           equ	4009	;# 
   112   000FAB                     RCSTA           equ	4011	;# 
   113   000FAB                     RCSTA1          equ	4011	;# 
   114   000FAC                     TXSTA           equ	4012	;# 
   115   000FAC                     TXSTA1          equ	4012	;# 
   116   000FAD                     TXREG           equ	4013	;# 
   117   000FAD                     TXREG1          equ	4013	;# 
   118   000FAE                     RCREG           equ	4014	;# 
   119   000FAE                     RCREG1          equ	4014	;# 
   120   000FAF                     SPBRG           equ	4015	;# 
   121   000FAF                     SPBRG1          equ	4015	;# 
   122   000FB1                     T3CON           equ	4017	;# 
   123   000FB2                     TMR3            equ	4018	;# 
   124   000FB2                     TMR3L           equ	4018	;# 
   125   000FB3                     TMR3H           equ	4019	;# 
   126   000FBA                     CCP2CON         equ	4026	;# 
   127   000FBB                     CCPR2           equ	4027	;# 
   128   000FBB                     CCPR2L          equ	4027	;# 
   129   000FBC                     CCPR2H          equ	4028	;# 
   130   000FBD                     CCP1CON         equ	4029	;# 
   131   000FBE                     CCPR1           equ	4030	;# 
   132   000FBE                     CCPR1L          equ	4030	;# 
   133   000FBF                     CCPR1H          equ	4031	;# 
   134   000FC1                     ADCON1          equ	4033	;# 
   135   000FC2                     ADCON0          equ	4034	;# 
   136   000FC3                     ADRES           equ	4035	;# 
   137   000FC3                     ADRESL          equ	4035	;# 
   138   000FC4                     ADRESH          equ	4036	;# 
   139   000FC5                     SSPCON2         equ	4037	;# 
   140   000FC6                     SSPCON1         equ	4038	;# 
   141   000FC7                     SSPSTAT         equ	4039	;# 
   142   000FC8                     SSPADD          equ	4040	;# 
   143   000FC9                     SSPBUF          equ	4041	;# 
   144   000FCA                     T2CON           equ	4042	;# 
   145   000FCB                     PR2             equ	4043	;# 
   146   000FCB                     MEMCON          equ	4043	;# 
   147   000FCC                     TMR2            equ	4044	;# 
   148   000FCD                     T1CON           equ	4045	;# 
   149   000FCE                     TMR1            equ	4046	;# 
   150   000FCE                     TMR1L           equ	4046	;# 
   151   000FCF                     TMR1H           equ	4047	;# 
   152   000FD0                     RCON            equ	4048	;# 
   153   000FD1                     WDTCON          equ	4049	;# 
   154   000FD2                     LVDCON          equ	4050	;# 
   155   000FD3                     OSCCON          equ	4051	;# 
   156   000FD5                     T0CON           equ	4053	;# 
   157   000FD6                     TMR0            equ	4054	;# 
   158   000FD6                     TMR0L           equ	4054	;# 
   159   000FD7                     TMR0H           equ	4055	;# 
   160   000FD8                     STATUS          equ	4056	;# 
   161   000FD9                     FSR2            equ	4057	;# 
   162   000FD9                     FSR2L           equ	4057	;# 
   163   000FDA                     FSR2H           equ	4058	;# 
   164   000FDB                     PLUSW2          equ	4059	;# 
   165   000FDC                     PREINC2         equ	4060	;# 
   166   000FDD                     POSTDEC2        equ	4061	;# 
   167   000FDE                     POSTINC2        equ	4062	;# 
   168   000FDF                     INDF2           equ	4063	;# 
   169   000FE0                     BSR             equ	4064	;# 
   170   000FE1                     FSR1            equ	4065	;# 
   171   000FE1                     FSR1L           equ	4065	;# 
   172   000FE2                     FSR1H           equ	4066	;# 
   173   000FE3                     PLUSW1          equ	4067	;# 
   174   000FE4                     PREINC1         equ	4068	;# 
   175   000FE5                     POSTDEC1        equ	4069	;# 
   176   000FE6                     POSTINC1        equ	4070	;# 
   177   000FE7                     INDF1           equ	4071	;# 
   178   000FE8                     WREG            equ	4072	;# 
   179   000FE9                     FSR0            equ	4073	;# 
   180   000FE9                     FSR0L           equ	4073	;# 
   181   000FEA                     FSR0H           equ	4074	;# 
   182   000FEB                     PLUSW0          equ	4075	;# 
   183   000FEC                     PREINC0         equ	4076	;# 
   184   000FED                     POSTDEC0        equ	4077	;# 
   185   000FEE                     POSTINC0        equ	4078	;# 
   186   000FEF                     INDF0           equ	4079	;# 
   187   000FF0                     INTCON3         equ	4080	;# 
   188   000FF1                     INTCON2         equ	4081	;# 
   189   000FF2                     INTCON          equ	4082	;# 
   190   000FF2                     INTCON1         equ	4082	;# 
   191   000FF3                     PROD            equ	4083	;# 
   192   000FF3                     PRODL           equ	4083	;# 
   193   000FF4                     PRODH           equ	4084	;# 
   194   000FF5                     TABLAT          equ	4085	;# 
   195   000FF6                     TBLPTR          equ	4086	;# 
   196   000FF6                     TBLPTRL         equ	4086	;# 
   197   000FF7                     TBLPTRH         equ	4087	;# 
   198   000FF8                     TBLPTRU         equ	4088	;# 
   199   000FF9                     PCLAT           equ	4089	;# 
   200   000FF9                     PC              equ	4089	;# 
   201   000FF9                     PCL             equ	4089	;# 
   202   000FFA                     PCLATH          equ	4090	;# 
   203   000FFB                     PCLATU          equ	4091	;# 
   204   000FFC                     STKPTR          equ	4092	;# 
   205   000FFD                     TOS             equ	4093	;# 
   206   000FFD                     TOSL            equ	4093	;# 
   207   000FFE                     TOSH            equ	4094	;# 
   208   000FFF                     TOSU            equ	4095	;# 
   209   007E36                     _SSPOV          set	32310
   210   007CF3                     _SSPIF          set	31987
   211   007E38                     _BF             set	32312
   212   007F97                     _GIE            set	32663
   213   007F96                     _PEIE           set	32662
   214   007CEB                     _SSPIE          set	31979
   215   007C95                     _TRISA5         set	31893
   216   007E08                     _PCFG0          set	32264
   217   007E09                     _PCFG1          set	32265
   218   007E0A                     _PCFG2          set	32266
   219   007E0B                     _PCFG3          set	32267
   220   007CA3                     _TRISC3         set	31907
   221   007CA4                     _TRISC4         set	31908
   222   007CA5                     _TRISC5         set	31909
   223   007E3F                     _SMP            set	32319
   224   007E3E                     _CKE            set	32318
   225   007E34                     _CKP            set	32308
   226   007E35                     _SSPEN          set	32309
   227   007E33                     _SSPM3          set	32307
   228   007E32                     _SSPM2          set	32306
   229   007E31                     _SSPM1          set	32305
   230   007E30                     _SSPM0          set	32304
   231   000FC9                     _SSPBUF         set	4041
   232   000F81                     _PORTB          set	3969
   233   000F93                     _TRISB          set	3987
   234                           
   235                           ; #config settings
   236                           
   237                           	psect	cinit
   238   000642                     __pcinit:
   239                           	callstack 0
   240   000642                     start_initialization:
   241                           	callstack 0
   242   000642                     __initialization:
   243                           	callstack 0
   244                           
   245                           ; Clear objects allocated to COMRAM (1 bytes)
   246   000642  6A01               	clrf	__pbssCOMRAM& (0+255),c
   247   000644                     end_of_initialization:
   248                           	callstack 0
   249   000644                     __end_of__initialization:
   250                           	callstack 0
   251   000644  0100               	movlb	0
   252   000646  EF17  F003         	goto	_main	;jump to C main() function
   253                           
   254                           	psect	bssCOMRAM
   255   000001                     __pbssCOMRAM:
   256                           	callstack 0
   257   000001                     _Data:
   258                           	callstack 0
   259   000001                     	ds	1
   260                           
   261                           	psect	cstackCOMRAM
   262   000000                     __pcstackCOMRAM:
   263                           	callstack 0
   264   000000                     
   265                           ; 1 bytes @ 0x0
   266 ;;
   267 ;;Main: autosize = 0, tempsize = 0, incstack = 0, save=0
   268 ;;
   269 ;; *************** function _main *****************
   270 ;; Defined at:
   271 ;;		line 12 in file "newmain.c"
   272 ;; Parameters:    Size  Location     Type
   273 ;;		None
   274 ;; Auto vars:     Size  Location     Type
   275 ;;		None
   276 ;; Return value:  Size  Location     Type
   277 ;;                  1    wreg      void 
   278 ;; Registers used:
   279 ;;		cstack
   280 ;; Tracked objects:
   281 ;;		On entry : 0/0
   282 ;;		On exit  : 0/0
   283 ;;		Unchanged: 0/0
   284 ;; Data sizes:     COMRAM   BANK0   BANK1   BANK2   BANK3   BANK4   BANK5
   285 ;;      Params:         0       0       0       0       0       0       0
   286 ;;      Locals:         0       0       0       0       0       0       0
   287 ;;      Temps:          0       0       0       0       0       0       0
   288 ;;      Totals:         0       0       0       0       0       0       0
   289 ;;Total ram usage:        0 bytes
   290 ;; Hardware stack levels required when called: 1
   291 ;; This function calls:
   292 ;;		_SPI_Slave_Init
   293 ;; This function is called by:
   294 ;;		Startup code after reset
   295 ;; This function uses a non-reentrant model
   296 ;;
   297                           
   298                           	psect	text0
   299   00062E                     __ptext0:
   300                           	callstack 0
   301   00062E                     _main:
   302                           	callstack 30
   303   00062E  FFFF               	dw	65535	; assembler added errata NOP
   304                           
   305                           ;newmain.c: 14:   SPI_Slave_Init();
   306   000630  EC01  F003         	call	_SPI_Slave_Init	;wreg free
   307   000634                     
   308                           ;newmain.c: 15:   TRISB = 0x00;
   309   000634  6A93               	clrf	147,c	;volatile
   310   000636                     l751:
   311   000636  FFFF               	dw	65535	; assembler added errata NOP
   312                           
   313                           ;newmain.c: 17:   {;newmain.c: 19:     PORTB = Data;
   314   000638  6A81               	clrf	129,c	;volatile
   315   00063A  EF1B  F003         	goto	l751
   316   00063E  EF01  F000         	goto	start
   317   000642                     __end_of_main:
   318                           	callstack 0
   319                           
   320 ;; *************** function _SPI_Slave_Init *****************
   321 ;; Defined at:
   322 ;;		line 24 in file "newmain.c"
   323 ;; Parameters:    Size  Location     Type
   324 ;;		None
   325 ;; Auto vars:     Size  Location     Type
   326 ;;		None
   327 ;; Return value:  Size  Location     Type
   328 ;;                  1    wreg      void 
   329 ;; Registers used:
   330 ;;		None
   331 ;; Tracked objects:
   332 ;;		On entry : 0/0
   333 ;;		On exit  : 0/0
   334 ;;		Unchanged: 0/0
   335 ;; Data sizes:     COMRAM   BANK0   BANK1   BANK2   BANK3   BANK4   BANK5
   336 ;;      Params:         0       0       0       0       0       0       0
   337 ;;      Locals:         0       0       0       0       0       0       0
   338 ;;      Temps:          0       0       0       0       0       0       0
   339 ;;      Totals:         0       0       0       0       0       0       0
   340 ;;Total ram usage:        0 bytes
   341 ;; Hardware stack levels used: 1
   342 ;; This function calls:
   343 ;;		Nothing
   344 ;; This function is called by:
   345 ;;		_main
   346 ;; This function uses a non-reentrant model
   347 ;;
   348                           
   349                           	psect	text1
   350   000602                     __ptext1:
   351                           	callstack 0
   352   000602                     _SPI_Slave_Init:
   353                           	callstack 0
   354   000602  FFFF               	dw	65535	; assembler added errata NOP
   355   000604                     
   356                           ;newmain.c: 27:   SSPM0 = 0;
   357   000604  90C6               	bcf	4038,0,c	;volatile
   358                           
   359                           ;newmain.c: 28:   SSPM1 = 0;
   360   000606  92C6               	bcf	4038,1,c	;volatile
   361                           
   362                           ;newmain.c: 29:   SSPM2 = 1;
   363   000608  84C6               	bsf	4038,2,c	;volatile
   364                           
   365                           ;newmain.c: 30:   SSPM3 = 0;
   366   00060A  96C6               	bcf	4038,3,c	;volatile
   367                           
   368                           ;newmain.c: 32:   SSPEN = 1;
   369   00060C  8AC6               	bsf	4038,5,c	;volatile
   370                           
   371                           ;newmain.c: 34:   CKP = 0;
   372   00060E  98C6               	bcf	4038,4,c	;volatile
   373                           
   374                           ;newmain.c: 35:   CKE = 0;
   375   000610  9CC7               	bcf	4039,6,c	;volatile
   376                           
   377                           ;newmain.c: 37:   SMP = 0;
   378   000612  9EC7               	bcf	4039,7,c	;volatile
   379                           
   380                           ;newmain.c: 39:   TRISC5 = 0;
   381   000614  9A94               	bcf	3988,5,c	;volatile
   382                           
   383                           ;newmain.c: 40:   TRISC4 = 1;
   384   000616  8894               	bsf	3988,4,c	;volatile
   385                           
   386                           ;newmain.c: 41:   TRISC3 = 1;
   387   000618  8694               	bsf	3988,3,c	;volatile
   388                           
   389                           ;newmain.c: 42:   PCFG3 = 0;
   390   00061A  96C1               	bcf	4033,3,c	;volatile
   391                           
   392                           ;newmain.c: 43:   PCFG2 = 1;
   393   00061C  84C1               	bsf	4033,2,c	;volatile
   394                           
   395                           ;newmain.c: 44:   PCFG1 = 0;
   396   00061E  92C1               	bcf	4033,1,c	;volatile
   397                           
   398                           ;newmain.c: 45:   PCFG0 = 0;
   399   000620  90C1               	bcf	4033,0,c	;volatile
   400                           
   401                           ;newmain.c: 46:   TRISA5 = 1;
   402   000622  8A92               	bsf	3986,5,c	;volatile
   403                           
   404                           ;newmain.c: 48:   SSPIE = 1;
   405   000624  869D               	bsf	3997,3,c	;volatile
   406                           
   407                           ;newmain.c: 49:   PEIE = 1;
   408   000626  8CF2               	bsf	4082,6,c	;volatile
   409                           
   410                           ;newmain.c: 50:   GIE = 1;
   411   000628  8EF2               	bsf	4082,7,c	;volatile
   412   00062A  0012               	return		;funcret
   413   00062C  FFFF               	dw	65535	; errata NOP
   414   00062E                     __end_of_SPI_Slave_Init:
   415                           	callstack 0
   416                           
   417                           	psect	smallconst
   418   000600                     __psmallconst:
   419                           	callstack 0
   420   000600  00                 	db	0
   421   000601  00                 	db	0	; dummy byte at the end
   422   000000                     __activetblptr  equ	0
   423                           
   424                           	psect	rparam
   425   000001                     ___rparam_used  equ	1
   426   000000                     ___param_bank   equ	0
   427   000000                     __Lparam        equ	__Lrparam
   428   000000                     __Hparam        equ	__Hrparam
   429                           
   430                           	psect	config
   431                           
   432                           ; Padding undefined space
   433   300000                     	org	3145728
   434   300000  FF                 	db	255
   435                           
   436                           ;Config register CONFIG1H @ 0x300001
   437                           ;	Oscillator Selection bits
   438                           ;	OSC = HS, HS oscillator
   439                           ;	Oscillator System Clock Switch Enable bit
   440                           ;	OSCS = OFF, Oscillator system clock switch option is disabled (main oscillator is sour
      +                          ce)
   441   300001                     	org	3145729
   442   300001  22                 	db	34
   443                           
   444                           ;Config register CONFIG2L @ 0x300002
   445                           ;	Power-up Timer Enable bit
   446                           ;	PWRT = OFF, PWRT disabled
   447                           ;	Brown-out Reset Enable bit
   448                           ;	BOR = ON, Brown-out Reset enabled
   449                           ;	Brown-out Reset Voltage bits
   450                           ;	BORV = 20, VBOR set to 2.0V
   451   300002                     	org	3145730
   452   300002  0F                 	db	15
   453                           
   454                           ;Config register CONFIG2H @ 0x300003
   455                           ;	Watchdog Timer Enable bit
   456                           ;	WDT = OFF, WDT disabled (control is placed on the SWDTEN bit)
   457                           ;	Watchdog Timer Postscale Select bits
   458                           ;	WDTPS = 128, 1:128
   459   300003                     	org	3145731
   460   300003  0E                 	db	14
   461                           
   462                           ; Padding undefined space
   463   300004                     	org	3145732
   464   300004  FF                 	db	255
   465                           
   466                           ;Config register CONFIG3H @ 0x300005
   467                           ;	CCP2 Mux bit
   468                           ;	CCP2MUX = ON, CCP2 input/output is multiplexed with RC1
   469   300005                     	org	3145733
   470   300005  01                 	db	1
   471                           
   472                           ;Config register CONFIG4L @ 0x300006
   473                           ;	Stack Full/Underflow Reset Enable bit
   474                           ;	STVR = OFF, Stack Full/Underflow will not cause RESET
   475                           ;	Low Voltage ICSP Enable bit
   476                           ;	LVP = OFF, Low Voltage ICSP disabled
   477                           ;	Background Debugger Enable bit
   478                           ;	DEBUG = 0x1, unprogrammed default
   479   300006                     	org	3145734
   480   300006  80                 	db	128
   481                           
   482                           ; Padding undefined space
   483   300007                     	org	3145735
   484   300007  FF                 	db	255
   485                           
   486                           ;Config register CONFIG5L @ 0x300008
   487                           ;	Code Protection bit
   488                           ;	CP0 = OFF, Block 0 (000200-001FFFh) not code protected
   489                           ;	Code Protection bit
   490                           ;	CP1 = OFF, Block 1 (002000-003FFFh) not code protected
   491                           ;	Code Protection bit
   492                           ;	CP2 = OFF, Block 2 (004000-005FFFh) not code protected
   493                           ;	Code Protection bit
   494                           ;	CP3 = OFF, Block 3 (006000-007FFFh) not code protected
   495   300008                     	org	3145736
   496   300008  0F                 	db	15
   497                           
   498                           ;Config register CONFIG5H @ 0x300009
   499                           ;	Boot Block Code Protection bit
   500                           ;	CPB = OFF, Boot Block (000000-0001FFh) not code protected
   501                           ;	Data EEPROM Code Protection bit
   502                           ;	CPD = OFF, Data EEPROM not code protected
   503   300009                     	org	3145737
   504   300009  C0                 	db	192
   505                           
   506                           ;Config register CONFIG6L @ 0x30000A
   507                           ;	Write Protection bit
   508                           ;	WRT0 = OFF, Block 0 (000200-001FFFh) not write protected
   509                           ;	Write Protection bit
   510                           ;	WRT1 = OFF, Block 1 (002000-003FFFh) not write protected
   511                           ;	Write Protection bit
   512                           ;	WRT2 = OFF, Block 2 (004000-005FFFh) not write protected
   513                           ;	Write Protection bit
   514                           ;	WRT3 = OFF, Block 3 (006000-007FFFh) not write protected
   515   30000A                     	org	3145738
   516   30000A  0F                 	db	15
   517                           
   518                           ;Config register CONFIG6H @ 0x30000B
   519                           ;	Configuration Register Write Protection bit
   520                           ;	WRTC = OFF, Configuration registers (300000-3000FFh) not write protected
   521                           ;	Boot Block Write Protection bit
   522                           ;	WRTB = OFF, Boot Block (000000-0001FFh) not write protected
   523                           ;	Data EEPROM Write Protection bit
   524                           ;	WRTD = OFF, Data EEPROM not write protected
   525   30000B                     	org	3145739
   526   30000B  E0                 	db	224
   527                           
   528                           ;Config register CONFIG7L @ 0x30000C
   529                           ;	Table Read Protection bit
   530                           ;	EBTR0 = OFF, Block 0 (000200-001FFFh) not protected from Table Reads executed in other
      +                           blocks
   531                           ;	Table Read Protection bit
   532                           ;	EBTR1 = OFF, Block 1 (002000-003FFFh) not protected from Table Reads executed in other
      +                           blocks
   533                           ;	Table Read Protection bit
   534                           ;	EBTR2 = OFF, Block 2 (004000-005FFFh) not protected from Table Reads executed in other
      +                           blocks
   535                           ;	Table Read Protection bit
   536                           ;	EBTR3 = OFF, Block 3 (006000-007FFFh) not protected from Table Reads executed in other
      +                           blocks
   537   30000C                     	org	3145740
   538   30000C  0F                 	db	15
   539                           
   540                           ;Config register CONFIG7H @ 0x30000D
   541                           ;	Boot Block Table Read Protection bit
   542                           ;	EBTRB = OFF, Boot Block (000000-0001FFh) not protected from Table Reads executed in ot
      +                          her blocks
   543   30000D                     	org	3145741
   544   30000D  40                 	db	64
   545                           tosu	equ	0xFFF
   546                           tosh	equ	0xFFE
   547                           tosl	equ	0xFFD
   548                           stkptr	equ	0xFFC
   549                           pclatu	equ	0xFFB
   550                           pclath	equ	0xFFA
   551                           pcl	equ	0xFF9
   552                           tblptru	equ	0xFF8
   553                           tblptrh	equ	0xFF7
   554                           tblptrl	equ	0xFF6
   555                           tablat	equ	0xFF5
   556                           prodh	equ	0xFF4
   557                           prodl	equ	0xFF3
   558                           indf0	equ	0xFEF
   559                           postinc0	equ	0xFEE
   560                           postdec0	equ	0xFED
   561                           preinc0	equ	0xFEC
   562                           plusw0	equ	0xFEB
   563                           fsr0h	equ	0xFEA
   564                           fsr0l	equ	0xFE9
   565                           wreg	equ	0xFE8
   566                           indf1	equ	0xFE7
   567                           postinc1	equ	0xFE6
   568                           postdec1	equ	0xFE5
   569                           preinc1	equ	0xFE4
   570                           plusw1	equ	0xFE3
   571                           fsr1h	equ	0xFE2
   572                           fsr1l	equ	0xFE1
   573                           bsr	equ	0xFE0
   574                           indf2	equ	0xFDF
   575                           postinc2	equ	0xFDE
   576                           postdec2	equ	0xFDD
   577                           preinc2	equ	0xFDC
   578                           plusw2	equ	0xFDB
   579                           fsr2h	equ	0xFDA
   580                           fsr2l	equ	0xFD9
   581                           status	equ	0xFD8

Data Sizes:
    Strings     0
    Constant    0
    Data        0
    BSS         1
    Persistent  0
    Stack       0

Auto Spaces:
    Space          Size  Autos    Used
    COMRAM          127      0       1
    BANK0           128      0       0
    BANK1           256      0       0
    BANK2           256      0       0
    BANK3           256      0       0
    BANK4           256      0       0
    BANK5           256      0       0

Pointer List with Targets:

    None.

Critical Paths under _main in COMRAM

    None.

Critical Paths under _main in BANK0

    None.

Critical Paths under _main in BANK1

    None.

Critical Paths under _main in BANK2

    None.

Critical Paths under _main in BANK3

    None.

Critical Paths under _main in BANK4

    None.

Critical Paths under _main in BANK5

    None.

Call Graph Tables:

 ---------------------------------------------------------------------------------
 (Depth) Function   	        Calls       Base Space   Used Autos Params    Refs
 ---------------------------------------------------------------------------------
 (0) _main                                                 0     0      0       0
                     _SPI_Slave_Init
 ---------------------------------------------------------------------------------
 (1) _SPI_Slave_Init                                       0     0      0       0
 ---------------------------------------------------------------------------------
 Estimated maximum stack depth 1
 ---------------------------------------------------------------------------------

 Call Graph Graphs:

 _main (ROOT)
   _SPI_Slave_Init

Address spaces:
Name               Size   Autos  Total    Usage
BIGRAM            1535      0       0      0.0%
BITBANK5           256      0       0      0.0%
BANK5              256      0       0      0.0%
BITBANK4           256      0       0      0.0%
BANK4              256      0       0      0.0%
BITBANK3           256      0       0      0.0%
BANK3              256      0       0      0.0%
BITBANK2           256      0       0      0.0%
BANK2              256      0       0      0.0%
BITBANK1           256      0       0      0.0%
BANK1              256      0       0      0.0%
BITBANK0           128      0       0      0.0%
BANK0              128      0       0      0.0%
BITCOMRAM          127      0       0      0.0%
COMRAM             127      0       1      0.8%
BITBIGSFRh          98      0       0      0.0%
BITBIGSFRllh        16      0       0      0.0%
BITBIGSFRlh         10      0       0      0.0%
BITBIGSFRlll         1      0       0      0.0%
STACK                0      0       0      0.0%
DATA                 0      0       1      0.0%


Microchip Technology PIC18 Macro Assembler V2.50 build 20240725155939 
Symbol Table                                                                                   Fri Feb 28 08:10:26 2025

                                                              _BF 7E38  
                                                              l65 062A  
                                                             l751 0636  
                                                             l745 0604  
                                                             l747 062E  
                                                             l749 0634  
                                                             _CKE 7E3E  
                                                             _CKP 7E34  
                                                             _GIE 7F97  
                                                             _SMP 7E3F  
                                                            _PEIE 7F96  
                                                            _Data 0001  
                                                            _main 062E  
                                                  _SPI_Slave_Init 0602  
                                                            start 0002  
                                                    ___param_bank 0000  
                                                           ?_main 0000  
                                                           _PCFG0 7E08  
                                                           _PCFG1 7E09  
                                                           _PCFG2 7E0A  
                                                           _PCFG3 7E0B  
                                                           _PORTB 0F81  
                                                           _SSPM0 7E30  
                                                           _SSPM1 7E31  
                                                           _SSPM2 7E32  
                                                           _SSPM3 7E33  
                                                           _TRISB 0F93  
                                                           _SSPIE 7CEB  
                                                           _SSPEN 7E35  
                                                           _SSPIF 7CF3  
                                                           _SSPOV 7E36  
                                          __end_of_SPI_Slave_Init 062E  
                                                 __initialization 0642  
                                                    __end_of_main 0642  
                                                          ??_main 0000  
                                                   __activetblptr 0000  
                                                 ?_SPI_Slave_Init 0000  
                                                          _TRISA5 7C95  
                                                          _TRISC3 7CA3  
                                                          _TRISC4 7CA4  
                                                          _TRISC5 7CA5  
                                                          _SSPBUF 0FC9  
                                                          isa$std 0001  
                                                    __mediumconst 0000  
                                                      __accesstop 0080  
                                         __end_of__initialization 0644  
                                                   ___rparam_used 0001  
                                                  __pcstackCOMRAM 0000  
                                                         __Hparam 0000  
                                                         __Lparam 0000  
                                                    __psmallconst 0600  
                                                         __pcinit 0642  
                                                         __ramtop 0600  
                                                         __ptext0 062E  
                                                         __ptext1 0602  
                                                ??_SPI_Slave_Init 0000  
                                            end_of_initialization 0644  
                                             start_initialization 0642  
                                                     __pbssCOMRAM 0001  
                                                     __smallconst 0600  
                                                        __Hrparam 0000  
                                                        __Lrparam 0000  
                                                        isa$xinst 0000  
