

Microchip MPLAB XC8 Assembler V2.50 build 20240725155939 
                                                                                               Fri Mar 21 14:54:39 2025

Microchip MPLAB XC8 C Compiler v2.50 (Free license) build 20240725155939 Og1 
     1                           	processor	18F252
     2                           	fnconf	rparam,??,?,0
     3                           	pagewidth 120
     4                           	opt	flic
     5                           	psect	cinit,global,reloc=2,class=CODE,space=0,delta=1
     6                           	psect	cstackCOMRAM,global,class=COMRAM,space=1,delta=1,lowdata,noexec
     7                           	psect	text0,global,reloc=2,class=CODE,space=0,delta=1
     8                           	psect	text1,global,reloc=2,class=CODE,space=0,delta=1
     9                           	psect	text2,global,reloc=2,class=CODE,space=0,delta=1
    10                           	psect	smallconst,global,reloc=2,class=SMALLCONST,space=0,delta=1,noexec
    11                           	psect	intsave_regs,global,class=BIGRAM,space=1,delta=1,noexec
    12                           	psect	rparam,global,class=COMRAM,space=1,delta=1,noexec
    13                           	psect	config,global,abs,ovrld,class=CONFIG,space=4,delta=1,noexec
    14   000000                     
    15                           ; Generated 17/10/2023 GMT
    16                           ; 
    17                           ; Copyright © 2023, Microchip Technology Inc. and its subsidiaries ("Microchip")
    18                           ; All rights reserved.
    19                           ; 
    20                           ; This software is developed by Microchip Technology Inc. and its subsidiaries ("Microch
      +                          ip").
    21                           ; 
    22                           ; Redistribution and use in source and binary forms, with or without modification, are
    23                           ; permitted provided that the following conditions are met:
    24                           ; 
    25                           ;     1. Redistributions of source code must retain the above copyright notice, this lis
      +                          t of
    26                           ;        conditions and the following disclaimer.
    27                           ; 
    28                           ;     2. Redistributions in binary form must reproduce the above copyright notice, this 
      +                          list
    29                           ;        of conditions and the following disclaimer in the documentation and/or other
    30                           ;        materials provided with the distribution. Publication is not required when
    31                           ;        this file is used in an embedded application.
    32                           ; 
    33                           ;     3. Microchip's name may not be used to endorse or promote products derived from th
      +                          is
    34                           ;        software without specific prior written permission.
    35                           ; 
    36                           ; THIS SOFTWARE IS PROVIDED BY MICROCHIP "AS IS" AND ANY EXPRESS OR IMPLIED WARRANTIES,
    37                           ; INCLUDING, BUT NOT LIMITED TO, THE IMPLIED WARRANTIES OF MERCHANTABILITY AND FITNESS F
      +                          OR
    38                           ; PURPOSE ARE DISCLAIMED.  IN NO EVENT SHALL MICROCHIP BE LIABLE FOR ANY DIRECT, INDIREC
      +                          T,
    39                           ; INCIDENTAL, SPECIAL, EXEMPLARY, OR CONSEQUENTIAL DAMAGES (INCLUDING BUT NOT LIMITED TO
    40                           ; PROCUREMENT OF SUBSTITUTE GOODS OR SERVICES; LOSS OF USE, DATA OR PROFITS; OR BUSINESS
    41                           ; INTERRUPTION) HOWSOEVER CAUSED AND ON ANY THEORY OF LIABILITY, WHETHER IN CONTRACT, ST
      +                          RICT
    42                           ; LIABILITY, OR TORT (INCLUDING NEGLIGENCE OR OTHERWISE) ARISING IN ANY WAY OUT OF THE U
      +                          SE OF
    43                           ; THIS SOFTWARE, EVEN IF ADVISED OF THE POSSIBILITY OF SUCH DAMAGE.
    44                           ; 
    45                           ; 
    46                           ; Code-generator required, PIC18F252 Definitions
    47                           ; 
    48                           ; SFR Addresses
    49   000FE0                     bsr             equ	4064
    50   000FE9                     fsr0            equ	4073
    51   000FEA                     fsr0h           equ	4074
    52   000FE9                     fsr0l           equ	4073
    53   000FE1                     fsr1            equ	4065
    54   000FE2                     fsr1h           equ	4066
    55   000FE1                     fsr1l           equ	4065
    56   000FD9                     fsr2            equ	4057
    57   000FDA                     fsr2h           equ	4058
    58   000FD9                     fsr2l           equ	4057
    59   000FEF                     indf0           equ	4079
    60   000FE7                     indf1           equ	4071
    61   000FDF                     indf2           equ	4063
    62   000FF2                     intcon          equ	4082
    63   000000                     nvmcon          equ	0
    64   000FF9                     pcl             equ	4089
    65   000FFA                     pclath          equ	4090
    66   000FFB                     pclatu          equ	4091
    67   000FEB                     plusw0          equ	4075
    68   000FE3                     plusw1          equ	4067
    69   000FDB                     plusw2          equ	4059
    70   000FED                     postdec0        equ	4077
    71   000FE5                     postdec1        equ	4069
    72   000FDD                     postdec2        equ	4061
    73   000FEE                     postinc0        equ	4078
    74   000FE6                     postinc1        equ	4070
    75   000FDE                     postinc2        equ	4062
    76   000FEC                     preinc0         equ	4076
    77   000FE4                     preinc1         equ	4068
    78   000FDC                     preinc2         equ	4060
    79   000FF3                     prod            equ	4083
    80   000FF4                     prodh           equ	4084
    81   000FF3                     prodl           equ	4083
    82   000FD8                     status          equ	4056
    83   000FF5                     tablat          equ	4085
    84   000FF6                     tblptr          equ	4086
    85   000FF7                     tblptrh         equ	4087
    86   000FF6                     tblptrl         equ	4086
    87   000FF8                     tblptru         equ	4088
    88   000FFD                     tosl            equ	4093
    89   000FE8                     wreg            equ	4072
    90   000F80                     PORTA           equ	3968	;# 
    91   000F81                     PORTB           equ	3969	;# 
    92   000F82                     PORTC           equ	3970	;# 
    93   000F89                     LATA            equ	3977	;# 
    94   000F8A                     LATB            equ	3978	;# 
    95   000F8B                     LATC            equ	3979	;# 
    96   000F92                     TRISA           equ	3986	;# 
    97   000F92                     DDRA            equ	3986	;# 
    98   000F93                     TRISB           equ	3987	;# 
    99   000F93                     DDRB            equ	3987	;# 
   100   000F94                     TRISC           equ	3988	;# 
   101   000F94                     DDRC            equ	3988	;# 
   102   000F9D                     PIE1            equ	3997	;# 
   103   000F9E                     PIR1            equ	3998	;# 
   104   000F9F                     IPR1            equ	3999	;# 
   105   000FA0                     PIE2            equ	4000	;# 
   106   000FA1                     PIR2            equ	4001	;# 
   107   000FA2                     IPR2            equ	4002	;# 
   108   000FA6                     EECON1          equ	4006	;# 
   109   000FA7                     EECON2          equ	4007	;# 
   110   000FA8                     EEDATA          equ	4008	;# 
   111   000FA9                     EEADR           equ	4009	;# 
   112   000FAB                     RCSTA           equ	4011	;# 
   113   000FAB                     RCSTA1          equ	4011	;# 
   114   000FAC                     TXSTA           equ	4012	;# 
   115   000FAC                     TXSTA1          equ	4012	;# 
   116   000FAD                     TXREG           equ	4013	;# 
   117   000FAD                     TXREG1          equ	4013	;# 
   118   000FAE                     RCREG           equ	4014	;# 
   119   000FAE                     RCREG1          equ	4014	;# 
   120   000FAF                     SPBRG           equ	4015	;# 
   121   000FAF                     SPBRG1          equ	4015	;# 
   122   000FB1                     T3CON           equ	4017	;# 
   123   000FB2                     TMR3            equ	4018	;# 
   124   000FB2                     TMR3L           equ	4018	;# 
   125   000FB3                     TMR3H           equ	4019	;# 
   126   000FBA                     CCP2CON         equ	4026	;# 
   127   000FBB                     CCPR2           equ	4027	;# 
   128   000FBB                     CCPR2L          equ	4027	;# 
   129   000FBC                     CCPR2H          equ	4028	;# 
   130   000FBD                     CCP1CON         equ	4029	;# 
   131   000FBE                     CCPR1           equ	4030	;# 
   132   000FBE                     CCPR1L          equ	4030	;# 
   133   000FBF                     CCPR1H          equ	4031	;# 
   134   000FC1                     ADCON1          equ	4033	;# 
   135   000FC2                     ADCON0          equ	4034	;# 
   136   000FC3                     ADRES           equ	4035	;# 
   137   000FC3                     ADRESL          equ	4035	;# 
   138   000FC4                     ADRESH          equ	4036	;# 
   139   000FC5                     SSPCON2         equ	4037	;# 
   140   000FC6                     SSPCON1         equ	4038	;# 
   141   000FC7                     SSPSTAT         equ	4039	;# 
   142   000FC8                     SSPADD          equ	4040	;# 
   143   000FC9                     SSPBUF          equ	4041	;# 
   144   000FCA                     T2CON           equ	4042	;# 
   145   000FCB                     PR2             equ	4043	;# 
   146   000FCB                     MEMCON          equ	4043	;# 
   147   000FCC                     TMR2            equ	4044	;# 
   148   000FCD                     T1CON           equ	4045	;# 
   149   000FCE                     TMR1            equ	4046	;# 
   150   000FCE                     TMR1L           equ	4046	;# 
   151   000FCF                     TMR1H           equ	4047	;# 
   152   000FD0                     RCON            equ	4048	;# 
   153   000FD1                     WDTCON          equ	4049	;# 
   154   000FD2                     LVDCON          equ	4050	;# 
   155   000FD3                     OSCCON          equ	4051	;# 
   156   000FD5                     T0CON           equ	4053	;# 
   157   000FD6                     TMR0            equ	4054	;# 
   158   000FD6                     TMR0L           equ	4054	;# 
   159   000FD7                     TMR0H           equ	4055	;# 
   160   000FD8                     STATUS          equ	4056	;# 
   161   000FD9                     FSR2            equ	4057	;# 
   162   000FD9                     FSR2L           equ	4057	;# 
   163   000FDA                     FSR2H           equ	4058	;# 
   164   000FDB                     PLUSW2          equ	4059	;# 
   165   000FDC                     PREINC2         equ	4060	;# 
   166   000FDD                     POSTDEC2        equ	4061	;# 
   167   000FDE                     POSTINC2        equ	4062	;# 
   168   000FDF                     INDF2           equ	4063	;# 
   169   000FE0                     BSR             equ	4064	;# 
   170   000FE1                     FSR1            equ	4065	;# 
   171   000FE1                     FSR1L           equ	4065	;# 
   172   000FE2                     FSR1H           equ	4066	;# 
   173   000FE3                     PLUSW1          equ	4067	;# 
   174   000FE4                     PREINC1         equ	4068	;# 
   175   000FE5                     POSTDEC1        equ	4069	;# 
   176   000FE6                     POSTINC1        equ	4070	;# 
   177   000FE7                     INDF1           equ	4071	;# 
   178   000FE8                     WREG            equ	4072	;# 
   179   000FE9                     FSR0            equ	4073	;# 
   180   000FE9                     FSR0L           equ	4073	;# 
   181   000FEA                     FSR0H           equ	4074	;# 
   182   000FEB                     PLUSW0          equ	4075	;# 
   183   000FEC                     PREINC0         equ	4076	;# 
   184   000FED                     POSTDEC0        equ	4077	;# 
   185   000FEE                     POSTINC0        equ	4078	;# 
   186   000FEF                     INDF0           equ	4079	;# 
   187   000FF0                     INTCON3         equ	4080	;# 
   188   000FF1                     INTCON2         equ	4081	;# 
   189   000FF2                     INTCON          equ	4082	;# 
   190   000FF2                     INTCON1         equ	4082	;# 
   191   000FF3                     PROD            equ	4083	;# 
   192   000FF3                     PRODL           equ	4083	;# 
   193   000FF4                     PRODH           equ	4084	;# 
   194   000FF5                     TABLAT          equ	4085	;# 
   195   000FF6                     TBLPTR          equ	4086	;# 
   196   000FF6                     TBLPTRL         equ	4086	;# 
   197   000FF7                     TBLPTRH         equ	4087	;# 
   198   000FF8                     TBLPTRU         equ	4088	;# 
   199   000FF9                     PCLAT           equ	4089	;# 
   200   000FF9                     PC              equ	4089	;# 
   201   000FF9                     PCL             equ	4089	;# 
   202   000FFA                     PCLATH          equ	4090	;# 
   203   000FFB                     PCLATU          equ	4091	;# 
   204   000FFC                     STKPTR          equ	4092	;# 
   205   000FFD                     TOS             equ	4093	;# 
   206   000FFD                     TOSL            equ	4093	;# 
   207   000FFE                     TOSH            equ	4094	;# 
   208   000FFF                     TOSU            equ	4095	;# 
   209   000F8A                     _LATBbits       set	3978
   210   000F93                     _TRISBbits      set	3987
   211   000FC7                     _SSPSTATbits    set	4039
   212   000FC9                     _SSPBUF         set	4041
   213   000FC7                     _SSPSTAT        set	4039
   214   000FC6                     _SSPCON1        set	4038
   215   000F94                     _TRISCbits      set	3988
   216                           
   217                           ; #config settings
   218                           
   219                           	psect	cinit
   220   0006A0                     __pcinit:
   221                           	callstack 0
   222   0006A0                     start_initialization:
   223                           	callstack 0
   224   0006A0                     __initialization:
   225                           	callstack 0
   226   0006A0                     end_of_initialization:
   227                           	callstack 0
   228   0006A0                     __end_of__initialization:
   229                           	callstack 0
   230   0006A0  0100               	movlb	0
   231   0006A2  EF01  F003         	goto	_main	;jump to C main() function
   232                           
   233                           	psect	cstackCOMRAM
   234   000001                     __pcstackCOMRAM:
   235                           	callstack 0
   236   000001                     SPI_Transfer@data:
   237                           	callstack 0
   238   000001                     
   239                           ; 1 bytes @ 0x0
   240   000001                     	ds	1
   241   000002                     ??_main:
   242                           
   243                           ; 1 bytes @ 0x1
   244   000002                     	ds	2
   245   000004                     main@sendData:
   246                           	callstack 0
   247                           
   248                           ; 1 bytes @ 0x3
   249   000004                     	ds	1
   250                           
   251 ;;
   252 ;;Main: autosize = 0, tempsize = 2, incstack = 0, save=0
   253 ;;
   254 ;; *************** function _main *****************
   255 ;; Defined at:
   256 ;;		line 28 in file "newmainMaster.c"
   257 ;; Parameters:    Size  Location     Type
   258 ;;		None
   259 ;; Auto vars:     Size  Location     Type
   260 ;;  sendData        1    3[COMRAM] unsigned char 
   261 ;;  receivedData    1    0        unsigned char 
   262 ;; Return value:  Size  Location     Type
   263 ;;                  1    wreg      void 
   264 ;; Registers used:
   265 ;;		wreg, status,2, status,0, cstack
   266 ;; Tracked objects:
   267 ;;		On entry : 0/0
   268 ;;		On exit  : 0/0
   269 ;;		Unchanged: 0/0
   270 ;; Data sizes:     COMRAM   BANK0   BANK1   BANK2   BANK3   BANK4   BANK5
   271 ;;      Params:         0       0       0       0       0       0       0
   272 ;;      Locals:         1       0       0       0       0       0       0
   273 ;;      Temps:          2       0       0       0       0       0       0
   274 ;;      Totals:         3       0       0       0       0       0       0
   275 ;;Total ram usage:        3 bytes
   276 ;; Hardware stack levels required when called: 1
   277 ;; This function calls:
   278 ;;		_SPI_Init_Master
   279 ;;		_SPI_Transfer
   280 ;; This function is called by:
   281 ;;		Startup code after reset
   282 ;; This function uses a non-reentrant model
   283 ;;
   284                           
   285                           	psect	text0
   286   000602                     __ptext0:
   287                           	callstack 0
   288   000602                     _main:
   289                           	callstack 30
   290   000602  FFFF               	dw	65535	; assembler added errata NOP
   291                           
   292                           ;newmainMaster.c: 29: 
   293   000604  EC47  F003         	call	_SPI_Init_Master	;wreg free
   294   000608                     
   295                           ;newmainMaster.c: 30:         LATBbits.LATB0 = 0;
   296   000608  9093               	bcf	147,0,c	;volatile
   297   00060A                     
   298                           ;newmainMaster.c: 31: 
   299   00060A  9C93               	bcf	147,6,c	;volatile
   300   00060C                     
   301                           ;newmainMaster.c: 33:         receivedData = SPI_Transfer(sendData);
   302   00060C  808A               	bsf	138,0,c	;volatile
   303   00060E                     
   304                           ;newmainMaster.c: 35: 
   305   00060E  0E55               	movlw	85
   306   000610  6E04               	movwf	main@sendData^0,c
   307   000612                     l727:
   308   000612  FFFF               	dw	65535	; assembler added errata NOP
   309                           
   310                           ;newmainMaster.c: 40: 
   311   000614  908A               	bcf	138,0,c	;volatile
   312   000616  5004               	movf	main@sendData^0,w,c
   313   000618  EC36  F003         	call	_SPI_Transfer
   314   00061C  808A               	bsf	138,0,c	;volatile
   315   00061E  BC8A               	btfsc	138,6,c	;volatile
   316   000620  EF14  F003         	goto	u21
   317   000624  EF18  F003         	goto	u20
   318   000628                     u21:
   319   000628  FFFF               	dw	65535	; assembler added errata NOP
   320   00062A  0E01               	movlw	1
   321   00062C  EF1A  F003         	goto	u26
   322   000630                     u20:
   323   000630  FFFF               	dw	65535	; assembler added errata NOP
   324   000632  0E00               	movlw	0
   325   000634                     u26:
   326   000634  FFFF               	dw	65535	; assembler added errata NOP
   327   000636  0AFF               	xorlw	255
   328   000638  6E02               	movwf	??_main^0,c
   329   00063A  3A02               	swapf	??_main^0,f,c
   330   00063C  4602               	rlncf	??_main^0,f,c
   331   00063E  4602               	rlncf	??_main^0,f,c
   332   000640  508A               	movf	138,w,c	;volatile
   333   000642  1802               	xorwf	??_main^0,w,c
   334   000644  0BBF               	andlw	-65
   335   000646  1802               	xorwf	??_main^0,w,c
   336   000648  6E8A               	movwf	138,c	;volatile
   337   00064A  0E0A               	movlw	10
   338   00064C  6E03               	movwf	(??_main+1)^0,c
   339   00064E  0E85               	movlw	133
   340   000650  6E02               	movwf	??_main^0,c
   341   000652  0E9F               	movlw	159
   342   000654                     u37:
   343   000654  FFFF               	dw	65535	; errata NOP
   344   000656  2EE8               	decfsz	wreg,f,c
   345   000658  D7FD               	bra	u37
   346   00065A  2E02               	decfsz	??_main^0,f,c
   347   00065C  D7FB               	bra	u37
   348   00065E  2E03               	decfsz	(??_main+1)^0,f,c
   349   000660  D7F9               	bra	u37
   350   000662  D000               	nop2	
   351   000664  EF09  F003         	goto	l727
   352   000668  EF01  F000         	goto	start
   353   00066C                     __end_of_main:
   354                           	callstack 0
   355                           
   356 ;; *************** function _SPI_Transfer *****************
   357 ;; Defined at:
   358 ;;		line 22 in file "newmainMaster.c"
   359 ;; Parameters:    Size  Location     Type
   360 ;;  data            1    wreg     unsigned char 
   361 ;; Auto vars:     Size  Location     Type
   362 ;;  data            1    0[COMRAM] unsigned char 
   363 ;; Return value:  Size  Location     Type
   364 ;;                  1    wreg      unsigned char 
   365 ;; Registers used:
   366 ;;		wreg, status,2
   367 ;; Tracked objects:
   368 ;;		On entry : 0/0
   369 ;;		On exit  : 0/0
   370 ;;		Unchanged: 0/0
   371 ;; Data sizes:     COMRAM   BANK0   BANK1   BANK2   BANK3   BANK4   BANK5
   372 ;;      Params:         0       0       0       0       0       0       0
   373 ;;      Locals:         1       0       0       0       0       0       0
   374 ;;      Temps:          0       0       0       0       0       0       0
   375 ;;      Totals:         1       0       0       0       0       0       0
   376 ;;Total ram usage:        1 bytes
   377 ;; Hardware stack levels used: 1
   378 ;; This function calls:
   379 ;;		Nothing
   380 ;; This function is called by:
   381 ;;		_main
   382 ;; This function uses a non-reentrant model
   383 ;;
   384                           
   385                           	psect	text1
   386   00066C                     __ptext1:
   387                           	callstack 0
   388   00066C                     _SPI_Transfer:
   389                           	callstack 0
   390   00066C  FFFF               	dw	65535	; assembler added errata NOP
   391                           
   392                           ;incstack = 0
   393                           ;SPI_Transfer@data stored from wreg
   394   00066E  6E01               	movwf	SPI_Transfer@data^0,c
   395   000670                     
   396                           ;newmainMaster.c: 23:     LATBbits.LATB0 = 1;
   397   000670  C001  FFC9         	movff	SPI_Transfer@data,4041	;volatile
   398   000674                     l22:
   399   000674  FFFF               	dw	65535	; assembler added errata NOP
   400   000676  A0C7               	btfss	199,0,c	;volatile
   401   000678  EF40  F003         	goto	u11
   402   00067C  EF43  F003         	goto	u10
   403   000680                     u11:
   404   000680  FFFF               	dw	65535	; assembler added errata NOP
   405   000682  EF3A  F003         	goto	l22
   406   000686                     u10:
   407   000686  FFFF               	dw	65535	; assembler added errata NOP
   408   000688                     
   409                           ;newmainMaster.c: 25:     unsigned char sendData = 0x55;
   410   000688  50C9               	movf	201,w,c	;volatile
   411   00068A  0012               	return		;funcret
   412   00068C  FFFF               	dw	65535	; errata NOP
   413   00068E                     __end_of_SPI_Transfer:
   414                           	callstack 0
   415                           
   416 ;; *************** function _SPI_Init_Master *****************
   417 ;; Defined at:
   418 ;;		line 13 in file "newmainMaster.c"
   419 ;; Parameters:    Size  Location     Type
   420 ;;		None
   421 ;; Auto vars:     Size  Location     Type
   422 ;;		None
   423 ;; Return value:  Size  Location     Type
   424 ;;                  1    wreg      void 
   425 ;; Registers used:
   426 ;;		wreg, status,2
   427 ;; Tracked objects:
   428 ;;		On entry : 0/0
   429 ;;		On exit  : 0/0
   430 ;;		Unchanged: 0/0
   431 ;; Data sizes:     COMRAM   BANK0   BANK1   BANK2   BANK3   BANK4   BANK5
   432 ;;      Params:         0       0       0       0       0       0       0
   433 ;;      Locals:         0       0       0       0       0       0       0
   434 ;;      Temps:          0       0       0       0       0       0       0
   435 ;;      Totals:         0       0       0       0       0       0       0
   436 ;;Total ram usage:        0 bytes
   437 ;; Hardware stack levels used: 1
   438 ;; This function calls:
   439 ;;		Nothing
   440 ;; This function is called by:
   441 ;;		_main
   442 ;; This function uses a non-reentrant model
   443 ;;
   444                           
   445                           	psect	text2
   446   00068E                     __ptext2:
   447                           	callstack 0
   448   00068E                     _SPI_Init_Master:
   449                           	callstack 0
   450   00068E  FFFF               	dw	65535	; assembler added errata NOP
   451   000690                     
   452                           ;newmainMaster.c: 14:     while (!SSPSTATbits.BF);
   453   000690  9694               	bcf	148,3,c	;volatile
   454                           
   455                           ;newmainMaster.c: 15:     return SSPBUF;
   456   000692  8894               	bsf	148,4,c	;volatile
   457                           
   458                           ;newmainMaster.c: 16: }
   459   000694  9A94               	bcf	148,5,c	;volatile
   460   000696                     
   461                           ;newmainMaster.c: 17: 
   462   000696  0E20               	movlw	32
   463   000698  6EC6               	movwf	198,c	;volatile
   464   00069A                     
   465                           ;newmainMaster.c: 18: void main() {
   466   00069A  6AC7               	clrf	199,c	;volatile
   467   00069C  0012               	return		;funcret
   468   00069E  FFFF               	dw	65535	; errata NOP
   469   0006A0                     __end_of_SPI_Init_Master:
   470                           	callstack 0
   471                           
   472                           	psect	smallconst
   473   000600                     __psmallconst:
   474                           	callstack 0
   475   000600  00                 	db	0
   476   000601  00                 	db	0	; dummy byte at the end
   477   000000                     __activetblptr  equ	0
   478                           
   479                           	psect	rparam
   480   000001                     ___rparam_used  equ	1
   481   000000                     ___param_bank   equ	0
   482   000000                     __Lparam        equ	__Lrparam
   483   000000                     __Hparam        equ	__Hrparam
   484                           
   485                           	psect	config
   486                           
   487                           ; Padding undefined space
   488   300000                     	org	3145728
   489   300000  FF                 	db	255
   490                           
   491                           ;Config register CONFIG1H @ 0x300001
   492                           ;	Oscillator Selection bits
   493                           ;	OSC = HS, HS oscillator
   494                           ;	Oscillator System Clock Switch Enable bit
   495                           ;	OSCS = 0x1, unprogrammed default
   496   300001                     	org	3145729
   497   300001  22                 	db	34
   498                           
   499                           ;Config register CONFIG2L @ 0x300002
   500                           ;	Power-up Timer Enable bit
   501                           ;	PWRT = ON, PWRT enabled
   502                           ;	Brown-out Reset Enable bit
   503                           ;	BOR = ON, Brown-out Reset enabled
   504                           ;	Brown-out Reset Voltage bits
   505                           ;	BORV = 0x3, unprogrammed default
   506   300002                     	org	3145730
   507   300002  0E                 	db	14
   508                           
   509                           ;Config register CONFIG2H @ 0x300003
   510                           ;	Watchdog Timer Enable bit
   511                           ;	WDT = OFF, WDT disabled (control is placed on the SWDTEN bit)
   512                           ;	Watchdog Timer Postscale Select bits
   513                           ;	WDTPS = 0x7, unprogrammed default
   514   300003                     	org	3145731
   515   300003  0E                 	db	14
   516                           
   517                           ;Config register CONFIG4L @ 0x300006
   518                           ;	Stack Full/Underflow Reset Enable bit
   519                           ;	STVR = 0x1, unprogrammed default
   520                           ;	Low Voltage ICSP Enable bit
   521                           ;	LVP = OFF, Low Voltage ICSP disabled
   522                           ;	Background Debugger Enable bit
   523                           ;	DEBUG = 0x1, unprogrammed default
   524   300006                     	org	3145734
   525   300006  81                 	db	129
   526                           
   527                           ; Padding undefined space
   528   300007                     	org	3145735
   529   300007  FF                 	db	255
   530                           tosu	equ	0xFFF
   531                           tosh	equ	0xFFE
   532                           tosl	equ	0xFFD
   533                           stkptr	equ	0xFFC
   534                           pclatu	equ	0xFFB
   535                           pclath	equ	0xFFA
   536                           pcl	equ	0xFF9
   537                           tblptru	equ	0xFF8
   538                           tblptrh	equ	0xFF7
   539                           tblptrl	equ	0xFF6
   540                           tablat	equ	0xFF5
   541                           prodh	equ	0xFF4
   542                           prodl	equ	0xFF3
   543                           indf0	equ	0xFEF
   544                           postinc0	equ	0xFEE
   545                           postdec0	equ	0xFED
   546                           preinc0	equ	0xFEC
   547                           plusw0	equ	0xFEB
   548                           fsr0h	equ	0xFEA
   549                           fsr0l	equ	0xFE9
   550                           wreg	equ	0xFE8
   551                           indf1	equ	0xFE7
   552                           postinc1	equ	0xFE6
   553                           postdec1	equ	0xFE5
   554                           preinc1	equ	0xFE4
   555                           plusw1	equ	0xFE3
   556                           fsr1h	equ	0xFE2
   557                           fsr1l	equ	0xFE1
   558                           bsr	equ	0xFE0
   559                           indf2	equ	0xFDF
   560                           postinc2	equ	0xFDE
   561                           postdec2	equ	0xFDD
   562                           preinc2	equ	0xFDC
   563                           plusw2	equ	0xFDB
   564                           fsr2h	equ	0xFDA
   565                           fsr2l	equ	0xFD9
   566                           status	equ	0xFD8

Data Sizes:
    Strings     0
    Constant    0
    Data        0
    BSS         0
    Persistent  0
    Stack       0

Auto Spaces:
    Space          Size  Autos    Used
    COMRAM          127      4       4
    BANK0           128      0       0
    BANK1           256      0       0
    BANK2           256      0       0
    BANK3           256      0       0
    BANK4           256      0       0
    BANK5           256      0       0

Pointer List with Targets:

    None.

Critical Paths under _main in COMRAM

    _main->_SPI_Transfer

Critical Paths under _main in BANK0

    None.

Critical Paths under _main in BANK1

    None.

Critical Paths under _main in BANK2

    None.

Critical Paths under _main in BANK3

    None.

Critical Paths under _main in BANK4

    None.

Critical Paths under _main in BANK5

    None.

Call Graph Tables:

 ---------------------------------------------------------------------------------
 (Depth) Function   	        Calls       Base Space   Used Autos Params    Refs
 ---------------------------------------------------------------------------------
 (0) _main                                                 4     4      0      30
                                              1 COMRAM     3     3      0
                    _SPI_Init_Master
                       _SPI_Transfer
 ---------------------------------------------------------------------------------
 (1) _SPI_Transfer                                         1     1      0      15
                                              0 COMRAM     1     1      0
 ---------------------------------------------------------------------------------
 (1) _SPI_Init_Master                                      0     0      0       0
 ---------------------------------------------------------------------------------
 Estimated maximum stack depth 1
 ---------------------------------------------------------------------------------

 Call Graph Graphs:

 _main (ROOT)
   _SPI_Init_Master
   _SPI_Transfer

Address spaces:
Name               Size   Autos  Total    Usage
BITCOMRAM          127      0       0      0.0%
BITBANK0           128      0       0      0.0%
BITBANK1           256      0       0      0.0%
BITBANK2           256      0       0      0.0%
BITBANK3           256      0       0      0.0%
BITBANK4           256      0       0      0.0%
BITBANK5           256      0       0      0.0%
BITBIGSFRh          56      0       0      0.0%
BITBIGSFRlh         50      0       0      0.0%
BITBIGSFRlll        10      0       0      0.0%
BITBIGSFRllh         8      0       0      0.0%
COMRAM             127      4       4      3.1%
BANK0              128      0       0      0.0%
BANK1              256      0       0      0.0%
BANK2              256      0       0      0.0%
BANK3              256      0       0      0.0%
BANK4              256      0       0      0.0%
BANK5              256      0       0      0.0%
BIGRAM            1535      0       0      0.0%
STACK                0      0       0      0.0%
DATA                 0      0       4      0.0%


Microchip Technology PIC18 Macro Assembler V2.50 build 20240725155939 
Symbol Table                                                                                   Fri Mar 21 14:54:39 2025

                                          _SSPSTATbits 0FC7  
                                                   l22 0674  
                                                   l24 0688  
                                                   l25 068A  
                                                   l19 069C  
                                                   u10 0686  
                                                   u11 0680  
                                                   u20 0630  
                                                   u21 0628  
                                                   u26 0634  
                                                   u37 0654  
                                                  l711 0696  
                                                  l713 069A  
                                                  l721 060A  
                                                  l715 0670  
                                                  l731 061C  
                                                  l723 060C  
                                                  l709 0690  
                                                  l733 061E  
                                                  l725 060E  
                                                  l717 0602  
                                                  l735 064A  
                                                  l727 0612  
                                                  l719 0608  
                                                  l729 0616  
                                         _SPI_Transfer 066C  
                                                  wreg 0FE8  
                                                 _main 0602  
                                                 start 0002  
                                         ___param_bank 0000  
                                                ?_main 0001  
                                         main@sendData 0004  
                              __end_of_SPI_Init_Master 06A0  
                                      __initialization 06A0  
                                         __end_of_main 066C  
                                               ??_main 0002  
                                        __activetblptr 0000  
                                               _SSPBUF 0FC9  
                                               isa$std 0001  
                                         __mediumconst 0000  
                                     ?_SPI_Init_Master 0001  
                                           __accesstop 0080  
                              __end_of__initialization 06A0  
                                        ___rparam_used 0001  
                                       __pcstackCOMRAM 0001  
                                              _SSPCON1 0FC6  
                                              _SSPSTAT 0FC7  
                                              __Hparam 0000  
                                              __Lparam 0000  
                                         __psmallconst 0600  
                                              __pcinit 06A0  
                                              __ramtop 0600  
                                              __ptext0 0602  
                                              __ptext1 066C  
                                              __ptext2 068E  
                                 end_of_initialization 06A0  
                                            _TRISBbits 0F93  
                                            _TRISCbits 0F94  
                                        ?_SPI_Transfer 0001  
                                  start_initialization 06A0  
                                       ??_SPI_Transfer 0001  
                                          __smallconst 0600  
                                             _LATBbits 0F8A  
                                    ??_SPI_Init_Master 0001  
                                 __end_of_SPI_Transfer 068E  
                                             __Hrparam 0000  
                                             __Lrparam 0000  
                                             isa$xinst 0000  
                                     SPI_Transfer@data 0001  
                                      _SPI_Init_Master 068E  
