

Microchip MPLAB XC8 Assembler V2.50 build 20240725155939 
                                                                                               Fri Mar 21 18:22:20 2025

Microchip MPLAB XC8 C Compiler v2.50 (Free license) build 20240725155939 Og1 
     1                           	processor	18F252
     2                           	fnconf	rparam,??,?,0
     3                           	pagewidth 120
     4                           	opt	flic
     5                           	psect	cinit,global,reloc=2,class=CODE,space=0,delta=1
     6                           	psect	cstackCOMRAM,global,class=COMRAM,space=1,delta=1,lowdata,noexec
     7                           	psect	text0,global,reloc=2,class=CODE,space=0,delta=1
     8                           	psect	text1,global,reloc=2,class=CODE,space=0,delta=1
     9                           	psect	text2,global,reloc=2,class=CODE,space=0,delta=1
    10                           	psect	smallconst,global,reloc=2,class=SMALLCONST,space=0,delta=1,noexec
    11                           	psect	intsave_regs,global,class=BIGRAM,space=1,delta=1,noexec
    12                           	psect	rparam,global,class=COMRAM,space=1,delta=1,noexec
    13                           	psect	config,global,abs,ovrld,class=CONFIG,space=4,delta=1,noexec
    14   000000                     
    15                           ; Generated 17/10/2023 GMT
    16                           ; 
    17                           ; Copyright © 2023, Microchip Technology Inc. and its subsidiaries ("Microchip")
    18                           ; All rights reserved.
    19                           ; 
    20                           ; This software is developed by Microchip Technology Inc. and its subsidiaries ("Microch
      +                          ip").
    21                           ; 
    22                           ; Redistribution and use in source and binary forms, with or without modification, are
    23                           ; permitted provided that the following conditions are met:
    24                           ; 
    25                           ;     1. Redistributions of source code must retain the above copyright notice, this lis
      +                          t of
    26                           ;        conditions and the following disclaimer.
    27                           ; 
    28                           ;     2. Redistributions in binary form must reproduce the above copyright notice, this 
      +                          list
    29                           ;        of conditions and the following disclaimer in the documentation and/or other
    30                           ;        materials provided with the distribution. Publication is not required when
    31                           ;        this file is used in an embedded application.
    32                           ; 
    33                           ;     3. Microchip's name may not be used to endorse or promote products derived from th
      +                          is
    34                           ;        software without specific prior written permission.
    35                           ; 
    36                           ; THIS SOFTWARE IS PROVIDED BY MICROCHIP "AS IS" AND ANY EXPRESS OR IMPLIED WARRANTIES,
    37                           ; INCLUDING, BUT NOT LIMITED TO, THE IMPLIED WARRANTIES OF MERCHANTABILITY AND FITNESS F
      +                          OR
    38                           ; PURPOSE ARE DISCLAIMED.  IN NO EVENT SHALL MICROCHIP BE LIABLE FOR ANY DIRECT, INDIREC
      +                          T,
    39                           ; INCIDENTAL, SPECIAL, EXEMPLARY, OR CONSEQUENTIAL DAMAGES (INCLUDING BUT NOT LIMITED TO
    40                           ; PROCUREMENT OF SUBSTITUTE GOODS OR SERVICES; LOSS OF USE, DATA OR PROFITS; OR BUSINESS
    41                           ; INTERRUPTION) HOWSOEVER CAUSED AND ON ANY THEORY OF LIABILITY, WHETHER IN CONTRACT, ST
      +                          RICT
    42                           ; LIABILITY, OR TORT (INCLUDING NEGLIGENCE OR OTHERWISE) ARISING IN ANY WAY OUT OF THE U
      +                          SE OF
    43                           ; THIS SOFTWARE, EVEN IF ADVISED OF THE POSSIBILITY OF SUCH DAMAGE.
    44                           ; 
    45                           ; 
    46                           ; Code-generator required, PIC18F252 Definitions
    47                           ; 
    48                           ; SFR Addresses
    49   000FE0                     bsr             equ	4064
    50   000FE9                     fsr0            equ	4073
    51   000FEA                     fsr0h           equ	4074
    52   000FE9                     fsr0l           equ	4073
    53   000FE1                     fsr1            equ	4065
    54   000FE2                     fsr1h           equ	4066
    55   000FE1                     fsr1l           equ	4065
    56   000FD9                     fsr2            equ	4057
    57   000FDA                     fsr2h           equ	4058
    58   000FD9                     fsr2l           equ	4057
    59   000FEF                     indf0           equ	4079
    60   000FE7                     indf1           equ	4071
    61   000FDF                     indf2           equ	4063
    62   000FF2                     intcon          equ	4082
    63   000000                     nvmcon          equ	0
    64   000FF9                     pcl             equ	4089
    65   000FFA                     pclath          equ	4090
    66   000FFB                     pclatu          equ	4091
    67   000FEB                     plusw0          equ	4075
    68   000FE3                     plusw1          equ	4067
    69   000FDB                     plusw2          equ	4059
    70   000FED                     postdec0        equ	4077
    71   000FE5                     postdec1        equ	4069
    72   000FDD                     postdec2        equ	4061
    73   000FEE                     postinc0        equ	4078
    74   000FE6                     postinc1        equ	4070
    75   000FDE                     postinc2        equ	4062
    76   000FEC                     preinc0         equ	4076
    77   000FE4                     preinc1         equ	4068
    78   000FDC                     preinc2         equ	4060
    79   000FF3                     prod            equ	4083
    80   000FF4                     prodh           equ	4084
    81   000FF3                     prodl           equ	4083
    82   000FD8                     status          equ	4056
    83   000FF5                     tablat          equ	4085
    84   000FF6                     tblptr          equ	4086
    85   000FF7                     tblptrh         equ	4087
    86   000FF6                     tblptrl         equ	4086
    87   000FF8                     tblptru         equ	4088
    88   000FFD                     tosl            equ	4093
    89   000FE8                     wreg            equ	4072
    90   000F80                     PORTA           equ	3968	;# 
    91   000F81                     PORTB           equ	3969	;# 
    92   000F82                     PORTC           equ	3970	;# 
    93   000F89                     LATA            equ	3977	;# 
    94   000F8A                     LATB            equ	3978	;# 
    95   000F8B                     LATC            equ	3979	;# 
    96   000F92                     TRISA           equ	3986	;# 
    97   000F92                     DDRA            equ	3986	;# 
    98   000F93                     TRISB           equ	3987	;# 
    99   000F93                     DDRB            equ	3987	;# 
   100   000F94                     TRISC           equ	3988	;# 
   101   000F94                     DDRC            equ	3988	;# 
   102   000F9D                     PIE1            equ	3997	;# 
   103   000F9E                     PIR1            equ	3998	;# 
   104   000F9F                     IPR1            equ	3999	;# 
   105   000FA0                     PIE2            equ	4000	;# 
   106   000FA1                     PIR2            equ	4001	;# 
   107   000FA2                     IPR2            equ	4002	;# 
   108   000FA6                     EECON1          equ	4006	;# 
   109   000FA7                     EECON2          equ	4007	;# 
   110   000FA8                     EEDATA          equ	4008	;# 
   111   000FA9                     EEADR           equ	4009	;# 
   112   000FAB                     RCSTA           equ	4011	;# 
   113   000FAB                     RCSTA1          equ	4011	;# 
   114   000FAC                     TXSTA           equ	4012	;# 
   115   000FAC                     TXSTA1          equ	4012	;# 
   116   000FAD                     TXREG           equ	4013	;# 
   117   000FAD                     TXREG1          equ	4013	;# 
   118   000FAE                     RCREG           equ	4014	;# 
   119   000FAE                     RCREG1          equ	4014	;# 
   120   000FAF                     SPBRG           equ	4015	;# 
   121   000FAF                     SPBRG1          equ	4015	;# 
   122   000FB1                     T3CON           equ	4017	;# 
   123   000FB2                     TMR3            equ	4018	;# 
   124   000FB2                     TMR3L           equ	4018	;# 
   125   000FB3                     TMR3H           equ	4019	;# 
   126   000FBA                     CCP2CON         equ	4026	;# 
   127   000FBB                     CCPR2           equ	4027	;# 
   128   000FBB                     CCPR2L          equ	4027	;# 
   129   000FBC                     CCPR2H          equ	4028	;# 
   130   000FBD                     CCP1CON         equ	4029	;# 
   131   000FBE                     CCPR1           equ	4030	;# 
   132   000FBE                     CCPR1L          equ	4030	;# 
   133   000FBF                     CCPR1H          equ	4031	;# 
   134   000FC1                     ADCON1          equ	4033	;# 
   135   000FC2                     ADCON0          equ	4034	;# 
   136   000FC3                     ADRES           equ	4035	;# 
   137   000FC3                     ADRESL          equ	4035	;# 
   138   000FC4                     ADRESH          equ	4036	;# 
   139   000FC5                     SSPCON2         equ	4037	;# 
   140   000FC6                     SSPCON1         equ	4038	;# 
   141   000FC7                     SSPSTAT         equ	4039	;# 
   142   000FC8                     SSPADD          equ	4040	;# 
   143   000FC9                     SSPBUF          equ	4041	;# 
   144   000FCA                     T2CON           equ	4042	;# 
   145   000FCB                     PR2             equ	4043	;# 
   146   000FCB                     MEMCON          equ	4043	;# 
   147   000FCC                     TMR2            equ	4044	;# 
   148   000FCD                     T1CON           equ	4045	;# 
   149   000FCE                     TMR1            equ	4046	;# 
   150   000FCE                     TMR1L           equ	4046	;# 
   151   000FCF                     TMR1H           equ	4047	;# 
   152   000FD0                     RCON            equ	4048	;# 
   153   000FD1                     WDTCON          equ	4049	;# 
   154   000FD2                     LVDCON          equ	4050	;# 
   155   000FD3                     OSCCON          equ	4051	;# 
   156   000FD5                     T0CON           equ	4053	;# 
   157   000FD6                     TMR0            equ	4054	;# 
   158   000FD6                     TMR0L           equ	4054	;# 
   159   000FD7                     TMR0H           equ	4055	;# 
   160   000FD8                     STATUS          equ	4056	;# 
   161   000FD9                     FSR2            equ	4057	;# 
   162   000FD9                     FSR2L           equ	4057	;# 
   163   000FDA                     FSR2H           equ	4058	;# 
   164   000FDB                     PLUSW2          equ	4059	;# 
   165   000FDC                     PREINC2         equ	4060	;# 
   166   000FDD                     POSTDEC2        equ	4061	;# 
   167   000FDE                     POSTINC2        equ	4062	;# 
   168   000FDF                     INDF2           equ	4063	;# 
   169   000FE0                     BSR             equ	4064	;# 
   170   000FE1                     FSR1            equ	4065	;# 
   171   000FE1                     FSR1L           equ	4065	;# 
   172   000FE2                     FSR1H           equ	4066	;# 
   173   000FE3                     PLUSW1          equ	4067	;# 
   174   000FE4                     PREINC1         equ	4068	;# 
   175   000FE5                     POSTDEC1        equ	4069	;# 
   176   000FE6                     POSTINC1        equ	4070	;# 
   177   000FE7                     INDF1           equ	4071	;# 
   178   000FE8                     WREG            equ	4072	;# 
   179   000FE9                     FSR0            equ	4073	;# 
   180   000FE9                     FSR0L           equ	4073	;# 
   181   000FEA                     FSR0H           equ	4074	;# 
   182   000FEB                     PLUSW0          equ	4075	;# 
   183   000FEC                     PREINC0         equ	4076	;# 
   184   000FED                     POSTDEC0        equ	4077	;# 
   185   000FEE                     POSTINC0        equ	4078	;# 
   186   000FEF                     INDF0           equ	4079	;# 
   187   000FF0                     INTCON3         equ	4080	;# 
   188   000FF1                     INTCON2         equ	4081	;# 
   189   000FF2                     INTCON          equ	4082	;# 
   190   000FF2                     INTCON1         equ	4082	;# 
   191   000FF3                     PROD            equ	4083	;# 
   192   000FF3                     PRODL           equ	4083	;# 
   193   000FF4                     PRODH           equ	4084	;# 
   194   000FF5                     TABLAT          equ	4085	;# 
   195   000FF6                     TBLPTR          equ	4086	;# 
   196   000FF6                     TBLPTRL         equ	4086	;# 
   197   000FF7                     TBLPTRH         equ	4087	;# 
   198   000FF8                     TBLPTRU         equ	4088	;# 
   199   000FF9                     PCLAT           equ	4089	;# 
   200   000FF9                     PC              equ	4089	;# 
   201   000FF9                     PCL             equ	4089	;# 
   202   000FFA                     PCLATH          equ	4090	;# 
   203   000FFB                     PCLATU          equ	4091	;# 
   204   000FFC                     STKPTR          equ	4092	;# 
   205   000FFD                     TOS             equ	4093	;# 
   206   000FFD                     TOSL            equ	4093	;# 
   207   000FFE                     TOSH            equ	4094	;# 
   208   000FFF                     TOSU            equ	4095	;# 
   209   000F81                     _PORTB          set	3969
   210   000F89                     _LATAbits       set	3977
   211   000F93                     _TRISB          set	3987
   212   000F92                     _TRISAbits      set	3986
   213   000FC7                     _SSPSTATbits    set	4039
   214   000FC9                     _SSPBUF         set	4041
   215   000FC6                     _SSPCON1        set	4038
   216   000FC7                     _SSPSTAT        set	4039
   217   000F94                     _TRISCbits      set	3988
   218                           
   219                           ; #config settings
   220                           
   221                           	psect	cinit
   222   00068A                     __pcinit:
   223                           	callstack 0
   224   00068A                     start_initialization:
   225                           	callstack 0
   226   00068A                     __initialization:
   227                           	callstack 0
   228   00068A                     end_of_initialization:
   229                           	callstack 0
   230   00068A                     __end_of__initialization:
   231                           	callstack 0
   232   00068A  0100               	movlb	0
   233   00068C  EF01  F003         	goto	_main	;jump to C main() function
   234                           
   235                           	psect	cstackCOMRAM
   236   000001                     __pcstackCOMRAM:
   237                           	callstack 0
   238   000001                     SPI_Transfer@data:
   239                           	callstack 0
   240   000001                     
   241                           ; 1 bytes @ 0x0
   242   000001                     	ds	1
   243   000002                     ??_main:
   244                           
   245                           ; 1 bytes @ 0x1
   246   000002                     	ds	2
   247   000004                     main@sendData:
   248                           	callstack 0
   249                           
   250                           ; 1 bytes @ 0x3
   251   000004                     	ds	1
   252                           
   253 ;;
   254 ;;Main: autosize = 0, tempsize = 2, incstack = 0, save=0
   255 ;;
   256 ;; *************** function _main *****************
   257 ;; Defined at:
   258 ;;		line 28 in file "newmainMaster.c"
   259 ;; Parameters:    Size  Location     Type
   260 ;;		None
   261 ;; Auto vars:     Size  Location     Type
   262 ;;  sendData        1    3[COMRAM] unsigned char 
   263 ;;  receivedData    1    0        unsigned char 
   264 ;; Return value:  Size  Location     Type
   265 ;;                  1    wreg      void 
   266 ;; Registers used:
   267 ;;		wreg, status,2, cstack
   268 ;; Tracked objects:
   269 ;;		On entry : 0/0
   270 ;;		On exit  : 0/0
   271 ;;		Unchanged: 0/0
   272 ;; Data sizes:     COMRAM   BANK0   BANK1   BANK2   BANK3   BANK4   BANK5
   273 ;;      Params:         0       0       0       0       0       0       0
   274 ;;      Locals:         1       0       0       0       0       0       0
   275 ;;      Temps:          2       0       0       0       0       0       0
   276 ;;      Totals:         3       0       0       0       0       0       0
   277 ;;Total ram usage:        3 bytes
   278 ;; Hardware stack levels required when called: 1
   279 ;; This function calls:
   280 ;;		_SPI_Init_Master
   281 ;;		_SPI_Transfer
   282 ;; This function is called by:
   283 ;;		Startup code after reset
   284 ;; This function uses a non-reentrant model
   285 ;;
   286                           
   287                           	psect	text0
   288   000602                     __ptext0:
   289                           	callstack 0
   290   000602                     _main:
   291                           	callstack 30
   292   000602  FFFF               	dw	65535	; assembler added errata NOP
   293                           
   294                           ;newmainMaster.c: 29:     while (1) {
   295   000604  EC3B  F003         	call	_SPI_Init_Master	;wreg free
   296   000608                     
   297                           ;newmainMaster.c: 31: 
   298   000608  9092               	bcf	146,0,c	;volatile
   299   00060A                     
   300                           ;newmainMaster.c: 32:         LATAbits.LATA0 = 0;
   301   00060A  6893               	setf	147,c	;volatile
   302   00060C                     
   303                           ;newmainMaster.c: 34: 
   304   00060C  8089               	bsf	137,0,c	;volatile
   305   00060E                     l727:
   306   00060E  FFFF               	dw	65535	; assembler added errata NOP
   307                           
   308                           ;newmainMaster.c: 40:         _delay((unsigned long)((10)*(20000000/4000000.0)));
   309   000610  CF81 F004          	movff	3969,main@sendData	;volatile
   310   000614                     
   311                           ;newmainMaster.c: 42:         _delay((unsigned long)((500)*(20000000/4000.0)));
   312   000614  9089               	bcf	137,0,c	;volatile
   313   000616                     
   314                           ;newmainMaster.c: 43:     }
   315   000616  0E0C               	movlw	12
   316   000618                     u27:
   317   000618  FFFF               	dw	65535	; errata NOP
   318   00061A  2EE8               	decfsz	wreg,f,c
   319   00061C  D7FD               	bra	u27
   320   00061E  D000               	nop2	
   321   000620  5004               	movf	main@sendData^0,w,c
   322   000622  EC2A  F003         	call	_SPI_Transfer
   323   000626  8089               	bsf	137,0,c	;volatile
   324   000628  0E0C               	movlw	12
   325   00062A                     u37:
   326   00062A  FFFF               	dw	65535	; errata NOP
   327   00062C  2EE8               	decfsz	wreg,f,c
   328   00062E  D7FD               	bra	u37
   329   000630  D000               	nop2	
   330   000632  0E0A               	movlw	10
   331   000634  6E03               	movwf	(??_main+1)^0,c
   332   000636  0E85               	movlw	133
   333   000638  6E02               	movwf	??_main^0,c
   334   00063A  0E9F               	movlw	159
   335   00063C                     u47:
   336   00063C  FFFF               	dw	65535	; errata NOP
   337   00063E  2EE8               	decfsz	wreg,f,c
   338   000640  D7FD               	bra	u47
   339   000642  2E02               	decfsz	??_main^0,f,c
   340   000644  D7FB               	bra	u47
   341   000646  2E03               	decfsz	(??_main+1)^0,f,c
   342   000648  D7F9               	bra	u47
   343   00064A  D000               	nop2	
   344   00064C  EF07  F003         	goto	l727
   345   000650  EF01  F000         	goto	start
   346   000654                     __end_of_main:
   347                           	callstack 0
   348                           
   349 ;; *************** function _SPI_Transfer *****************
   350 ;; Defined at:
   351 ;;		line 22 in file "newmainMaster.c"
   352 ;; Parameters:    Size  Location     Type
   353 ;;  data            1    wreg     unsigned char 
   354 ;; Auto vars:     Size  Location     Type
   355 ;;  data            1    0[COMRAM] unsigned char 
   356 ;; Return value:  Size  Location     Type
   357 ;;                  1    wreg      unsigned char 
   358 ;; Registers used:
   359 ;;		wreg, status,2
   360 ;; Tracked objects:
   361 ;;		On entry : 0/0
   362 ;;		On exit  : 0/0
   363 ;;		Unchanged: 0/0
   364 ;; Data sizes:     COMRAM   BANK0   BANK1   BANK2   BANK3   BANK4   BANK5
   365 ;;      Params:         0       0       0       0       0       0       0
   366 ;;      Locals:         1       0       0       0       0       0       0
   367 ;;      Temps:          0       0       0       0       0       0       0
   368 ;;      Totals:         1       0       0       0       0       0       0
   369 ;;Total ram usage:        1 bytes
   370 ;; Hardware stack levels used: 1
   371 ;; This function calls:
   372 ;;		Nothing
   373 ;; This function is called by:
   374 ;;		_main
   375 ;; This function uses a non-reentrant model
   376 ;;
   377                           
   378                           	psect	text1
   379   000654                     __ptext1:
   380                           	callstack 0
   381   000654                     _SPI_Transfer:
   382                           	callstack 0
   383   000654  FFFF               	dw	65535	; assembler added errata NOP
   384                           
   385                           ;incstack = 0
   386                           ;SPI_Transfer@data stored from wreg
   387   000656  6E01               	movwf	SPI_Transfer@data^0,c
   388   000658                     
   389                           ;newmainMaster.c: 23: 
   390   000658  C001  FFC9         	movff	SPI_Transfer@data,4041	;volatile
   391   00065C                     l26:
   392   00065C  FFFF               	dw	65535	; assembler added errata NOP
   393   00065E  A0C7               	btfss	199,0,c	;volatile
   394   000660  EF34  F003         	goto	u11
   395   000664  EF37  F003         	goto	u10
   396   000668                     u11:
   397   000668  FFFF               	dw	65535	; assembler added errata NOP
   398   00066A  EF2E  F003         	goto	l26
   399   00066E                     u10:
   400   00066E  FFFF               	dw	65535	; assembler added errata NOP
   401   000670                     
   402                           ;newmainMaster.c: 25: 
   403   000670  50C9               	movf	201,w,c	;volatile
   404   000672  0012               	return		;funcret
   405   000674  FFFF               	dw	65535	; errata NOP
   406   000676                     __end_of_SPI_Transfer:
   407                           	callstack 0
   408                           
   409 ;; *************** function _SPI_Init_Master *****************
   410 ;; Defined at:
   411 ;;		line 13 in file "newmainMaster.c"
   412 ;; Parameters:    Size  Location     Type
   413 ;;		None
   414 ;; Auto vars:     Size  Location     Type
   415 ;;		None
   416 ;; Return value:  Size  Location     Type
   417 ;;                  1    wreg      void 
   418 ;; Registers used:
   419 ;;		wreg, status,2
   420 ;; Tracked objects:
   421 ;;		On entry : 0/0
   422 ;;		On exit  : 0/0
   423 ;;		Unchanged: 0/0
   424 ;; Data sizes:     COMRAM   BANK0   BANK1   BANK2   BANK3   BANK4   BANK5
   425 ;;      Params:         0       0       0       0       0       0       0
   426 ;;      Locals:         0       0       0       0       0       0       0
   427 ;;      Temps:          0       0       0       0       0       0       0
   428 ;;      Totals:         0       0       0       0       0       0       0
   429 ;;Total ram usage:        0 bytes
   430 ;; Hardware stack levels used: 1
   431 ;; This function calls:
   432 ;;		Nothing
   433 ;; This function is called by:
   434 ;;		_main
   435 ;; This function uses a non-reentrant model
   436 ;;
   437                           
   438                           	psect	text2
   439   000676                     __ptext2:
   440                           	callstack 0
   441   000676                     _SPI_Init_Master:
   442                           	callstack 0
   443   000676  FFFF               	dw	65535	; assembler added errata NOP
   444   000678                     
   445                           ;newmainMaster.c: 14:     while (!SSPSTATbits.BF);
   446   000678  9694               	bcf	148,3,c	;volatile
   447                           
   448                           ;newmainMaster.c: 15:     return SSPBUF;
   449   00067A  8894               	bsf	148,4,c	;volatile
   450                           
   451                           ;newmainMaster.c: 16: }
   452   00067C  9A94               	bcf	148,5,c	;volatile
   453   00067E                     
   454                           ;newmainMaster.c: 17: 
   455   00067E  0E40               	movlw	64
   456   000680  6EC7               	movwf	199,c	;volatile
   457                           
   458                           ;newmainMaster.c: 18: void main() {
   459   000682  0E20               	movlw	32
   460   000684  6EC6               	movwf	198,c	;volatile
   461   000686  0012               	return		;funcret
   462   000688  FFFF               	dw	65535	; errata NOP
   463   00068A                     __end_of_SPI_Init_Master:
   464                           	callstack 0
   465                           
   466                           	psect	smallconst
   467   000600                     __psmallconst:
   468                           	callstack 0
   469   000600  00                 	db	0
   470   000601  00                 	db	0	; dummy byte at the end
   471   000000                     __activetblptr  equ	0
   472                           
   473                           	psect	rparam
   474   000001                     ___rparam_used  equ	1
   475   000000                     ___param_bank   equ	0
   476   000000                     __Lparam        equ	__Lrparam
   477   000000                     __Hparam        equ	__Hrparam
   478                           
   479                           	psect	config
   480                           
   481                           ; Padding undefined space
   482   300000                     	org	3145728
   483   300000  FF                 	db	255
   484                           
   485                           ;Config register CONFIG1H @ 0x300001
   486                           ;	Oscillator Selection bits
   487                           ;	OSC = HS, HS oscillator
   488                           ;	Oscillator System Clock Switch Enable bit
   489                           ;	OSCS = 0x1, unprogrammed default
   490   300001                     	org	3145729
   491   300001  22                 	db	34
   492                           
   493                           ;Config register CONFIG2L @ 0x300002
   494                           ;	Power-up Timer Enable bit
   495                           ;	PWRT = ON, PWRT enabled
   496                           ;	Brown-out Reset Enable bit
   497                           ;	BOR = ON, Brown-out Reset enabled
   498                           ;	Brown-out Reset Voltage bits
   499                           ;	BORV = 0x3, unprogrammed default
   500   300002                     	org	3145730
   501   300002  0E                 	db	14
   502                           
   503                           ;Config register CONFIG2H @ 0x300003
   504                           ;	Watchdog Timer Enable bit
   505                           ;	WDT = OFF, WDT disabled (control is placed on the SWDTEN bit)
   506                           ;	Watchdog Timer Postscale Select bits
   507                           ;	WDTPS = 0x7, unprogrammed default
   508   300003                     	org	3145731
   509   300003  0E                 	db	14
   510                           
   511                           ;Config register CONFIG4L @ 0x300006
   512                           ;	Stack Full/Underflow Reset Enable bit
   513                           ;	STVR = 0x1, unprogrammed default
   514                           ;	Low Voltage ICSP Enable bit
   515                           ;	LVP = OFF, Low Voltage ICSP disabled
   516                           ;	Background Debugger Enable bit
   517                           ;	DEBUG = 0x1, unprogrammed default
   518   300006                     	org	3145734
   519   300006  81                 	db	129
   520                           
   521                           ; Padding undefined space
   522   300007                     	org	3145735
   523   300007  FF                 	db	255
   524                           tosu	equ	0xFFF
   525                           tosh	equ	0xFFE
   526                           tosl	equ	0xFFD
   527                           stkptr	equ	0xFFC
   528                           pclatu	equ	0xFFB
   529                           pclath	equ	0xFFA
   530                           pcl	equ	0xFF9
   531                           tblptru	equ	0xFF8
   532                           tblptrh	equ	0xFF7
   533                           tblptrl	equ	0xFF6
   534                           tablat	equ	0xFF5
   535                           prodh	equ	0xFF4
   536                           prodl	equ	0xFF3
   537                           indf0	equ	0xFEF
   538                           postinc0	equ	0xFEE
   539                           postdec0	equ	0xFED
   540                           preinc0	equ	0xFEC
   541                           plusw0	equ	0xFEB
   542                           fsr0h	equ	0xFEA
   543                           fsr0l	equ	0xFE9
   544                           wreg	equ	0xFE8
   545                           indf1	equ	0xFE7
   546                           postinc1	equ	0xFE6
   547                           postdec1	equ	0xFE5
   548                           preinc1	equ	0xFE4
   549                           plusw1	equ	0xFE3
   550                           fsr1h	equ	0xFE2
   551                           fsr1l	equ	0xFE1
   552                           bsr	equ	0xFE0
   553                           indf2	equ	0xFDF
   554                           postinc2	equ	0xFDE
   555                           postdec2	equ	0xFDD
   556                           preinc2	equ	0xFDC
   557                           plusw2	equ	0xFDB
   558                           fsr2h	equ	0xFDA
   559                           fsr2l	equ	0xFD9
   560                           status	equ	0xFD8

Data Sizes:
    Strings     0
    Constant    0
    Data        0
    BSS         0
    Persistent  0
    Stack       0

Auto Spaces:
    Space          Size  Autos    Used
    COMRAM          127      4       4
    BANK0           128      0       0
    BANK1           256      0       0
    BANK2           256      0       0
    BANK3           256      0       0
    BANK4           256      0       0
    BANK5           256      0       0

Pointer List with Targets:

    None.

Critical Paths under _main in COMRAM

    _main->_SPI_Transfer

Critical Paths under _main in BANK0

    None.

Critical Paths under _main in BANK1

    None.

Critical Paths under _main in BANK2

    None.

Critical Paths under _main in BANK3

    None.

Critical Paths under _main in BANK4

    None.

Critical Paths under _main in BANK5

    None.

Call Graph Tables:

 ---------------------------------------------------------------------------------
 (Depth) Function   	        Calls       Base Space   Used Autos Params    Refs
 ---------------------------------------------------------------------------------
 (0) _main                                                 4     4      0      30
                                              1 COMRAM     3     3      0
                    _SPI_Init_Master
                       _SPI_Transfer
 ---------------------------------------------------------------------------------
 (1) _SPI_Transfer                                         1     1      0      15
                                              0 COMRAM     1     1      0
 ---------------------------------------------------------------------------------
 (1) _SPI_Init_Master                                      0     0      0       0
 ---------------------------------------------------------------------------------
 Estimated maximum stack depth 1
 ---------------------------------------------------------------------------------

 Call Graph Graphs:

 _main (ROOT)
   _SPI_Init_Master
   _SPI_Transfer

Address spaces:
Name               Size   Autos  Total    Usage
BITCOMRAM          127      0       0      0.0%
BITBANK0           128      0       0      0.0%
BITBANK1           256      0       0      0.0%
BITBANK2           256      0       0      0.0%
BITBANK3           256      0       0      0.0%
BITBANK4           256      0       0      0.0%
BITBANK5           256      0       0      0.0%
BITBIGSFRlh         61      0       0      0.0%
BITBIGSFRh          56      0       0      0.0%
BITBIGSFRllh         7      0       0      0.0%
BITBIGSFRlll         1      0       0      0.0%
COMRAM             127      4       4      3.1%
BANK0              128      0       0      0.0%
BANK1              256      0       0      0.0%
BANK2              256      0       0      0.0%
BANK3              256      0       0      0.0%
BANK4              256      0       0      0.0%
BANK5              256      0       0      0.0%
BIGRAM            1535      0       0      0.0%
STACK                0      0       0      0.0%
DATA                 0      0       4      0.0%


Microchip Technology PIC18 Macro Assembler V2.50 build 20240725155939 
Symbol Table                                                                                   Fri Mar 21 18:22:20 2025

                                                    _SSPSTATbits 0FC7  
                                                             l23 0686  
                                                             l26 065C  
                                                             l28 0670  
                                                             l29 0672  
                                                             u10 066E  
                                                             u11 0668  
                                                             u27 0618  
                                                             u37 062A  
                                                             u47 063C  
                                                            l713 0678  
                                                            l721 0608  
                                                            l715 067E  
                                                            l731 0616  
                                                            l723 060A  
                                                            l717 0658  
                                                            l733 0620  
                                                            l725 060C  
                                                            l735 0626  
                                                            l727 060E  
                                                            l719 0602  
                                                            l729 0614  
                                                   _SPI_Transfer 0654  
                                                            wreg 0FE8  
                                                           _main 0602  
                                                           start 0002  
                                                   ___param_bank 0000  
                                                          ?_main 0001  
                                                          _PORTB 0F81  
                                                          _TRISB 0F93  
                                                   main@sendData 0004  
                                        __end_of_SPI_Init_Master 068A  
                                                __initialization 068A  
                                                   __end_of_main 0654  
                                                         ??_main 0002  
                                                  __activetblptr 0000  
                                                         _SSPBUF 0FC9  
                                                         isa$std 0001  
                                                   __mediumconst 0000  
                                               ?_SPI_Init_Master 0001  
                                                     __accesstop 0080  
                                        __end_of__initialization 068A  
                                                  ___rparam_used 0001  
                                                 __pcstackCOMRAM 0001  
                                                        _SSPCON1 0FC6  
                                                        _SSPSTAT 0FC7  
                                                        __Hparam 0000  
                                                        __Lparam 0000  
                                                   __psmallconst 0600  
                                                        __pcinit 068A  
                                                        __ramtop 0600  
                                                        __ptext0 0602  
                                                        __ptext1 0654  
                                                        __ptext2 0676  
                                           end_of_initialization 068A  
                                                      _TRISAbits 0F92  
                                                      _TRISCbits 0F94  
                                                  ?_SPI_Transfer 0001  
                                            start_initialization 068A  
                                                 ??_SPI_Transfer 0001  
                                                    __smallconst 0600  
                                                       _LATAbits 0F89  
                                              ??_SPI_Init_Master 0001  
                                           __end_of_SPI_Transfer 0676  
                                                       __Hrparam 0000  
                                                       __Lrparam 0000  
                                                       isa$xinst 0000  
                                               SPI_Transfer@data 0001  
                                                _SPI_Init_Master 0676  
