

Microchip MPLAB XC8 Assembler V2.50 build 20240725155939 
                                                                                               Fri Mar 21 18:17:36 2025

Microchip MPLAB XC8 C Compiler v2.50 (Free license) build 20240725155939 Og1 
     1                           	processor	18F252
     2                           	fnconf	rparam,??,?,0
     3                           	pagewidth 120
     4                           	opt	flic
     5                           	psect	cinit,global,reloc=2,class=CODE,space=0,delta=1
     6                           	psect	cstackCOMRAM,global,class=COMRAM,space=1,delta=1,lowdata,noexec
     7                           	psect	text0,global,reloc=2,class=CODE,space=0,delta=1
     8                           	psect	text1,global,reloc=2,class=CODE,space=0,delta=1
     9                           	psect	text2,global,reloc=2,class=CODE,space=0,delta=1
    10                           	psect	smallconst,global,reloc=2,class=SMALLCONST,space=0,delta=1,noexec
    11                           	psect	intsave_regs,global,class=BIGRAM,space=1,delta=1,noexec
    12                           	psect	rparam,global,class=COMRAM,space=1,delta=1,noexec
    13                           	psect	config,global,abs,ovrld,class=CONFIG,space=4,delta=1,noexec
    14   000000                     
    15                           ; Generated 17/10/2023 GMT
    16                           ; 
    17                           ; Copyright © 2023, Microchip Technology Inc. and its subsidiaries ("Microchip")
    18                           ; All rights reserved.
    19                           ; 
    20                           ; This software is developed by Microchip Technology Inc. and its subsidiaries ("Microch
      +                          ip").
    21                           ; 
    22                           ; Redistribution and use in source and binary forms, with or without modification, are
    23                           ; permitted provided that the following conditions are met:
    24                           ; 
    25                           ;     1. Redistributions of source code must retain the above copyright notice, this lis
      +                          t of
    26                           ;        conditions and the following disclaimer.
    27                           ; 
    28                           ;     2. Redistributions in binary form must reproduce the above copyright notice, this 
      +                          list
    29                           ;        of conditions and the following disclaimer in the documentation and/or other
    30                           ;        materials provided with the distribution. Publication is not required when
    31                           ;        this file is used in an embedded application.
    32                           ; 
    33                           ;     3. Microchip's name may not be used to endorse or promote products derived from th
      +                          is
    34                           ;        software without specific prior written permission.
    35                           ; 
    36                           ; THIS SOFTWARE IS PROVIDED BY MICROCHIP "AS IS" AND ANY EXPRESS OR IMPLIED WARRANTIES,
    37                           ; INCLUDING, BUT NOT LIMITED TO, THE IMPLIED WARRANTIES OF MERCHANTABILITY AND FITNESS F
      +                          OR
    38                           ; PURPOSE ARE DISCLAIMED.  IN NO EVENT SHALL MICROCHIP BE LIABLE FOR ANY DIRECT, INDIREC
      +                          T,
    39                           ; INCIDENTAL, SPECIAL, EXEMPLARY, OR CONSEQUENTIAL DAMAGES (INCLUDING BUT NOT LIMITED TO
    40                           ; PROCUREMENT OF SUBSTITUTE GOODS OR SERVICES; LOSS OF USE, DATA OR PROFITS; OR BUSINESS
    41                           ; INTERRUPTION) HOWSOEVER CAUSED AND ON ANY THEORY OF LIABILITY, WHETHER IN CONTRACT, ST
      +                          RICT
    42                           ; LIABILITY, OR TORT (INCLUDING NEGLIGENCE OR OTHERWISE) ARISING IN ANY WAY OUT OF THE U
      +                          SE OF
    43                           ; THIS SOFTWARE, EVEN IF ADVISED OF THE POSSIBILITY OF SUCH DAMAGE.
    44                           ; 
    45                           ; 
    46                           ; Code-generator required, PIC18F252 Definitions
    47                           ; 
    48                           ; SFR Addresses
    49   000FE0                     bsr             equ	4064
    50   000FE9                     fsr0            equ	4073
    51   000FEA                     fsr0h           equ	4074
    52   000FE9                     fsr0l           equ	4073
    53   000FE1                     fsr1            equ	4065
    54   000FE2                     fsr1h           equ	4066
    55   000FE1                     fsr1l           equ	4065
    56   000FD9                     fsr2            equ	4057
    57   000FDA                     fsr2h           equ	4058
    58   000FD9                     fsr2l           equ	4057
    59   000FEF                     indf0           equ	4079
    60   000FE7                     indf1           equ	4071
    61   000FDF                     indf2           equ	4063
    62   000FF2                     intcon          equ	4082
    63   000000                     nvmcon          equ	0
    64   000FF9                     pcl             equ	4089
    65   000FFA                     pclath          equ	4090
    66   000FFB                     pclatu          equ	4091
    67   000FEB                     plusw0          equ	4075
    68   000FE3                     plusw1          equ	4067
    69   000FDB                     plusw2          equ	4059
    70   000FED                     postdec0        equ	4077
    71   000FE5                     postdec1        equ	4069
    72   000FDD                     postdec2        equ	4061
    73   000FEE                     postinc0        equ	4078
    74   000FE6                     postinc1        equ	4070
    75   000FDE                     postinc2        equ	4062
    76   000FEC                     preinc0         equ	4076
    77   000FE4                     preinc1         equ	4068
    78   000FDC                     preinc2         equ	4060
    79   000FF3                     prod            equ	4083
    80   000FF4                     prodh           equ	4084
    81   000FF3                     prodl           equ	4083
    82   000FD8                     status          equ	4056
    83   000FF5                     tablat          equ	4085
    84   000FF6                     tblptr          equ	4086
    85   000FF7                     tblptrh         equ	4087
    86   000FF6                     tblptrl         equ	4086
    87   000FF8                     tblptru         equ	4088
    88   000FFD                     tosl            equ	4093
    89   000FE8                     wreg            equ	4072
    90   000F80                     PORTA           equ	3968	;# 
    91   000F81                     PORTB           equ	3969	;# 
    92   000F82                     PORTC           equ	3970	;# 
    93   000F89                     LATA            equ	3977	;# 
    94   000F8A                     LATB            equ	3978	;# 
    95   000F8B                     LATC            equ	3979	;# 
    96   000F92                     TRISA           equ	3986	;# 
    97   000F92                     DDRA            equ	3986	;# 
    98   000F93                     TRISB           equ	3987	;# 
    99   000F93                     DDRB            equ	3987	;# 
   100   000F94                     TRISC           equ	3988	;# 
   101   000F94                     DDRC            equ	3988	;# 
   102   000F9D                     PIE1            equ	3997	;# 
   103   000F9E                     PIR1            equ	3998	;# 
   104   000F9F                     IPR1            equ	3999	;# 
   105   000FA0                     PIE2            equ	4000	;# 
   106   000FA1                     PIR2            equ	4001	;# 
   107   000FA2                     IPR2            equ	4002	;# 
   108   000FA6                     EECON1          equ	4006	;# 
   109   000FA7                     EECON2          equ	4007	;# 
   110   000FA8                     EEDATA          equ	4008	;# 
   111   000FA9                     EEADR           equ	4009	;# 
   112   000FAB                     RCSTA           equ	4011	;# 
   113   000FAB                     RCSTA1          equ	4011	;# 
   114   000FAC                     TXSTA           equ	4012	;# 
   115   000FAC                     TXSTA1          equ	4012	;# 
   116   000FAD                     TXREG           equ	4013	;# 
   117   000FAD                     TXREG1          equ	4013	;# 
   118   000FAE                     RCREG           equ	4014	;# 
   119   000FAE                     RCREG1          equ	4014	;# 
   120   000FAF                     SPBRG           equ	4015	;# 
   121   000FAF                     SPBRG1          equ	4015	;# 
   122   000FB1                     T3CON           equ	4017	;# 
   123   000FB2                     TMR3            equ	4018	;# 
   124   000FB2                     TMR3L           equ	4018	;# 
   125   000FB3                     TMR3H           equ	4019	;# 
   126   000FBA                     CCP2CON         equ	4026	;# 
   127   000FBB                     CCPR2           equ	4027	;# 
   128   000FBB                     CCPR2L          equ	4027	;# 
   129   000FBC                     CCPR2H          equ	4028	;# 
   130   000FBD                     CCP1CON         equ	4029	;# 
   131   000FBE                     CCPR1           equ	4030	;# 
   132   000FBE                     CCPR1L          equ	4030	;# 
   133   000FBF                     CCPR1H          equ	4031	;# 
   134   000FC1                     ADCON1          equ	4033	;# 
   135   000FC2                     ADCON0          equ	4034	;# 
   136   000FC3                     ADRES           equ	4035	;# 
   137   000FC3                     ADRESL          equ	4035	;# 
   138   000FC4                     ADRESH          equ	4036	;# 
   139   000FC5                     SSPCON2         equ	4037	;# 
   140   000FC6                     SSPCON1         equ	4038	;# 
   141   000FC7                     SSPSTAT         equ	4039	;# 
   142   000FC8                     SSPADD          equ	4040	;# 
   143   000FC9                     SSPBUF          equ	4041	;# 
   144   000FCA                     T2CON           equ	4042	;# 
   145   000FCB                     PR2             equ	4043	;# 
   146   000FCB                     MEMCON          equ	4043	;# 
   147   000FCC                     TMR2            equ	4044	;# 
   148   000FCD                     T1CON           equ	4045	;# 
   149   000FCE                     TMR1            equ	4046	;# 
   150   000FCE                     TMR1L           equ	4046	;# 
   151   000FCF                     TMR1H           equ	4047	;# 
   152   000FD0                     RCON            equ	4048	;# 
   153   000FD1                     WDTCON          equ	4049	;# 
   154   000FD2                     LVDCON          equ	4050	;# 
   155   000FD3                     OSCCON          equ	4051	;# 
   156   000FD5                     T0CON           equ	4053	;# 
   157   000FD6                     TMR0            equ	4054	;# 
   158   000FD6                     TMR0L           equ	4054	;# 
   159   000FD7                     TMR0H           equ	4055	;# 
   160   000FD8                     STATUS          equ	4056	;# 
   161   000FD9                     FSR2            equ	4057	;# 
   162   000FD9                     FSR2L           equ	4057	;# 
   163   000FDA                     FSR2H           equ	4058	;# 
   164   000FDB                     PLUSW2          equ	4059	;# 
   165   000FDC                     PREINC2         equ	4060	;# 
   166   000FDD                     POSTDEC2        equ	4061	;# 
   167   000FDE                     POSTINC2        equ	4062	;# 
   168   000FDF                     INDF2           equ	4063	;# 
   169   000FE0                     BSR             equ	4064	;# 
   170   000FE1                     FSR1            equ	4065	;# 
   171   000FE1                     FSR1L           equ	4065	;# 
   172   000FE2                     FSR1H           equ	4066	;# 
   173   000FE3                     PLUSW1          equ	4067	;# 
   174   000FE4                     PREINC1         equ	4068	;# 
   175   000FE5                     POSTDEC1        equ	4069	;# 
   176   000FE6                     POSTINC1        equ	4070	;# 
   177   000FE7                     INDF1           equ	4071	;# 
   178   000FE8                     WREG            equ	4072	;# 
   179   000FE9                     FSR0            equ	4073	;# 
   180   000FE9                     FSR0L           equ	4073	;# 
   181   000FEA                     FSR0H           equ	4074	;# 
   182   000FEB                     PLUSW0          equ	4075	;# 
   183   000FEC                     PREINC0         equ	4076	;# 
   184   000FED                     POSTDEC0        equ	4077	;# 
   185   000FEE                     POSTINC0        equ	4078	;# 
   186   000FEF                     INDF0           equ	4079	;# 
   187   000FF0                     INTCON3         equ	4080	;# 
   188   000FF1                     INTCON2         equ	4081	;# 
   189   000FF2                     INTCON          equ	4082	;# 
   190   000FF2                     INTCON1         equ	4082	;# 
   191   000FF3                     PROD            equ	4083	;# 
   192   000FF3                     PRODL           equ	4083	;# 
   193   000FF4                     PRODH           equ	4084	;# 
   194   000FF5                     TABLAT          equ	4085	;# 
   195   000FF6                     TBLPTR          equ	4086	;# 
   196   000FF6                     TBLPTRL         equ	4086	;# 
   197   000FF7                     TBLPTRH         equ	4087	;# 
   198   000FF8                     TBLPTRU         equ	4088	;# 
   199   000FF9                     PCLAT           equ	4089	;# 
   200   000FF9                     PC              equ	4089	;# 
   201   000FF9                     PCL             equ	4089	;# 
   202   000FFA                     PCLATH          equ	4090	;# 
   203   000FFB                     PCLATU          equ	4091	;# 
   204   000FFC                     STKPTR          equ	4092	;# 
   205   000FFD                     TOS             equ	4093	;# 
   206   000FFD                     TOSL            equ	4093	;# 
   207   000FFE                     TOSH            equ	4094	;# 
   208   000FFF                     TOSU            equ	4095	;# 
   209   000F81                     _PORTB          set	3969
   210   000F93                     _TRISB          set	3987
   211   000FC7                     _SSPSTATbits    set	4039
   212   000FC9                     _SSPBUF         set	4041
   213   000FC6                     _SSPCON1        set	4038
   214   000FC7                     _SSPSTAT        set	4039
   215   000F94                     _TRISCbits      set	3988
   216                           
   217                           ; #config settings
   218                           
   219                           	psect	cinit
   220   00065A                     __pcinit:
   221                           	callstack 0
   222   00065A                     start_initialization:
   223                           	callstack 0
   224   00065A                     __initialization:
   225                           	callstack 0
   226   00065A                     end_of_initialization:
   227                           	callstack 0
   228   00065A                     __end_of__initialization:
   229                           	callstack 0
   230   00065A  0100               	movlb	0
   231   00065C  EF01  F003         	goto	_main	;jump to C main() function
   232                           
   233                           	psect	cstackCOMRAM
   234   000001                     __pcstackCOMRAM:
   235                           	callstack 0
   236   000001                     SPI_Transfer@data:
   237                           	callstack 0
   238   000001                     
   239                           ; 1 bytes @ 0x0
   240   000001                     	ds	1
   241   000002                     main@sendData:
   242                           	callstack 0
   243   000002                     
   244                           ; 1 bytes @ 0x1
   245   000002                     	ds	1
   246   000003                     main@receivedData:
   247                           	callstack 0
   248                           
   249                           ; 1 bytes @ 0x2
   250   000003                     	ds	1
   251                           
   252 ;;
   253 ;;Main: autosize = 0, tempsize = 0, incstack = 0, save=0
   254 ;;
   255 ;; *************** function _main *****************
   256 ;; Defined at:
   257 ;;		line 28 in file "newmainSlave.c"
   258 ;; Parameters:    Size  Location     Type
   259 ;;		None
   260 ;; Auto vars:     Size  Location     Type
   261 ;;  receivedData    1    2[COMRAM] unsigned char 
   262 ;;  sendData        1    1[COMRAM] unsigned char 
   263 ;; Return value:  Size  Location     Type
   264 ;;                  1    wreg      void 
   265 ;; Registers used:
   266 ;;		wreg, status,2, status,0, cstack
   267 ;; Tracked objects:
   268 ;;		On entry : 0/0
   269 ;;		On exit  : 0/0
   270 ;;		Unchanged: 0/0
   271 ;; Data sizes:     COMRAM   BANK0   BANK1   BANK2   BANK3   BANK4   BANK5
   272 ;;      Params:         0       0       0       0       0       0       0
   273 ;;      Locals:         2       0       0       0       0       0       0
   274 ;;      Temps:          0       0       0       0       0       0       0
   275 ;;      Totals:         2       0       0       0       0       0       0
   276 ;;Total ram usage:        2 bytes
   277 ;; Hardware stack levels required when called: 1
   278 ;; This function calls:
   279 ;;		_SPI_Init_Slave
   280 ;;		_SPI_Transfer
   281 ;; This function is called by:
   282 ;;		Startup code after reset
   283 ;; This function uses a non-reentrant model
   284 ;;
   285                           
   286                           	psect	text0
   287   000602                     __ptext0:
   288                           	callstack 0
   289   000602                     _main:
   290                           	callstack 30
   291   000602  FFFF               	dw	65535	; assembler added errata NOP
   292                           
   293                           ;newmainSlave.c: 29:             PORTB=receivedData;
   294   000604  EC23  F003         	call	_SPI_Init_Slave	;wreg free
   295   000608                     
   296                           ;newmainSlave.c: 30:             sendData=receivedData+1;
   297   000608  6A93               	clrf	147,c	;volatile
   298   00060A                     l28:
   299   00060A  FFFF               	dw	65535	; assembler added errata NOP
   300   00060C  5002               	movf	main@sendData^0,w,c
   301   00060E  EC12  F003         	call	_SPI_Transfer
   302   000612  6E03               	movwf	main@receivedData^0,c
   303   000614  C003  FF81         	movff	main@receivedData,3969	;volatile
   304   000618  2803               	incf	main@receivedData^0,w,c
   305   00061A  6E02               	movwf	main@sendData^0,c
   306   00061C  EF05  F003         	goto	l28
   307   000620  EF01  F000         	goto	start
   308   000624                     __end_of_main:
   309                           	callstack 0
   310                           
   311 ;; *************** function _SPI_Transfer *****************
   312 ;; Defined at:
   313 ;;		line 22 in file "newmainSlave.c"
   314 ;; Parameters:    Size  Location     Type
   315 ;;  data            1    wreg     unsigned char 
   316 ;; Auto vars:     Size  Location     Type
   317 ;;  data            1    0[COMRAM] unsigned char 
   318 ;; Return value:  Size  Location     Type
   319 ;;                  1    wreg      unsigned char 
   320 ;; Registers used:
   321 ;;		wreg, status,2
   322 ;; Tracked objects:
   323 ;;		On entry : 0/0
   324 ;;		On exit  : 0/0
   325 ;;		Unchanged: 0/0
   326 ;; Data sizes:     COMRAM   BANK0   BANK1   BANK2   BANK3   BANK4   BANK5
   327 ;;      Params:         0       0       0       0       0       0       0
   328 ;;      Locals:         1       0       0       0       0       0       0
   329 ;;      Temps:          0       0       0       0       0       0       0
   330 ;;      Totals:         1       0       0       0       0       0       0
   331 ;;Total ram usage:        1 bytes
   332 ;; Hardware stack levels used: 1
   333 ;; This function calls:
   334 ;;		Nothing
   335 ;; This function is called by:
   336 ;;		_main
   337 ;; This function uses a non-reentrant model
   338 ;;
   339                           
   340                           	psect	text1
   341   000624                     __ptext1:
   342                           	callstack 0
   343   000624                     _SPI_Transfer:
   344                           	callstack 0
   345   000624  FFFF               	dw	65535	; assembler added errata NOP
   346                           
   347                           ;incstack = 0
   348                           ;SPI_Transfer@data stored from wreg
   349   000626  6E01               	movwf	SPI_Transfer@data^0,c
   350   000628                     
   351                           ;newmainSlave.c: 23:      uint8_t sendData;
   352   000628  C001  FFC9         	movff	SPI_Transfer@data,4041	;volatile
   353   00062C                     l20:
   354   00062C  FFFF               	dw	65535	; assembler added errata NOP
   355   00062E  A0C7               	btfss	199,0,c	;volatile
   356   000630  EF1C  F003         	goto	u11
   357   000634  EF1F  F003         	goto	u10
   358   000638                     u11:
   359   000638  FFFF               	dw	65535	; assembler added errata NOP
   360   00063A  EF16  F003         	goto	l20
   361   00063E                     u10:
   362   00063E  FFFF               	dw	65535	; assembler added errata NOP
   363   000640                     
   364                           ;newmainSlave.c: 25:     while (1) {
   365   000640  50C9               	movf	201,w,c	;volatile
   366   000642  0012               	return		;funcret
   367   000644  FFFF               	dw	65535	; errata NOP
   368   000646                     __end_of_SPI_Transfer:
   369                           	callstack 0
   370                           
   371 ;; *************** function _SPI_Init_Slave *****************
   372 ;; Defined at:
   373 ;;		line 13 in file "newmainSlave.c"
   374 ;; Parameters:    Size  Location     Type
   375 ;;		None
   376 ;; Auto vars:     Size  Location     Type
   377 ;;		None
   378 ;; Return value:  Size  Location     Type
   379 ;;                  1    wreg      void 
   380 ;; Registers used:
   381 ;;		wreg, status,2
   382 ;; Tracked objects:
   383 ;;		On entry : 0/0
   384 ;;		On exit  : 0/0
   385 ;;		Unchanged: 0/0
   386 ;; Data sizes:     COMRAM   BANK0   BANK1   BANK2   BANK3   BANK4   BANK5
   387 ;;      Params:         0       0       0       0       0       0       0
   388 ;;      Locals:         0       0       0       0       0       0       0
   389 ;;      Temps:          0       0       0       0       0       0       0
   390 ;;      Totals:         0       0       0       0       0       0       0
   391 ;;Total ram usage:        0 bytes
   392 ;; Hardware stack levels used: 1
   393 ;; This function calls:
   394 ;;		Nothing
   395 ;; This function is called by:
   396 ;;		_main
   397 ;; This function uses a non-reentrant model
   398 ;;
   399                           
   400                           	psect	text2
   401   000646                     __ptext2:
   402                           	callstack 0
   403   000646                     _SPI_Init_Slave:
   404                           	callstack 0
   405   000646  FFFF               	dw	65535	; assembler added errata NOP
   406   000648                     
   407                           ;newmainSlave.c: 14:     while (!SSPSTATbits.BF);
   408   000648  8694               	bsf	148,3,c	;volatile
   409                           
   410                           ;newmainSlave.c: 15:     return SSPBUF;
   411   00064A  8894               	bsf	148,4,c	;volatile
   412                           
   413                           ;newmainSlave.c: 16: }
   414   00064C  9A94               	bcf	148,5,c	;volatile
   415   00064E                     
   416                           ;newmainSlave.c: 17: 
   417   00064E  0E40               	movlw	64
   418   000650  6EC7               	movwf	199,c	;volatile
   419                           
   420                           ;newmainSlave.c: 18: void main() {
   421   000652  0E24               	movlw	36
   422   000654  6EC6               	movwf	198,c	;volatile
   423   000656  0012               	return		;funcret
   424   000658  FFFF               	dw	65535	; errata NOP
   425   00065A                     __end_of_SPI_Init_Slave:
   426                           	callstack 0
   427                           
   428                           	psect	smallconst
   429   000600                     __psmallconst:
   430                           	callstack 0
   431   000600  00                 	db	0
   432   000601  00                 	db	0	; dummy byte at the end
   433   000000                     __activetblptr  equ	0
   434                           
   435                           	psect	rparam
   436   000001                     ___rparam_used  equ	1
   437   000000                     ___param_bank   equ	0
   438   000000                     __Lparam        equ	__Lrparam
   439   000000                     __Hparam        equ	__Hrparam
   440                           
   441                           	psect	config
   442                           
   443                           ; Padding undefined space
   444   300000                     	org	3145728
   445   300000  FF                 	db	255
   446                           
   447                           ;Config register CONFIG1H @ 0x300001
   448                           ;	Oscillator Selection bits
   449                           ;	OSC = HS, HS oscillator
   450                           ;	Oscillator System Clock Switch Enable bit
   451                           ;	OSCS = 0x1, unprogrammed default
   452   300001                     	org	3145729
   453   300001  22                 	db	34
   454                           
   455                           ;Config register CONFIG2L @ 0x300002
   456                           ;	Power-up Timer Enable bit
   457                           ;	PWRT = ON, PWRT enabled
   458                           ;	Brown-out Reset Enable bit
   459                           ;	BOR = ON, Brown-out Reset enabled
   460                           ;	Brown-out Reset Voltage bits
   461                           ;	BORV = 0x3, unprogrammed default
   462   300002                     	org	3145730
   463   300002  0E                 	db	14
   464                           
   465                           ;Config register CONFIG2H @ 0x300003
   466                           ;	Watchdog Timer Enable bit
   467                           ;	WDT = OFF, WDT disabled (control is placed on the SWDTEN bit)
   468                           ;	Watchdog Timer Postscale Select bits
   469                           ;	WDTPS = 0x7, unprogrammed default
   470   300003                     	org	3145731
   471   300003  0E                 	db	14
   472                           
   473                           ;Config register CONFIG4L @ 0x300006
   474                           ;	Stack Full/Underflow Reset Enable bit
   475                           ;	STVR = 0x1, unprogrammed default
   476                           ;	Low Voltage ICSP Enable bit
   477                           ;	LVP = OFF, Low Voltage ICSP disabled
   478                           ;	Background Debugger Enable bit
   479                           ;	DEBUG = 0x1, unprogrammed default
   480   300006                     	org	3145734
   481   300006  81                 	db	129
   482                           
   483                           ; Padding undefined space
   484   300007                     	org	3145735
   485   300007  FF                 	db	255
   486                           tosu	equ	0xFFF
   487                           tosh	equ	0xFFE
   488                           tosl	equ	0xFFD
   489                           stkptr	equ	0xFFC
   490                           pclatu	equ	0xFFB
   491                           pclath	equ	0xFFA
   492                           pcl	equ	0xFF9
   493                           tblptru	equ	0xFF8
   494                           tblptrh	equ	0xFF7
   495                           tblptrl	equ	0xFF6
   496                           tablat	equ	0xFF5
   497                           prodh	equ	0xFF4
   498                           prodl	equ	0xFF3
   499                           indf0	equ	0xFEF
   500                           postinc0	equ	0xFEE
   501                           postdec0	equ	0xFED
   502                           preinc0	equ	0xFEC
   503                           plusw0	equ	0xFEB
   504                           fsr0h	equ	0xFEA
   505                           fsr0l	equ	0xFE9
   506                           wreg	equ	0xFE8
   507                           indf1	equ	0xFE7
   508                           postinc1	equ	0xFE6
   509                           postdec1	equ	0xFE5
   510                           preinc1	equ	0xFE4
   511                           plusw1	equ	0xFE3
   512                           fsr1h	equ	0xFE2
   513                           fsr1l	equ	0xFE1
   514                           bsr	equ	0xFE0
   515                           indf2	equ	0xFDF
   516                           postinc2	equ	0xFDE
   517                           postdec2	equ	0xFDD
   518                           preinc2	equ	0xFDC
   519                           plusw2	equ	0xFDB
   520                           fsr2h	equ	0xFDA
   521                           fsr2l	equ	0xFD9
   522                           status	equ	0xFD8

Data Sizes:
    Strings     0
    Constant    0
    Data        0
    BSS         0
    Persistent  0
    Stack       0

Auto Spaces:
    Space          Size  Autos    Used
    COMRAM          127      3       3
    BANK0           128      0       0
    BANK1           256      0       0
    BANK2           256      0       0
    BANK3           256      0       0
    BANK4           256      0       0
    BANK5           256      0       0

Pointer List with Targets:

    None.

Critical Paths under _main in COMRAM

    _main->_SPI_Transfer

Critical Paths under _main in BANK0

    None.

Critical Paths under _main in BANK1

    None.

Critical Paths under _main in BANK2

    None.

Critical Paths under _main in BANK3

    None.

Critical Paths under _main in BANK4

    None.

Critical Paths under _main in BANK5

    None.

Call Graph Tables:

 ---------------------------------------------------------------------------------
 (Depth) Function   	        Calls       Base Space   Used Autos Params    Refs
 ---------------------------------------------------------------------------------
 (0) _main                                                 2     2      0      60
                                              1 COMRAM     2     2      0
                     _SPI_Init_Slave
                       _SPI_Transfer
 ---------------------------------------------------------------------------------
 (1) _SPI_Transfer                                         1     1      0      15
                                              0 COMRAM     1     1      0
 ---------------------------------------------------------------------------------
 (1) _SPI_Init_Slave                                       0     0      0       0
 ---------------------------------------------------------------------------------
 Estimated maximum stack depth 1
 ---------------------------------------------------------------------------------

 Call Graph Graphs:

 _main (ROOT)
   _SPI_Init_Slave
   _SPI_Transfer

Address spaces:
Name               Size   Autos  Total    Usage
BITCOMRAM          127      0       0      0.0%
BITBANK0           128      0       0      0.0%
BITBANK1           256      0       0      0.0%
BITBANK2           256      0       0      0.0%
BITBANK3           256      0       0      0.0%
BITBANK4           256      0       0      0.0%
BITBANK5           256      0       0      0.0%
BITBIGSFRh          56      0       0      0.0%
BITBIGSFRlh         50      0       0      0.0%
BITBIGSFRllh        18      0       0      0.0%
BITBIGSFRlll         1      0       0      0.0%
COMRAM             127      3       3      2.4%
BANK0              128      0       0      0.0%
BANK1              256      0       0      0.0%
BANK2              256      0       0      0.0%
BANK3              256      0       0      0.0%
BANK4              256      0       0      0.0%
BANK5              256      0       0      0.0%
BIGRAM            1535      0       0      0.0%
STACK                0      0       0      0.0%
DATA                 0      0       3      0.0%


Microchip Technology PIC18 Macro Assembler V2.50 build 20240725155939 
Symbol Table                                                                                   Fri Mar 21 18:17:36 2025

                                                   _SSPSTATbits 0FC7  
                                                            l20 062C  
                                                            l22 0640  
                                                            l23 0642  
                                                            l17 0656  
                                                            l28 060A  
                                                            u10 063E  
                                                            u11 0638  
                                                           l711 0628  
                                                           l713 0602  
                                                           l707 0648  
                                                           l715 0608  
                                                           l709 064E  
                                                           l717 0614  
                                                           l719 0618  
                                                  _SPI_Transfer 0624  
                                                          _main 0602  
                                        __end_of_SPI_Init_Slave 065A  
                                                          start 0002  
                                                  ___param_bank 0000  
                                                         ?_main 0001  
                                                         _PORTB 0F81  
                                                         _TRISB 0F93  
                                                  main@sendData 0002  
                                               ?_SPI_Init_Slave 0001  
                                               __initialization 065A  
                                                  __end_of_main 0624  
                                                        ??_main 0002  
                                                 __activetblptr 0000  
                                                        _SSPBUF 0FC9  
                                                        isa$std 0001  
                                                  __mediumconst 0000  
                                                    __accesstop 0080  
                                       __end_of__initialization 065A  
                                                 ___rparam_used 0001  
                                                __pcstackCOMRAM 0001  
                                              ??_SPI_Init_Slave 0001  
                                                       _SSPCON1 0FC6  
                                                       _SSPSTAT 0FC7  
                                                       __Hparam 0000  
                                                       __Lparam 0000  
                                                  __psmallconst 0600  
                                                       __pcinit 065A  
                                                       __ramtop 0600  
                                                       __ptext0 0602  
                                                       __ptext1 0624  
                                                       __ptext2 0646  
                                          end_of_initialization 065A  
                                                     _TRISCbits 0F94  
                                                 ?_SPI_Transfer 0001  
                                           start_initialization 065A  
                                              main@receivedData 0003  
                                                ??_SPI_Transfer 0001  
                                                   __smallconst 0600  
                                          __end_of_SPI_Transfer 0646  
                                                      __Hrparam 0000  
                                                      __Lrparam 0000  
                                                      isa$xinst 0000  
                                              SPI_Transfer@data 0001  
                                                _SPI_Init_Slave 0646  
