

Microchip MPLAB XC8 Assembler V2.50 build 20240725155939 
                                                                                               Sat Mar 29 15:08:11 2025

Microchip MPLAB XC8 C Compiler v2.50 (Free license) build 20240725155939 Og1 
     1                           	processor	18F252
     2                           	fnconf	rparam,??,?,0
     3                           	pagewidth 120
     4                           	opt	flic
     5                           	psect	idataCOMRAM,global,class=CODE,space=0,delta=1,noexec
     6                           	psect	cinit,global,reloc=2,class=CODE,space=0,delta=1
     7                           	psect	bssCOMRAM,global,class=COMRAM,space=1,delta=1,lowdata,noexec
     8                           	psect	dataCOMRAM,global,class=COMRAM,space=1,delta=1,lowdata,noexec
     9                           	psect	cstackCOMRAM,global,class=COMRAM,space=1,delta=1,lowdata,noexec
    10                           	psect	text0,global,reloc=2,class=CODE,space=0,delta=1
    11                           	psect	text1,global,reloc=2,class=CODE,space=0,delta=1
    12                           	psect	text2,global,reloc=2,class=CODE,space=0,delta=1
    13                           	psect	text3,global,reloc=2,class=CODE,space=0,delta=1
    14                           	psect	text4,global,reloc=2,class=CODE,space=0,delta=1
    15                           	psect	text5,global,reloc=2,class=CODE,space=0,delta=1
    16                           	psect	smallconst,global,reloc=2,class=SMALLCONST,space=0,delta=1,noexec
    17                           	psect	intsave_regs,global,class=BIGRAM,space=1,delta=1,noexec
    18                           	psect	rparam,global,class=COMRAM,space=1,delta=1,noexec
    19                           	psect	config,global,abs,ovrld,class=CONFIG,space=4,delta=1,noexec
    20   000000                     
    21                           ; Generated 17/10/2023 GMT
    22                           ; 
    23                           ; Copyright © 2023, Microchip Technology Inc. and its subsidiaries ("Microchip")
    24                           ; All rights reserved.
    25                           ; 
    26                           ; This software is developed by Microchip Technology Inc. and its subsidiaries ("Microch
      +                          ip").
    27                           ; 
    28                           ; Redistribution and use in source and binary forms, with or without modification, are
    29                           ; permitted provided that the following conditions are met:
    30                           ; 
    31                           ;     1. Redistributions of source code must retain the above copyright notice, this lis
      +                          t of
    32                           ;        conditions and the following disclaimer.
    33                           ; 
    34                           ;     2. Redistributions in binary form must reproduce the above copyright notice, this 
      +                          list
    35                           ;        of conditions and the following disclaimer in the documentation and/or other
    36                           ;        materials provided with the distribution. Publication is not required when
    37                           ;        this file is used in an embedded application.
    38                           ; 
    39                           ;     3. Microchip's name may not be used to endorse or promote products derived from th
      +                          is
    40                           ;        software without specific prior written permission.
    41                           ; 
    42                           ; THIS SOFTWARE IS PROVIDED BY MICROCHIP "AS IS" AND ANY EXPRESS OR IMPLIED WARRANTIES,
    43                           ; INCLUDING, BUT NOT LIMITED TO, THE IMPLIED WARRANTIES OF MERCHANTABILITY AND FITNESS F
      +                          OR
    44                           ; PURPOSE ARE DISCLAIMED.  IN NO EVENT SHALL MICROCHIP BE LIABLE FOR ANY DIRECT, INDIREC
      +                          T,
    45                           ; INCIDENTAL, SPECIAL, EXEMPLARY, OR CONSEQUENTIAL DAMAGES (INCLUDING BUT NOT LIMITED TO
    46                           ; PROCUREMENT OF SUBSTITUTE GOODS OR SERVICES; LOSS OF USE, DATA OR PROFITS; OR BUSINESS
    47                           ; INTERRUPTION) HOWSOEVER CAUSED AND ON ANY THEORY OF LIABILITY, WHETHER IN CONTRACT, ST
      +                          RICT
    48                           ; LIABILITY, OR TORT (INCLUDING NEGLIGENCE OR OTHERWISE) ARISING IN ANY WAY OUT OF THE U
      +                          SE OF
    49                           ; THIS SOFTWARE, EVEN IF ADVISED OF THE POSSIBILITY OF SUCH DAMAGE.
    50                           ; 
    51                           ; 
    52                           ; Code-generator required, PIC18F252 Definitions
    53                           ; 
    54                           ; SFR Addresses
    55   000FE0                     bsr             equ	4064
    56   000FE9                     fsr0            equ	4073
    57   000FEA                     fsr0h           equ	4074
    58   000FE9                     fsr0l           equ	4073
    59   000FE1                     fsr1            equ	4065
    60   000FE2                     fsr1h           equ	4066
    61   000FE1                     fsr1l           equ	4065
    62   000FD9                     fsr2            equ	4057
    63   000FDA                     fsr2h           equ	4058
    64   000FD9                     fsr2l           equ	4057
    65   000FEF                     indf0           equ	4079
    66   000FE7                     indf1           equ	4071
    67   000FDF                     indf2           equ	4063
    68   000FF2                     intcon          equ	4082
    69   000000                     nvmcon          equ	0
    70   000FF9                     pcl             equ	4089
    71   000FFA                     pclath          equ	4090
    72   000FFB                     pclatu          equ	4091
    73   000FEB                     plusw0          equ	4075
    74   000FE3                     plusw1          equ	4067
    75   000FDB                     plusw2          equ	4059
    76   000FED                     postdec0        equ	4077
    77   000FE5                     postdec1        equ	4069
    78   000FDD                     postdec2        equ	4061
    79   000FEE                     postinc0        equ	4078
    80   000FE6                     postinc1        equ	4070
    81   000FDE                     postinc2        equ	4062
    82   000FEC                     preinc0         equ	4076
    83   000FE4                     preinc1         equ	4068
    84   000FDC                     preinc2         equ	4060
    85   000FF3                     prod            equ	4083
    86   000FF4                     prodh           equ	4084
    87   000FF3                     prodl           equ	4083
    88   000FD8                     status          equ	4056
    89   000FF5                     tablat          equ	4085
    90   000FF6                     tblptr          equ	4086
    91   000FF7                     tblptrh         equ	4087
    92   000FF6                     tblptrl         equ	4086
    93   000FF8                     tblptru         equ	4088
    94   000FFD                     tosl            equ	4093
    95   000FE8                     wreg            equ	4072
    96   000F80                     PORTA           equ	3968	;# 
    97   000F81                     PORTB           equ	3969	;# 
    98   000F82                     PORTC           equ	3970	;# 
    99   000F89                     LATA            equ	3977	;# 
   100   000F8A                     LATB            equ	3978	;# 
   101   000F8B                     LATC            equ	3979	;# 
   102   000F92                     TRISA           equ	3986	;# 
   103   000F92                     DDRA            equ	3986	;# 
   104   000F93                     TRISB           equ	3987	;# 
   105   000F93                     DDRB            equ	3987	;# 
   106   000F94                     TRISC           equ	3988	;# 
   107   000F94                     DDRC            equ	3988	;# 
   108   000F9D                     PIE1            equ	3997	;# 
   109   000F9E                     PIR1            equ	3998	;# 
   110   000F9F                     IPR1            equ	3999	;# 
   111   000FA0                     PIE2            equ	4000	;# 
   112   000FA1                     PIR2            equ	4001	;# 
   113   000FA2                     IPR2            equ	4002	;# 
   114   000FA6                     EECON1          equ	4006	;# 
   115   000FA7                     EECON2          equ	4007	;# 
   116   000FA8                     EEDATA          equ	4008	;# 
   117   000FA9                     EEADR           equ	4009	;# 
   118   000FAB                     RCSTA           equ	4011	;# 
   119   000FAB                     RCSTA1          equ	4011	;# 
   120   000FAC                     TXSTA           equ	4012	;# 
   121   000FAC                     TXSTA1          equ	4012	;# 
   122   000FAD                     TXREG           equ	4013	;# 
   123   000FAD                     TXREG1          equ	4013	;# 
   124   000FAE                     RCREG           equ	4014	;# 
   125   000FAE                     RCREG1          equ	4014	;# 
   126   000FAF                     SPBRG           equ	4015	;# 
   127   000FAF                     SPBRG1          equ	4015	;# 
   128   000FB1                     T3CON           equ	4017	;# 
   129   000FB2                     TMR3            equ	4018	;# 
   130   000FB2                     TMR3L           equ	4018	;# 
   131   000FB3                     TMR3H           equ	4019	;# 
   132   000FBA                     CCP2CON         equ	4026	;# 
   133   000FBB                     CCPR2           equ	4027	;# 
   134   000FBB                     CCPR2L          equ	4027	;# 
   135   000FBC                     CCPR2H          equ	4028	;# 
   136   000FBD                     CCP1CON         equ	4029	;# 
   137   000FBE                     CCPR1           equ	4030	;# 
   138   000FBE                     CCPR1L          equ	4030	;# 
   139   000FBF                     CCPR1H          equ	4031	;# 
   140   000FC1                     ADCON1          equ	4033	;# 
   141   000FC2                     ADCON0          equ	4034	;# 
   142   000FC3                     ADRES           equ	4035	;# 
   143   000FC3                     ADRESL          equ	4035	;# 
   144   000FC4                     ADRESH          equ	4036	;# 
   145   000FC5                     SSPCON2         equ	4037	;# 
   146   000FC6                     SSPCON1         equ	4038	;# 
   147   000FC7                     SSPSTAT         equ	4039	;# 
   148   000FC8                     SSPADD          equ	4040	;# 
   149   000FC9                     SSPBUF          equ	4041	;# 
   150   000FCA                     T2CON           equ	4042	;# 
   151   000FCB                     PR2             equ	4043	;# 
   152   000FCB                     MEMCON          equ	4043	;# 
   153   000FCC                     TMR2            equ	4044	;# 
   154   000FCD                     T1CON           equ	4045	;# 
   155   000FCE                     TMR1            equ	4046	;# 
   156   000FCE                     TMR1L           equ	4046	;# 
   157   000FCF                     TMR1H           equ	4047	;# 
   158   000FD0                     RCON            equ	4048	;# 
   159   000FD1                     WDTCON          equ	4049	;# 
   160   000FD2                     LVDCON          equ	4050	;# 
   161   000FD3                     OSCCON          equ	4051	;# 
   162   000FD5                     T0CON           equ	4053	;# 
   163   000FD6                     TMR0            equ	4054	;# 
   164   000FD6                     TMR0L           equ	4054	;# 
   165   000FD7                     TMR0H           equ	4055	;# 
   166   000FD8                     STATUS          equ	4056	;# 
   167   000FD9                     FSR2            equ	4057	;# 
   168   000FD9                     FSR2L           equ	4057	;# 
   169   000FDA                     FSR2H           equ	4058	;# 
   170   000FDB                     PLUSW2          equ	4059	;# 
   171   000FDC                     PREINC2         equ	4060	;# 
   172   000FDD                     POSTDEC2        equ	4061	;# 
   173   000FDE                     POSTINC2        equ	4062	;# 
   174   000FDF                     INDF2           equ	4063	;# 
   175   000FE0                     BSR             equ	4064	;# 
   176   000FE1                     FSR1            equ	4065	;# 
   177   000FE1                     FSR1L           equ	4065	;# 
   178   000FE2                     FSR1H           equ	4066	;# 
   179   000FE3                     PLUSW1          equ	4067	;# 
   180   000FE4                     PREINC1         equ	4068	;# 
   181   000FE5                     POSTDEC1        equ	4069	;# 
   182   000FE6                     POSTINC1        equ	4070	;# 
   183   000FE7                     INDF1           equ	4071	;# 
   184   000FE8                     WREG            equ	4072	;# 
   185   000FE9                     FSR0            equ	4073	;# 
   186   000FE9                     FSR0L           equ	4073	;# 
   187   000FEA                     FSR0H           equ	4074	;# 
   188   000FEB                     PLUSW0          equ	4075	;# 
   189   000FEC                     PREINC0         equ	4076	;# 
   190   000FED                     POSTDEC0        equ	4077	;# 
   191   000FEE                     POSTINC0        equ	4078	;# 
   192   000FEF                     INDF0           equ	4079	;# 
   193   000FF0                     INTCON3         equ	4080	;# 
   194   000FF1                     INTCON2         equ	4081	;# 
   195   000FF2                     INTCON          equ	4082	;# 
   196   000FF2                     INTCON1         equ	4082	;# 
   197   000FF3                     PROD            equ	4083	;# 
   198   000FF3                     PRODL           equ	4083	;# 
   199   000FF4                     PRODH           equ	4084	;# 
   200   000FF5                     TABLAT          equ	4085	;# 
   201   000FF6                     TBLPTR          equ	4086	;# 
   202   000FF6                     TBLPTRL         equ	4086	;# 
   203   000FF7                     TBLPTRH         equ	4087	;# 
   204   000FF8                     TBLPTRU         equ	4088	;# 
   205   000FF9                     PCLAT           equ	4089	;# 
   206   000FF9                     PC              equ	4089	;# 
   207   000FF9                     PCL             equ	4089	;# 
   208   000FFA                     PCLATH          equ	4090	;# 
   209   000FFB                     PCLATU          equ	4091	;# 
   210   000FFC                     STKPTR          equ	4092	;# 
   211   000FFD                     TOS             equ	4093	;# 
   212   000FFD                     TOSL            equ	4093	;# 
   213   000FFE                     TOSH            equ	4094	;# 
   214   000FFF                     TOSU            equ	4095	;# 
   215                           
   216                           	psect	idataCOMRAM
   217   000840                     __pidataCOMRAM:
   218                           	callstack 0
   219                           
   220                           ;initializer for NRF24_Init@F1928
   221   000840  01                 	db	1
   222   000841  01                 	db	1
   223   000842  01                 	db	1
   224   000843  01                 	db	1
   225   000844  01                 	db	1
   226   000F8A                     _LATB           set	3978
   227   000F93                     _TRISB          set	3987
   228   000F8B                     _LATCbits       set	3979
   229   000FC7                     _SSPSTATbits    set	4039
   230   000FC9                     _SSPBUF         set	4041
   231   000FC6                     _SSPCON1        set	4038
   232   000FC7                     _SSPSTAT        set	4039
   233   000F94                     _TRISCbits      set	3988
   234                           
   235                           ; #config settings
   236                           
   237                           	psect	cinit
   238   0007A8                     __pcinit:
   239                           	callstack 0
   240   0007A8                     start_initialization:
   241                           	callstack 0
   242   0007A8                     __initialization:
   243                           	callstack 0
   244                           
   245                           ; Initialize objects allocated to COMRAM (5 bytes)
   246                           ; load TBLPTR registers with __pidataCOMRAM
   247   0007A8  0E40               	movlw	low __pidataCOMRAM
   248   0007AA  6EF6               	movwf	tblptrl,c
   249   0007AC  0E08               	movlw	high __pidataCOMRAM
   250   0007AE  6EF7               	movwf	tblptrh,c
   251   0007B0  0E00               	movlw	low (__pidataCOMRAM shr (0+16))
   252   0007B2  6EF8               	movwf	tblptru,c
   253   0007B4  EE00  F012         	lfsr	0,__pdataCOMRAM
   254   0007B8  EE10 F005          	lfsr	1,5
   255   0007BC                     copy_data0:
   256   0007BC  0009               	tblrd		*+
   257   0007BE  CFF5 FFEE          	movff	tablat,postinc0
   258   0007C2  50E5               	movf	postdec1,w,c
   259   0007C4  50E1               	movf	fsr1l,w,c
   260   0007C6  E1FA               	bnz	copy_data0
   261                           
   262                           ; Clear objects allocated to COMRAM (1 bytes)
   263   0007C8  6A17               	clrf	__pbssCOMRAM& (0+255),c
   264   0007CA                     end_of_initialization:
   265                           	callstack 0
   266   0007CA                     __end_of__initialization:
   267                           	callstack 0
   268   0007CA  0100               	movlb	0
   269   0007CC  EF8F  F003         	goto	_main	;jump to C main() function
   270                           
   271                           	psect	bssCOMRAM
   272   000017                     __pbssCOMRAM:
   273                           	callstack 0
   274   000017                     _payload:
   275                           	callstack 0
   276   000017                     	ds	1
   277                           
   278                           	psect	dataCOMRAM
   279   000012                     __pdataCOMRAM:
   280                           	callstack 0
   281   000012                     NRF24_Init@F1928:
   282                           	callstack 0
   283   000012                     	ds	5
   284                           
   285                           	psect	cstackCOMRAM
   286   000001                     __pcstackCOMRAM:
   287                           	callstack 0
   288   000001                     SPI_Transfer@data:
   289                           	callstack 0
   290   000001                     
   291                           ; 1 bytes @ 0x0
   292   000001                     	ds	1
   293   000002                     nrfWrite@val:
   294                           	callstack 0
   295   000002                     nrfRead@reg:
   296                           	callstack 0
   297   000002                     
   298                           ; 1 bytes @ 0x1
   299   000002                     	ds	1
   300   000003                     nrfWrite@reg:
   301                           	callstack 0
   302   000003                     nrfRead@val:
   303                           	callstack 0
   304   000003                     
   305                           ; 1 bytes @ 0x2
   306   000003                     	ds	1
   307   000004                     ??_NRF24_Init:
   308                           
   309                           ; 1 bytes @ 0x3
   310   000004                     	ds	2
   311   000006                     NRF24_Init@tx_address:
   312                           	callstack 0
   313                           
   314                           ; 5 bytes @ 0x5
   315   000006                     	ds	5
   316   00000B                     NRF24_Init@i:
   317                           	callstack 0
   318                           
   319                           ; 2 bytes @ 0xA
   320   00000B                     	ds	2
   321   00000D                     NRF24_Init@i_312:
   322                           	callstack 0
   323                           
   324                           ; 2 bytes @ 0xC
   325   00000D                     	ds	2
   326   00000F                     ??_main:
   327                           
   328                           ; 1 bytes @ 0xE
   329   00000F                     	ds	2
   330   000011                     main@status:
   331                           	callstack 0
   332                           
   333                           ; 1 bytes @ 0x10
   334   000011                     	ds	1
   335                           
   336 ;;
   337 ;;Main: autosize = 0, tempsize = 2, incstack = 0, save=0
   338 ;;
   339 ;; *************** function _main *****************
   340 ;; Defined at:
   341 ;;		line 99 in file "newmainNRF24.c"
   342 ;; Parameters:    Size  Location     Type
   343 ;;		None
   344 ;; Auto vars:     Size  Location     Type
   345 ;;  status          1   16[COMRAM] unsigned char 
   346 ;; Return value:  Size  Location     Type
   347 ;;                  1    wreg      void 
   348 ;; Registers used:
   349 ;;		wreg, fsr1l, fsr1h, fsr2l, fsr2h, status,2, status,0, cstack
   350 ;; Tracked objects:
   351 ;;		On entry : 0/0
   352 ;;		On exit  : 0/0
   353 ;;		Unchanged: 0/0
   354 ;; Data sizes:     COMRAM   BANK0   BANK1   BANK2   BANK3   BANK4   BANK5
   355 ;;      Params:         0       0       0       0       0       0       0
   356 ;;      Locals:         1       0       0       0       0       0       0
   357 ;;      Temps:          2       0       0       0       0       0       0
   358 ;;      Totals:         3       0       0       0       0       0       0
   359 ;;Total ram usage:        3 bytes
   360 ;; Hardware stack levels required when called: 3
   361 ;; This function calls:
   362 ;;		_NRF24_Init
   363 ;;		_SPI_Init_Master
   364 ;;		_SPI_Transfer
   365 ;;		_nrfRead
   366 ;;		_nrfWrite
   367 ;; This function is called by:
   368 ;;		Startup code after reset
   369 ;; This function uses a non-reentrant model
   370 ;;
   371                           
   372                           	psect	text0
   373   00071E                     __ptext0:
   374                           	callstack 0
   375   00071E                     _main:
   376                           	callstack 28
   377   00071E  FFFF               	dw	65535	; assembler added errata NOP
   378                           
   379                           ;newmainNRF24.c: 100:         do {
   380   000720  6A93               	clrf	147,c	;volatile
   381   000722                     
   382                           ;newmainNRF24.c: 101:             LATCbits.LATC2 = 0;
   383   000722  EC14  F004         	call	_SPI_Init_Master	;wreg free
   384   000726                     
   385                           ;newmainNRF24.c: 102:             SPI_Transfer(0x61);
   386   000726  EC01  F003         	call	_NRF24_Init	;wreg free
   387   00072A                     
   388                           ;newmainNRF24.c: 104:             LATCbits.LATC2 = 1;
   389   00072A  0E05               	movlw	5
   390   00072C  6E10               	movwf	(??_main+1)^0,c
   391   00072E  0EC3               	movlw	195
   392   000730  6E0F               	movwf	??_main^0,c
   393   000732  0E4F               	movlw	79
   394   000734                     u137:
   395   000734  FFFF               	dw	65535	; errata NOP
   396   000736  2EE8               	decfsz	wreg,f,c
   397   000738  D7FD               	bra	u137
   398   00073A  2E0F               	decfsz	??_main^0,f,c
   399   00073C  D7FB               	bra	u137
   400   00073E  2E10               	decfsz	(??_main+1)^0,f,c
   401   000740  D7F9               	bra	u137
   402   000742                     l910:
   403   000742  FFFF               	dw	65535	; assembler added errata NOP
   404                           
   405                           ;newmainNRF24.c: 108:             status = nrfRead(0x07);
   406   000744  0E07               	movlw	7
   407   000746  ECF9  F003         	call	_nrfRead
   408   00074A  6E11               	movwf	main@status^0,c
   409   00074C                     
   410                           ;newmainNRF24.c: 110:         } while (!(nrfRead(0x17) & 0x01));
   411   00074C  AC11               	btfss	main@status^0,6,c
   412   00074E  EFAB  F003         	goto	u111
   413   000752  EFAE  F003         	goto	u110
   414   000756                     u111:
   415   000756  FFFF               	dw	65535	; assembler added errata NOP
   416   000758  EFA1  F003         	goto	l910
   417   00075C                     u110:
   418   00075C  FFFF               	dw	65535	; assembler added errata NOP
   419   00075E                     l56:
   420   00075E  FFFF               	dw	65535	; assembler added errata NOP
   421                           
   422                           ;newmainNRF24.c: 112:         nrfWrite(0x07, 0x40);
   423   000760  948B               	bcf	139,2,c	;volatile
   424   000762                     
   425                           ;newmainNRF24.c: 113:     }
   426   000762  0E61               	movlw	97
   427   000764  ECE8  F003         	call	_SPI_Transfer
   428                           
   429                           ;newmainNRF24.c: 114: }
   430   000768  0EFF               	movlw	255
   431   00076A  ECE8  F003         	call	_SPI_Transfer
   432   00076E  6E17               	movwf	_payload^0,c
   433   000770                     
   434                           ;newmainNRF24.c: 115: 
   435   000770  848B               	bsf	139,2,c	;volatile
   436   000772                     
   437                           ;newmainNRF24.c: 117: 
   438   000772  C017  FF8A         	movff	_payload,3978	;volatile
   439   000776  0E07               	movlw	7
   440   000778  ECF9  F003         	call	_nrfRead
   441   00077C  0E17               	movlw	23
   442   00077E  ECF9  F003         	call	_nrfRead
   443   000782  6E0F               	movwf	??_main^0,c
   444   000784  A00F               	btfss	??_main^0,0,c
   445   000786  EFC7  F003         	goto	u121
   446   00078A  EFCA  F003         	goto	u120
   447   00078E                     u121:
   448   00078E  FFFF               	dw	65535	; assembler added errata NOP
   449   000790  EFAF  F003         	goto	l56
   450   000794                     u120:
   451   000794  FFFF               	dw	65535	; assembler added errata NOP
   452   000796  0E40               	movlw	64
   453   000798  6E02               	movwf	nrfWrite@val^0,c
   454   00079A  0E07               	movlw	7
   455   00079C  EC07  F004         	call	_nrfWrite
   456   0007A0  EFA1  F003         	goto	l910
   457   0007A4  EF01  F000         	goto	start
   458   0007A8                     __end_of_main:
   459                           	callstack 0
   460                           
   461 ;; *************** function _nrfRead *****************
   462 ;; Defined at:
   463 ;;		line 40 in file "newmainNRF24.c"
   464 ;; Parameters:    Size  Location     Type
   465 ;;  reg             1    wreg     unsigned char 
   466 ;; Auto vars:     Size  Location     Type
   467 ;;  reg             1    1[COMRAM] unsigned char 
   468 ;;  val             1    2[COMRAM] unsigned char 
   469 ;; Return value:  Size  Location     Type
   470 ;;                  1    wreg      unsigned char 
   471 ;; Registers used:
   472 ;;		wreg, status,2, cstack
   473 ;; Tracked objects:
   474 ;;		On entry : 0/0
   475 ;;		On exit  : 0/0
   476 ;;		Unchanged: 0/0
   477 ;; Data sizes:     COMRAM   BANK0   BANK1   BANK2   BANK3   BANK4   BANK5
   478 ;;      Params:         0       0       0       0       0       0       0
   479 ;;      Locals:         2       0       0       0       0       0       0
   480 ;;      Temps:          0       0       0       0       0       0       0
   481 ;;      Totals:         2       0       0       0       0       0       0
   482 ;;Total ram usage:        2 bytes
   483 ;; Hardware stack levels used: 1
   484 ;; Hardware stack levels required when called: 1
   485 ;; This function calls:
   486 ;;		_SPI_Transfer
   487 ;; This function is called by:
   488 ;;		_main
   489 ;; This function uses a non-reentrant model
   490 ;;
   491                           
   492                           	psect	text1
   493   0007F2                     __ptext1:
   494                           	callstack 0
   495   0007F2                     _nrfRead:
   496                           	callstack 0
   497   0007F2  FFFF               	dw	65535	; assembler added errata NOP
   498                           
   499                           ;incstack = 0
   500                           ;nrfRead@reg stored from wreg
   501   0007F4  6E02               	movwf	nrfRead@reg^0,c
   502   0007F6                     
   503                           ;newmainNRF24.c: 41:     SPI_Transfer(0xA0);;newmainNRF24.c: 42:     for (int i = 0; i <
      +                           5; i++) {
   504   0007F6  948B               	bcf	139,2,c	;volatile
   505   0007F8                     
   506                           ;newmainNRF24.c: 43:         SPI_Transfer(val[i]);
   507   0007F8  5002               	movf	nrfRead@reg^0,w,c
   508   0007FA  ECE8  F003         	call	_SPI_Transfer
   509                           
   510                           ;newmainNRF24.c: 44:     }
   511   0007FE  0EFF               	movlw	255
   512   000800  ECE8  F003         	call	_SPI_Transfer
   513   000804  6E03               	movwf	nrfRead@val^0,c
   514   000806                     
   515                           ;newmainNRF24.c: 45:     LATCbits.LATC2 = 1;
   516   000806  848B               	bsf	139,2,c	;volatile
   517   000808                     
   518                           ;newmainNRF24.c: 46: 
   519   000808  5003               	movf	nrfRead@val^0,w,c
   520   00080A  0012               	return		;funcret
   521   00080C  FFFF               	dw	65535	; errata NOP
   522   00080E                     __end_of_nrfRead:
   523                           	callstack 0
   524                           
   525 ;; *************** function _SPI_Init_Master *****************
   526 ;; Defined at:
   527 ;;		line 16 in file "newmainNRF24.c"
   528 ;; Parameters:    Size  Location     Type
   529 ;;		None
   530 ;; Auto vars:     Size  Location     Type
   531 ;;		None
   532 ;; Return value:  Size  Location     Type
   533 ;;                  1    wreg      void 
   534 ;; Registers used:
   535 ;;		wreg, status,2
   536 ;; Tracked objects:
   537 ;;		On entry : 0/0
   538 ;;		On exit  : 0/0
   539 ;;		Unchanged: 0/0
   540 ;; Data sizes:     COMRAM   BANK0   BANK1   BANK2   BANK3   BANK4   BANK5
   541 ;;      Params:         0       0       0       0       0       0       0
   542 ;;      Locals:         0       0       0       0       0       0       0
   543 ;;      Temps:          0       0       0       0       0       0       0
   544 ;;      Totals:         0       0       0       0       0       0       0
   545 ;;Total ram usage:        0 bytes
   546 ;; Hardware stack levels used: 1
   547 ;; This function calls:
   548 ;;		Nothing
   549 ;; This function is called by:
   550 ;;		_main
   551 ;; This function uses a non-reentrant model
   552 ;;
   553                           
   554                           	psect	text2
   555   000828                     __ptext2:
   556                           	callstack 0
   557   000828                     _SPI_Init_Master:
   558                           	callstack 0
   559   000828  FFFF               	dw	65535	; assembler added errata NOP
   560   00082A                     
   561                           ;newmainNRF24.c: 17:     while (!SSPSTATbits.BF);
   562   00082A  9694               	bcf	148,3,c	;volatile
   563                           
   564                           ;newmainNRF24.c: 18:     return SSPBUF;
   565   00082C  8894               	bsf	148,4,c	;volatile
   566                           
   567                           ;newmainNRF24.c: 19: }
   568   00082E  9A94               	bcf	148,5,c	;volatile
   569                           
   570                           ;newmainNRF24.c: 20: 
   571   000830  9294               	bcf	148,1,c	;volatile
   572                           
   573                           ;newmainNRF24.c: 21: void nrfWrite(unsigned char reg,unsigned char val){
   574   000832  9494               	bcf	148,2,c	;volatile
   575   000834                     
   576                           ;newmainNRF24.c: 22:     LATCbits.LATC2=0;
   577   000834  0E40               	movlw	64
   578   000836  6EC7               	movwf	199,c	;volatile
   579                           
   580                           ;newmainNRF24.c: 23:     SPI_Transfer(0x20 | reg);
   581   000838  0E20               	movlw	32
   582   00083A  6EC6               	movwf	198,c	;volatile
   583   00083C  0012               	return		;funcret
   584   00083E  FFFF               	dw	65535	; errata NOP
   585   000840                     __end_of_SPI_Init_Master:
   586                           	callstack 0
   587                           
   588 ;; *************** function _NRF24_Init *****************
   589 ;; Defined at:
   590 ;;		line 65 in file "newmainNRF24.c"
   591 ;; Parameters:    Size  Location     Type
   592 ;;		None
   593 ;; Auto vars:     Size  Location     Type
   594 ;;  i               2   12[COMRAM] int 
   595 ;;  i               2   10[COMRAM] int 
   596 ;;  tx_address      5    5[COMRAM] unsigned char [5]
   597 ;; Return value:  Size  Location     Type
   598 ;;                  1    wreg      void 
   599 ;; Registers used:
   600 ;;		wreg, fsr1l, fsr1h, fsr2l, fsr2h, status,2, status,0, cstack
   601 ;; Tracked objects:
   602 ;;		On entry : 0/0
   603 ;;		On exit  : 0/0
   604 ;;		Unchanged: 0/0
   605 ;; Data sizes:     COMRAM   BANK0   BANK1   BANK2   BANK3   BANK4   BANK5
   606 ;;      Params:         0       0       0       0       0       0       0
   607 ;;      Locals:         9       0       0       0       0       0       0
   608 ;;      Temps:          2       0       0       0       0       0       0
   609 ;;      Totals:        11       0       0       0       0       0       0
   610 ;;Total ram usage:       11 bytes
   611 ;; Hardware stack levels used: 1
   612 ;; Hardware stack levels required when called: 2
   613 ;; This function calls:
   614 ;;		_SPI_Transfer
   615 ;;		_nrfWrite
   616 ;; This function is called by:
   617 ;;		_main
   618 ;; This function uses a non-reentrant model
   619 ;;
   620                           
   621                           	psect	text3
   622   000602                     __ptext3:
   623                           	callstack 0
   624   000602                     _NRF24_Init:
   625                           	callstack 0
   626   000602  FFFF               	dw	65535	; assembler added errata NOP
   627   000604                     
   628                           ;newmainNRF24.c: 66:     SPI_Transfer(0x20 | 0x10);
   629   000604  EE20  F012         	lfsr	2,NRF24_Init@F1928
   630   000608  EE10  F006         	lfsr	1,NRF24_Init@tx_address
   631   00060C  0E04               	movlw	4
   632   00060E                     u81:
   633   00060E  CFDB FFE3          	movff	plusw2,plusw1
   634   000612  06E8               	decf	wreg,f,c
   635   000614  E2FC               	bc	u81
   636   000616                     
   637                           ;newmainNRF24.c: 67:     for (int i = 0; i < 5; i++) {
   638   000616  928B               	bcf	139,1,c	;volatile
   639   000618                     
   640                           ;newmainNRF24.c: 68:         SPI_Transfer(tx_address[i]);}
   641   000618  848B               	bsf	139,2,c	;volatile
   642   00061A                     
   643                           ;newmainNRF24.c: 70: 
   644   00061A  0E02               	movlw	2
   645   00061C  6E05               	movwf	(??_NRF24_Init+1)^0,c
   646   00061E  0EE8               	movlw	232
   647   000620  6E04               	movwf	??_NRF24_Init^0,c
   648   000622  0E52               	movlw	82
   649   000624                     u147:
   650   000624  FFFF               	dw	65535	; errata NOP
   651   000626  2EE8               	decfsz	wreg,f,c
   652   000628  D7FD               	bra	u147
   653   00062A  2E04               	decfsz	??_NRF24_Init^0,f,c
   654   00062C  D7FB               	bra	u147
   655   00062E  2E05               	decfsz	(??_NRF24_Init+1)^0,f,c
   656   000630  D7F9               	bra	u147
   657   000632                     
   658                           ;newmainNRF24.c: 73:     for (int i = 0; i < 5; i++) {
   659   000632  0E00               	movlw	0
   660   000634  6E02               	movwf	nrfWrite@val^0,c
   661   000636  0E00               	movlw	0
   662   000638  EC07  F004         	call	_nrfWrite
   663   00063C                     
   664                           ;newmainNRF24.c: 74:         SPI_Transfer(tx_address[i]);}
   665   00063C  0E03               	movlw	3
   666   00063E  6E02               	movwf	nrfWrite@val^0,c
   667   000640  0E03               	movlw	3
   668   000642  EC07  F004         	call	_nrfWrite
   669   000646                     
   670                           ;newmainNRF24.c: 76: 
   671   000646  948B               	bcf	139,2,c	;volatile
   672   000648                     
   673                           ;newmainNRF24.c: 77:     nrfWrite(0x01, 0x01);
   674   000648  0E30               	movlw	48
   675   00064A  ECE8  F003         	call	_SPI_Transfer
   676   00064E                     
   677                           ;newmainNRF24.c: 78:     nrfWrite(0x04, 0x2A);
   678   00064E  0E00               	movlw	0
   679   000650  6E0C               	movwf	(NRF24_Init@i+1)^0,c
   680   000652  0E00               	movlw	0
   681   000654  6E0B               	movwf	NRF24_Init@i^0,c
   682   000656                     l878:
   683   000656  FFFF               	dw	65535	; assembler added errata NOP
   684                           
   685                           ;newmainNRF24.c: 79:     nrfWrite(0x02, 0x01);
   686   000658  500B               	movf	NRF24_Init@i^0,w,c
   687   00065A  0F06               	addlw	low NRF24_Init@tx_address
   688   00065C  6ED9               	movwf	fsr2l,c
   689   00065E  6ADA               	clrf	fsr2h,c
   690   000660  50DF               	movf	indf2,w,c
   691   000662  ECE8  F003         	call	_SPI_Transfer
   692   000666  4A0B               	infsnz	NRF24_Init@i^0,f,c
   693   000668  2A0C               	incf	(NRF24_Init@i+1)^0,f,c
   694   00066A  BE0C               	btfsc	(NRF24_Init@i+1)^0,7,c
   695   00066C  EF41  F003         	goto	u91
   696   000670  500C               	movf	(NRF24_Init@i+1)^0,w,c
   697   000672  E10A               	bnz	u90
   698   000674  0E05               	movlw	5
   699   000676  5C0B               	subwf	NRF24_Init@i^0,w,c
   700   000678  A0D8               	btfss	status,0,c
   701   00067A  EF41  F003         	goto	u91
   702   00067E  EF44  F003         	goto	u90
   703   000682                     u91:
   704   000682  FFFF               	dw	65535	; assembler added errata NOP
   705   000684  EF2B  F003         	goto	l878
   706   000688                     u90:
   707   000688  FFFF               	dw	65535	; assembler added errata NOP
   708   00068A                     
   709                           ;newmainNRF24.c: 80:     nrfWrite(0x05, 40);
   710   00068A  848B               	bsf	139,2,c	;volatile
   711                           
   712                           ;newmainNRF24.c: 82:     nrfWrite(0x11, 1);
   713   00068C  948B               	bcf	139,2,c	;volatile
   714   00068E                     
   715                           ;newmainNRF24.c: 83:     nrfWrite(0x00, 0x0B);
   716   00068E  0E2A               	movlw	42
   717   000690  ECE8  F003         	call	_SPI_Transfer
   718   000694                     
   719                           ;newmainNRF24.c: 84: 
   720   000694  0E00               	movlw	0
   721   000696  6E0E               	movwf	(NRF24_Init@i_312+1)^0,c
   722   000698  0E00               	movlw	0
   723   00069A  6E0D               	movwf	NRF24_Init@i_312^0,c
   724   00069C                     l892:
   725   00069C  FFFF               	dw	65535	; assembler added errata NOP
   726                           
   727                           ;newmainNRF24.c: 85:     LATCbits.LATC1 = 1;
   728   00069E  500D               	movf	NRF24_Init@i_312^0,w,c
   729   0006A0  0F06               	addlw	low NRF24_Init@tx_address
   730   0006A2  6ED9               	movwf	fsr2l,c
   731   0006A4  6ADA               	clrf	fsr2h,c
   732   0006A6  50DF               	movf	indf2,w,c
   733   0006A8  ECE8  F003         	call	_SPI_Transfer
   734   0006AC  4A0D               	infsnz	NRF24_Init@i_312^0,f,c
   735   0006AE  2A0E               	incf	(NRF24_Init@i_312+1)^0,f,c
   736   0006B0  BE0E               	btfsc	(NRF24_Init@i_312+1)^0,7,c
   737   0006B2  EF64  F003         	goto	u101
   738   0006B6  500E               	movf	(NRF24_Init@i_312+1)^0,w,c
   739   0006B8  E10A               	bnz	u100
   740   0006BA  0E05               	movlw	5
   741   0006BC  5C0D               	subwf	NRF24_Init@i_312^0,w,c
   742   0006BE  A0D8               	btfss	status,0,c
   743   0006C0  EF64  F003         	goto	u101
   744   0006C4  EF67  F003         	goto	u100
   745   0006C8                     u101:
   746   0006C8  FFFF               	dw	65535	; assembler added errata NOP
   747   0006CA  EF4E  F003         	goto	l892
   748   0006CE                     u100:
   749   0006CE  FFFF               	dw	65535	; assembler added errata NOP
   750   0006D0                     
   751                           ;newmainNRF24.c: 86: }
   752   0006D0  848B               	bsf	139,2,c	;volatile
   753   0006D2                     
   754                           ;newmainNRF24.c: 88: void main(void){
   755   0006D2  0E01               	movlw	1
   756   0006D4  6E02               	movwf	nrfWrite@val^0,c
   757   0006D6  0E01               	movlw	1
   758   0006D8  EC07  F004         	call	_nrfWrite
   759                           
   760                           ;newmainNRF24.c: 89:     TRISB=0x00;
   761   0006DC  0E2A               	movlw	42
   762   0006DE  6E02               	movwf	nrfWrite@val^0,c
   763   0006E0  0E04               	movlw	4
   764   0006E2  EC07  F004         	call	_nrfWrite
   765                           
   766                           ;newmainNRF24.c: 90:     SPI_Init_Master();
   767   0006E6  0E01               	movlw	1
   768   0006E8  6E02               	movwf	nrfWrite@val^0,c
   769   0006EA  0E02               	movlw	2
   770   0006EC  EC07  F004         	call	_nrfWrite
   771                           
   772                           ;newmainNRF24.c: 91:     NRF24_Init();
   773   0006F0  0E28               	movlw	40
   774   0006F2  6E02               	movwf	nrfWrite@val^0,c
   775   0006F4  0E05               	movlw	5
   776   0006F6  EC07  F004         	call	_nrfWrite
   777                           
   778                           ;newmainNRF24.c: 92: 
   779   0006FA  0E06               	movlw	6
   780   0006FC  6E02               	movwf	nrfWrite@val^0,c
   781   0006FE  0E06               	movlw	6
   782   000700  EC07  F004         	call	_nrfWrite
   783                           
   784                           ;newmainNRF24.c: 93:     _delay((unsigned long)((250)*(20000000/4000.0)));
   785   000704  0E01               	movlw	1
   786   000706  6E02               	movwf	nrfWrite@val^0,c
   787   000708  0E11               	movlw	17
   788   00070A  EC07  F004         	call	_nrfWrite
   789                           
   790                           ;newmainNRF24.c: 94: 
   791   00070E  0E0B               	movlw	11
   792   000710  6E02               	movwf	nrfWrite@val^0,c
   793   000712  0E00               	movlw	0
   794   000714  EC07  F004         	call	_nrfWrite
   795   000718                     
   796                           ;newmainNRF24.c: 96:     while(1){
   797   000718  828B               	bsf	139,1,c	;volatile
   798   00071A  0012               	return		;funcret
   799   00071C  FFFF               	dw	65535	; errata NOP
   800   00071E                     __end_of_NRF24_Init:
   801                           	callstack 0
   802                           
   803 ;; *************** function _nrfWrite *****************
   804 ;; Defined at:
   805 ;;		line 32 in file "newmainNRF24.c"
   806 ;; Parameters:    Size  Location     Type
   807 ;;  reg             1    wreg     unsigned char 
   808 ;;  val             1    1[COMRAM] unsigned char 
   809 ;; Auto vars:     Size  Location     Type
   810 ;;  reg             1    2[COMRAM] unsigned char 
   811 ;; Return value:  Size  Location     Type
   812 ;;                  1    wreg      void 
   813 ;; Registers used:
   814 ;;		wreg, status,2, status,0, cstack
   815 ;; Tracked objects:
   816 ;;		On entry : 0/0
   817 ;;		On exit  : 0/0
   818 ;;		Unchanged: 0/0
   819 ;; Data sizes:     COMRAM   BANK0   BANK1   BANK2   BANK3   BANK4   BANK5
   820 ;;      Params:         1       0       0       0       0       0       0
   821 ;;      Locals:         1       0       0       0       0       0       0
   822 ;;      Temps:          0       0       0       0       0       0       0
   823 ;;      Totals:         2       0       0       0       0       0       0
   824 ;;Total ram usage:        2 bytes
   825 ;; Hardware stack levels used: 1
   826 ;; Hardware stack levels required when called: 1
   827 ;; This function calls:
   828 ;;		_SPI_Transfer
   829 ;; This function is called by:
   830 ;;		_NRF24_Init
   831 ;;		_main
   832 ;; This function uses a non-reentrant model
   833 ;;
   834                           
   835                           	psect	text4
   836   00080E                     __ptext4:
   837                           	callstack 0
   838   00080E                     _nrfWrite:
   839                           	callstack 0
   840   00080E  FFFF               	dw	65535	; assembler added errata NOP
   841                           
   842                           ;incstack = 0
   843                           ;nrfWrite@reg stored from wreg
   844   000810  6E03               	movwf	nrfWrite@reg^0,c
   845   000812                     
   846                           ;newmainNRF24.c: 33:     val=SPI_Transfer(0xFF);
   847   000812  948B               	bcf	139,2,c	;volatile
   848   000814                     
   849                           ;newmainNRF24.c: 34:     LATCbits.LATC2=1;
   850   000814  5003               	movf	nrfWrite@reg^0,w,c
   851   000816  0920               	iorlw	32
   852   000818  ECE8  F003         	call	_SPI_Transfer
   853   00081C                     
   854                           ;newmainNRF24.c: 35:     return val;
   855   00081C  5002               	movf	nrfWrite@val^0,w,c
   856   00081E  ECE8  F003         	call	_SPI_Transfer
   857   000822                     
   858                           ;newmainNRF24.c: 36: }
   859   000822  848B               	bsf	139,2,c	;volatile
   860   000824  0012               	return		;funcret
   861   000826  FFFF               	dw	65535	; errata NOP
   862   000828                     __end_of_nrfWrite:
   863                           	callstack 0
   864                           
   865 ;; *************** function _SPI_Transfer *****************
   866 ;; Defined at:
   867 ;;		line 26 in file "newmainNRF24.c"
   868 ;; Parameters:    Size  Location     Type
   869 ;;  data            1    wreg     unsigned char 
   870 ;; Auto vars:     Size  Location     Type
   871 ;;  data            1    0[COMRAM] unsigned char 
   872 ;; Return value:  Size  Location     Type
   873 ;;                  1    wreg      unsigned char 
   874 ;; Registers used:
   875 ;;		wreg, status,2
   876 ;; Tracked objects:
   877 ;;		On entry : 0/0
   878 ;;		On exit  : 0/0
   879 ;;		Unchanged: 0/0
   880 ;; Data sizes:     COMRAM   BANK0   BANK1   BANK2   BANK3   BANK4   BANK5
   881 ;;      Params:         0       0       0       0       0       0       0
   882 ;;      Locals:         1       0       0       0       0       0       0
   883 ;;      Temps:          0       0       0       0       0       0       0
   884 ;;      Totals:         1       0       0       0       0       0       0
   885 ;;Total ram usage:        1 bytes
   886 ;; Hardware stack levels used: 1
   887 ;; This function calls:
   888 ;;		Nothing
   889 ;; This function is called by:
   890 ;;		_nrfWrite
   891 ;;		_nrfRead
   892 ;;		_NRF24_Init
   893 ;;		_main
   894 ;;		_sendPayload
   895 ;; This function uses a non-reentrant model
   896 ;;
   897                           
   898                           	psect	text5
   899   0007D0                     __ptext5:
   900                           	callstack 0
   901   0007D0                     _SPI_Transfer:
   902                           	callstack 0
   903   0007D0  FFFF               	dw	65535	; assembler added errata NOP
   904                           
   905                           ;incstack = 0
   906                           ;SPI_Transfer@data stored from wreg
   907   0007D2  6E01               	movwf	SPI_Transfer@data^0,c
   908   0007D4                     
   909                           ;newmainNRF24.c: 27: 
   910   0007D4  C001  FFC9         	movff	SPI_Transfer@data,4041	;volatile
   911   0007D8                     l24:
   912   0007D8  FFFF               	dw	65535	; assembler added errata NOP
   913   0007DA  A0C7               	btfss	199,0,c	;volatile
   914   0007DC  EFF2  F003         	goto	u11
   915   0007E0  EFF5  F003         	goto	u10
   916   0007E4                     u11:
   917   0007E4  FFFF               	dw	65535	; assembler added errata NOP
   918   0007E6  EFEC  F003         	goto	l24
   919   0007EA                     u10:
   920   0007EA  FFFF               	dw	65535	; assembler added errata NOP
   921   0007EC                     
   922                           ;newmainNRF24.c: 29: unsigned char nrfRead(unsigned char reg){
   923   0007EC  50C9               	movf	201,w,c	;volatile
   924   0007EE  0012               	return		;funcret
   925   0007F0  FFFF               	dw	65535	; errata NOP
   926   0007F2                     __end_of_SPI_Transfer:
   927                           	callstack 0
   928                           
   929                           	psect	smallconst
   930   000600                     __psmallconst:
   931                           	callstack 0
   932   000600  00                 	db	0
   933   000601  00                 	db	0	; dummy byte at the end
   934   000000                     __activetblptr  equ	0
   935                           
   936                           	psect	rparam
   937   000001                     ___rparam_used  equ	1
   938   000000                     ___param_bank   equ	0
   939   000000                     __Lparam        equ	__Lrparam
   940   000000                     __Hparam        equ	__Hrparam
   941                           
   942                           	psect	config
   943                           
   944                           ; Padding undefined space
   945   300000                     	org	3145728
   946   300000  FF                 	db	255
   947                           
   948                           ;Config register CONFIG1H @ 0x300001
   949                           ;	Oscillator Selection bits
   950                           ;	OSC = HS, HS oscillator
   951                           ;	Oscillator System Clock Switch Enable bit
   952                           ;	OSCS = 0x1, unprogrammed default
   953   300001                     	org	3145729
   954   300001  22                 	db	34
   955                           
   956                           ;Config register CONFIG2L @ 0x300002
   957                           ;	Power-up Timer Enable bit
   958                           ;	PWRT = ON, PWRT enabled
   959                           ;	Brown-out Reset Enable bit
   960                           ;	BOR = ON, Brown-out Reset enabled
   961                           ;	Brown-out Reset Voltage bits
   962                           ;	BORV = 0x3, unprogrammed default
   963   300002                     	org	3145730
   964   300002  0E                 	db	14
   965                           
   966                           ;Config register CONFIG2H @ 0x300003
   967                           ;	Watchdog Timer Enable bit
   968                           ;	WDT = OFF, WDT disabled (control is placed on the SWDTEN bit)
   969                           ;	Watchdog Timer Postscale Select bits
   970                           ;	WDTPS = 0x7, unprogrammed default
   971   300003                     	org	3145731
   972   300003  0E                 	db	14
   973                           
   974                           ;Config register CONFIG4L @ 0x300006
   975                           ;	Stack Full/Underflow Reset Enable bit
   976                           ;	STVR = 0x1, unprogrammed default
   977                           ;	Low Voltage ICSP Enable bit
   978                           ;	LVP = OFF, Low Voltage ICSP disabled
   979                           ;	Background Debugger Enable bit
   980                           ;	DEBUG = 0x1, unprogrammed default
   981   300006                     	org	3145734
   982   300006  81                 	db	129
   983                           
   984                           ; Padding undefined space
   985   300007                     	org	3145735
   986   300007  FF                 	db	255
   987                           tosu	equ	0xFFF
   988                           tosh	equ	0xFFE
   989                           tosl	equ	0xFFD
   990                           stkptr	equ	0xFFC
   991                           pclatu	equ	0xFFB
   992                           pclath	equ	0xFFA
   993                           pcl	equ	0xFF9
   994                           tblptru	equ	0xFF8
   995                           tblptrh	equ	0xFF7
   996                           tblptrl	equ	0xFF6
   997                           tablat	equ	0xFF5
   998                           prodh	equ	0xFF4
   999                           prodl	equ	0xFF3
  1000                           indf0	equ	0xFEF
  1001                           postinc0	equ	0xFEE
  1002                           postdec0	equ	0xFED
  1003                           preinc0	equ	0xFEC
  1004                           plusw0	equ	0xFEB
  1005                           fsr0h	equ	0xFEA
  1006                           fsr0l	equ	0xFE9
  1007                           wreg	equ	0xFE8
  1008                           indf1	equ	0xFE7
  1009                           postinc1	equ	0xFE6
  1010                           postdec1	equ	0xFE5
  1011                           preinc1	equ	0xFE4
  1012                           plusw1	equ	0xFE3
  1013                           fsr1h	equ	0xFE2
  1014                           fsr1l	equ	0xFE1
  1015                           bsr	equ	0xFE0
  1016                           indf2	equ	0xFDF
  1017                           postinc2	equ	0xFDE
  1018                           postdec2	equ	0xFDD
  1019                           preinc2	equ	0xFDC
  1020                           plusw2	equ	0xFDB
  1021                           fsr2h	equ	0xFDA
  1022                           fsr2l	equ	0xFD9
  1023                           status	equ	0xFD8

Data Sizes:
    Strings     0
    Constant    0
    Data        5
    BSS         1
    Persistent  0
    Stack       0

Auto Spaces:
    Space          Size  Autos    Used
    COMRAM          127     17      23
    BANK0           128      0       0
    BANK1           256      0       0
    BANK2           256      0       0
    BANK3           256      0       0
    BANK4           256      0       0
    BANK5           256      0       0

Pointer List with Targets:

    None.

Critical Paths under _main in COMRAM

    _main->_NRF24_Init
    _nrfRead->_SPI_Transfer
    _NRF24_Init->_nrfWrite
    _nrfWrite->_SPI_Transfer

Critical Paths under _main in BANK0

    None.

Critical Paths under _main in BANK1

    None.

Critical Paths under _main in BANK2

    None.

Critical Paths under _main in BANK3

    None.

Critical Paths under _main in BANK4

    None.

Critical Paths under _main in BANK5

    None.

Call Graph Tables:

 ---------------------------------------------------------------------------------
 (Depth) Function   	        Calls       Base Space   Used Autos Params    Refs
 ---------------------------------------------------------------------------------
 (0) _main                                                 3     3      0     434
                                             14 COMRAM     3     3      0
                         _NRF24_Init
                    _SPI_Init_Master
                       _SPI_Transfer
                            _nrfRead
                           _nrfWrite
 ---------------------------------------------------------------------------------
 (1) _nrfRead                                              2     2      0      45
                                              1 COMRAM     2     2      0
                       _SPI_Transfer
 ---------------------------------------------------------------------------------
 (1) _SPI_Init_Master                                      0     0      0       0
 ---------------------------------------------------------------------------------
 (1) _NRF24_Init                                          11    11      0     274
                                              3 COMRAM    11    11      0
                       _SPI_Transfer
                           _nrfWrite
 ---------------------------------------------------------------------------------
 (1) _nrfWrite                                             2     1      1      76
                                              1 COMRAM     2     1      1
                       _SPI_Transfer
 ---------------------------------------------------------------------------------
 (2) _SPI_Transfer                                         1     1      0      15
                                              0 COMRAM     1     1      0
 ---------------------------------------------------------------------------------
 Estimated maximum stack depth 2
 ---------------------------------------------------------------------------------

 Call Graph Graphs:

 _main (ROOT)
   _NRF24_Init
     _SPI_Transfer
     _nrfWrite
       _SPI_Transfer
   _SPI_Init_Master
   _SPI_Transfer
   _nrfRead
     _SPI_Transfer
   _nrfWrite

Address spaces:
Name               Size   Autos  Total    Usage
BIGRAM            1535      0       0      0.0%
BITBANK5           256      0       0      0.0%
BANK5              256      0       0      0.0%
BITBANK4           256      0       0      0.0%
BANK4              256      0       0      0.0%
BITBANK3           256      0       0      0.0%
BANK3              256      0       0      0.0%
BITBANK2           256      0       0      0.0%
BANK2              256      0       0      0.0%
BITBANK1           256      0       0      0.0%
BANK1              256      0       0      0.0%
BITBANK0           128      0       0      0.0%
BANK0              128      0       0      0.0%
BITCOMRAM          127      0       0      0.0%
COMRAM             127     17      23     18.1%
BITBIGSFRh          56      0       0      0.0%
BITBIGSFRlh         50      0       0      0.0%
BITBIGSFRlll        10      0       0      0.0%
BITBIGSFRllh         9      0       0      0.0%
STACK                0      0       0      0.0%
DATA                 0      0      23      0.0%


Microchip Technology PIC18 Macro Assembler V2.50 build 20240725155939 
Symbol Table                                                                                   Sat Mar 29 15:08:11 2025

                                                 _SSPSTATbits 0FC7  
                                                          l21 083C  
                                                          l30 0824  
                                                          l24 07D8  
                                                          l33 080A  
                                                          l26 07EC  
                                                          l27 07EE  
                                                          l44 068A  
                                                          l46 06D0  
                                                          l47 071A  
                                                          l56 075E  
                                                          u10 07EA  
                                                          u11 07E4  
                                                          u81 060E  
                                                          u90 0688  
                                                          u91 0682  
                                                         l900 0718  
                                                         l750 07F6  
                                                         l910 0742  
                                                         l902 071E  
                                                         l736 07D4  
                                                         l752 07F8  
                                                         l920 077C  
                                                         l912 074C  
                                                         l904 0722  
                                                         l850 0814  
                                                         l746 082A  
                                                         l754 0806  
                                                         l922 0796  
                                                         l914 0762  
                                                         l906 0726  
                                                         l852 081C  
                                                         l860 0618  
                                                         l748 0834  
                                                         l756 0808  
                                                         l916 0770  
                                                         l908 072A  
                                                         l854 0822  
                                                         l870 0648  
                                                         l862 061A  
                                                         l918 0772  
                                                         l848 0812  
                                                         l880 0666  
                                                         l872 064E  
                                                         l864 0632  
                                                         l856 0604  
                                                         l882 066A  
                                                         l866 063C  
                                                         l858 0616  
                                                         l892 069C  
                                                         l884 068E  
                                                         l868 0646  
                                                         l894 06AC  
                                                         l886 0694  
                                                         l878 0656  
                                                         l896 06B0  
                                                         l898 06D2  
                                                         u100 06CE  
                                                         u101 06C8  
                                                         u110 075C  
                                                         u111 0756  
                                                         u120 0794  
                                                         u121 078E  
                                                         u137 0734  
                                                         u147 0624  
                                                _SPI_Transfer 07D0  
                                                 ?_NRF24_Init 0001  
                                                         wreg 0FE8  
                                                        _LATB 0F8A  
                                                        _main 071E  
                                                        fsr2h 0FDA  
                                                        indf2 0FDF  
                                                        fsr1l 0FE1  
                                                        fsr2l 0FD9  
                                                        start 0002  
                                                ___param_bank 0000  
                                                       ?_main 0001  
                                                       _TRISB 0F93  
                                     __end_of_SPI_Init_Master 0840  
                                             __end_of_nrfRead 080E  
                                                       tablat 0FF5  
                                                       plusw1 0FE3  
                                                       plusw2 0FDB  
                                                       status 0FD8  
                                             __initialization 07A8  
                                                __end_of_main 07A8  
                                                 NRF24_Init@i 000B  
                                                      ??_main 000F  
                                               __activetblptr 0000  
                                                      _SSPBUF 0FC9  
                                             NRF24_Init@F1928 0012  
                                             NRF24_Init@i_312 000D  
                                                      isa$std 0001  
                                            __end_of_nrfWrite 0828  
                                                __pdataCOMRAM 0012  
                                                   ??_nrfRead 0002  
                                                __mediumconst 0000  
                                                      tblptrh 0FF7  
                                                      tblptrl 0FF6  
                                                      tblptru 0FF8  
                                            ?_SPI_Init_Master 0001  
                                                  __accesstop 0080  
                                     __end_of__initialization 07CA  
                                               ___rparam_used 0001  
                                              __pcstackCOMRAM 0001  
                                                ??_NRF24_Init 0004  
                                          __end_of_NRF24_Init 071E  
                                                 nrfWrite@reg 0003  
                                                 nrfWrite@val 0002  
                                                     _SSPCON1 0FC6  
                                                     _SSPSTAT 0FC7  
                                                   ?_nrfWrite 0002  
                                                     __Hparam 0000  
                                                     __Lparam 0000  
                                                __psmallconst 0600  
                                                     __pcinit 07A8  
                                                     __ramtop 0600  
                                                     __ptext0 071E  
                                                     __ptext1 07F2  
                                                     __ptext2 0828  
                                                     __ptext3 0602  
                                                     __ptext4 080E  
                                                     __ptext5 07D0  
                                                     _nrfRead 07F2  
                                                     _payload 0017  
                                        end_of_initialization 07CA  
                                                  ??_nrfWrite 0003  
                                                     postdec1 0FE5  
                                                     postinc0 0FEE  
                                                   _TRISCbits 0F94  
                                                  main@status 0011  
                                               __pidataCOMRAM 0840  
                                               ?_SPI_Transfer 0001  
                                         start_initialization 07A8  
                                              ??_SPI_Transfer 0001  
                                                 __pbssCOMRAM 0017  
                                                  nrfRead@reg 0002  
                                                  nrfRead@val 0003  
                                                 __smallconst 0600  
                                                    ?_nrfRead 0001  
                                                    _LATCbits 0F8B  
                                           ??_SPI_Init_Master 0001  
                                                   copy_data0 07BC  
                                        __end_of_SPI_Transfer 07F2  
                                                    __Hrparam 0000  
                                                    __Lrparam 0000  
                                                    _nrfWrite 080E  
                                                    isa$xinst 0000  
                                        NRF24_Init@tx_address 0006  
                                                  _NRF24_Init 0602  
                                            SPI_Transfer@data 0001  
                                             _SPI_Init_Master 0828  
