Microchip MPLAB XC8 Compiler V2.50

Linker command line:

-W-3 \
  --edf=C:\Program Files\Microchip\xc8\v2.50\pic\dat\20240725155939_en.msgs \
  -cn -h+dist/default/production\NRF24RX.X.production.sym \
  --cmf=dist/default/production\NRF24RX.X.production.cmf -z -Q18F252 \
  -oC:\Users\DEROUI~1\AppData\Local\Temp\xcAs8p0.\driver_tmp_3.o \
  --defsym=__MPLAB_BUILD=1 --fixupoverflow=error \
  -Mdist/default/production/NRF24RX.X.production.map \
  --md=C:\Users\DEROUI~1\AppData\Local\Temp\xcAs8p0.\driver_tmp_0.dat -E1 \
  -ver=XC8 Compiler --acfsm=1493 -ACODE=00h-03FFFhx2 -ACONST=00h-07FFFh \
  -ASMALLCONST=0600h-06FFhx122 -AMEDIUMCONST=0600h-07FFFh -ACOMRAM=01h-07Fh \
  -AABS1=00h-05FFh -ABIGRAM=01h-05FFh -ARAM=080h-0FFh,0100h-01FFhx5 \
  -ABANK0=080h-0FFh -ABANK1=0100h-01FFh -ABANK2=0200h-02FFh \
  -ABANK3=0300h-03FFh -ABANK4=0400h-04FFh -ABANK5=0500h-05FFh \
  -ASFR=0F80h-0FFFh -ABIGSFR=0F80h-0FFFh -ACONFIG=0300000h-030000Dh \
  -AIDLOC=0200000h-0200007h -AEEDATA=0F00000h-0F000FFh -peeprom_data=EEDATA \
  -preset_vec=00h,intcode,sivt_hi,intcodelo,sivt_lo,powerup,init \
  -pramtop=0600h -psmallconst=SMALLCONST -pmediumconst=MEDIUMCONST \
  -pconst=CONST -AFARRAM=00h-00h \
  -prdata=COMRAM,nvrram=COMRAM,nvbit=COMRAM,rbss=COMRAM,rbit=COMRAM \
  -pfarbss=FARRAM,fardata=FARRAM,nvFARRAM=FARRAM \
  -pintsave_regs=BIGRAM,bigbss=BIGRAM,bigdata=BIGRAM -pbss=RAM \
  -pidata=CODE,irdata=CODE,ibigdata=CODE,ifardata=CODE -prparam=COMRAM \
  C:\Users\DEROUI~1\AppData\Local\Temp\xcAs8p0.\driver_tmp_9.o \
  dist/default/production\NRF24RX.X.production.o 

Object code version is 3.11

Machine type is 18F252



                Name                               Link     Load   Length Selector   Space Scale
C:\Users\DEROUI~1\AppData\Local\Temp\xcAs8p0.\driver_tmp_9.o
                config                           300000   300000        8        0       4
                text                                846      846        2      423       0
                init                                  2        2        4        0       0
                reset_vec                             0        0        2        0       0
dist/default/production\NRF24RX.X.production.o
                config                           300000   300000        8        0       4
                smallconst                          600      600        2      300       0
                text5                               7D0      7D0       22      301       0
                text4                               80E      80E       1A      301       0
                text3                               602      602      11C      301       0
                text2                               828      828       18      301       0
                text1                               7F2      7F2       1C      301       0
                text0                               71E      71E       8A      301       0
                cstackCOMRAM                          1        1       11        1       1
                dataCOMRAM                           12       12        5        1       1
                bssCOMRAM                            17       17        1        1       1
                cinit                               7A8      7A8       28      301       0
                idataCOMRAM                         840      840        5      301       0

TOTAL           Name                               Link     Load   Length     Space
        CLASS   CODE           
                text                                846      846        2         0
                init                                  2        2        4         0
                reset_vec                             0        0        2         0
                text5                               7D0      7D0       22         0
                text4                               80E      80E       1A         0
                text3                               602      602      11C         0
                text2                               828      828       18         0
                text1                               7F2      7F2       1C         0
                text0                               71E      71E       8A         0
                cinit                               7A8      7A8       28         0
                idataCOMRAM                         840      840        5         0

        CLASS   CONST          

        CLASS   SMALLCONST     
                smallconst                          600      600        2         0

        CLASS   MEDIUMCONST    

        CLASS   COMRAM         
                cstackCOMRAM                          1        1       11         1
                dataCOMRAM                           12       12        5         1
                bssCOMRAM                            17       17        1         1

        CLASS   ABS1           

        CLASS   BIGRAM         

        CLASS   RAM            

        CLASS   BANK0          

        CLASS   BANK1          

        CLASS   BANK2          

        CLASS   BANK3          

        CLASS   BANK4          

        CLASS   BANK5          

        CLASS   SFR            

        CLASS   BIGSFR         

        CLASS   CONFIG         
                config                           300000   300000        8         4

        CLASS   IDLOC          

        CLASS   EEDATA         

        CLASS   FARRAM         

        CLASS   HEAP           

        CLASS   STACK          



SEGMENTS        Name                           Load    Length   Top    Selector   Space  Class

                reset_vec                      000000  000006  000006         0       0  CODE    
                cstackCOMRAM                   000001  000017  000018         1       1  COMRAM  
                smallconst                     000600  000002  000602       300       0  SMALLCON
                text3                          000602  000243  000845       301       0  CODE    
                text                           000846  000002  000848       423       0  CODE    


UNUSED ADDRESS RANGES

        Name                Unused          Largest block    Delta
        BANK0            000080-0000FF               80
        BANK1            000100-0001FF              100
        BANK2            000200-0002FF              100
        BANK3            000300-0003FF              100
        BANK4            000400-0004FF              100
        BANK5            000500-0005FF              100
        BIGRAM           000018-0005FF              5E8
        BIGSFR           000F80-000FFF               80
        CODE             000006-0005FF              5FA
                         000845-000845                1
                         000848-007FFF             37B8
        COMRAM           000018-00007F               68
        CONFIG           300008-30000D                6
        CONST            000006-0005FF              5FA
                         000845-000845                1
                         000848-007FFF             77B8
        EEDATA           F00000-F000FF              100
        IDLOC            200000-200007                8
        MEDIUMCONST      000845-000845                1
                         000848-007FFF             77B8
        RAM              000080-0005FF              100
        SFR              000F80-000FFF               80
        SMALLCONST       000845-000845                1
                         000848-007FFF              100

                                  Symbol Table

NRF24_Init@F1928                                                            dataCOMRAM   000012
NRF24_Init@i                                                                cstackCOMRAM 00000B
NRF24_Init@i_312                                                            cstackCOMRAM 00000D
NRF24_Init@tx_address                                                       cstackCOMRAM 000006
SPI_Transfer@data                                                           cstackCOMRAM 000001
_LATB                                                                       (abs)        000F8A
_LATCbits                                                                   (abs)        000F8B
_NRF24_Init                                                                 text3        000602
_SPI_Init_Master                                                            text2        000828
_SPI_Transfer                                                               text5        0007D0
_SSPBUF                                                                     (abs)        000FC9
_SSPCON1                                                                    (abs)        000FC6
_SSPSTAT                                                                    (abs)        000FC7
_SSPSTATbits                                                                (abs)        000FC7
_TRISB                                                                      (abs)        000F93
_TRISCbits                                                                  (abs)        000F94
__HRAM                                                                      (abs)        000000
__H__absolute__                                                             __absolute__ 000000
__Habs1                                                                     abs1         000000
__Hbank0                                                                    bank0        000000
__Hbank1                                                                    bank1        000000
__Hbank2                                                                    bank2        000000
__Hbank3                                                                    bank3        000000
__Hbank4                                                                    bank4        000000
__Hbank5                                                                    bank5        000000
__Hbigbss                                                                   bigbss       000000
__Hbigdata                                                                  bigdata      000000
__Hbigram                                                                   bigram       000000
__Hbigsfr                                                                   bigsfr       000000
__Hbss                                                                      bss          000000
__HbssCOMRAM                                                                bssCOMRAM    000000
__Hcinit                                                                    cinit        000000
__Hclrtext                                                                  clrtext      000000
__Hcomram                                                                   comram       000000
__Hconfig                                                                   config       300008
__Hconst                                                                    const        000000
__HcstackCOMRAM                                                             cstackCOMRAM 000000
__Hdata                                                                     data         000000
__HdataCOMRAM                                                               dataCOMRAM   000000
__Heeprom_data                                                              eeprom_data  000000
__Hfarbss                                                                   farbss       000000
__Hfardata                                                                  fardata      000000
__Hheap                                                                     heap         000000
__Hibigdata                                                                 ibigdata     000000
__Hidata                                                                    idata        000000
__HidataCOMRAM                                                              idataCOMRAM  000000
__Hidloc                                                                    idloc        000000
__Hifardata                                                                 ifardata     000000
__Hinit                                                                     init         000006
__Hintcode                                                                  intcode      000002
__Hintcode_body                                                             intcode_body 000000
__Hintcodelo                                                                intcodelo    000002
__Hintentry                                                                 intentry     000000
__Hintret                                                                   intret       000000
__Hintsave_regs                                                             intsave_regs 000000
__Hirdata                                                                   irdata       000000
__Hmediumconst                                                              mediumconst  000000
__HnvFARRAM                                                                 nvFARRAM     000000
__Hnvbit                                                                    nvbit        000000
__Hnvrram                                                                   nvrram       000000
__Hparam                                                                    rparam       000000
__Hpowerup                                                                  powerup      000002
__Hram                                                                      ram          000000
__Hramtop                                                                   ramtop       000600
__Hrbit                                                                     rbit         000000
__Hrbss                                                                     rbss         000000
__Hrdata                                                                    rdata        000000
__Hreset_vec                                                                reset_vec    000002
__Hrparam                                                                   rparam       000000
__Hsfr                                                                      sfr          000000
__Hsivt_hi                                                                  sivt_hi      000002
__Hsivt_lo                                                                  sivt_lo      000002
__Hsmallconst                                                               smallconst   000602
__Hspace_0                                                                  (abs)        000848
__Hspace_1                                                                  (abs)        000018
__Hspace_2                                                                  (abs)        000000
__Hspace_4                                                                  (abs)        600008
__Hstack                                                                    stack        000000
__Hstruct                                                                   struct       000000
__Htemp                                                                     temp         000000
__Htext                                                                     text         000000
__Htext0                                                                    text0        000000
__Htext1                                                                    text1        000000
__Htext2                                                                    text2        000000
__Htext3                                                                    text3        000000
__Htext4                                                                    text4        000000
__Htext5                                                                    text5        000000
__LRAM                                                                      (abs)        000001
__L__absolute__                                                             __absolute__ 000000
__Labs1                                                                     abs1         000000
__Lbank0                                                                    bank0        000000
__Lbank1                                                                    bank1        000000
__Lbank2                                                                    bank2        000000
__Lbank3                                                                    bank3        000000
__Lbank4                                                                    bank4        000000
__Lbank5                                                                    bank5        000000
__Lbigbss                                                                   bigbss       000000
__Lbigdata                                                                  bigdata      000000
__Lbigram                                                                   bigram       000000
__Lbigsfr                                                                   bigsfr       000000
__Lbss                                                                      bss          000000
__LbssCOMRAM                                                                bssCOMRAM    000000
__Lcinit                                                                    cinit        000000
__Lclrtext                                                                  clrtext      000000
__Lcomram                                                                   comram       000000
__Lconfig                                                                   config       000000
__Lconst                                                                    const        000000
__LcstackCOMRAM                                                             cstackCOMRAM 000000
__Ldata                                                                     data         000000
__LdataCOMRAM                                                               dataCOMRAM   000000
__Leeprom_data                                                              eeprom_data  000000
__Lfarbss                                                                   farbss       000000
__Lfardata                                                                  fardata      000000
__Lheap                                                                     heap         000000
__Libigdata                                                                 ibigdata     000000
__Lidata                                                                    idata        000000
__LidataCOMRAM                                                              idataCOMRAM  000000
__Lidloc                                                                    idloc        000000
__Lifardata                                                                 ifardata     000000
__Linit                                                                     init         000002
__Lintcode                                                                  intcode      000002
__Lintcode_body                                                             intcode_body 000000
__Lintcodelo                                                                intcodelo    000002
__Lintentry                                                                 intentry     000000
__Lintret                                                                   intret       000000
__Lintsave_regs                                                             intsave_regs 000000
__Lirdata                                                                   irdata       000000
__Lmediumconst                                                              mediumconst  000000
__LnvFARRAM                                                                 nvFARRAM     000000
__Lnvbit                                                                    nvbit        000000
__Lnvrram                                                                   nvrram       000000
__Lparam                                                                    rparam       000000
__Lpowerup                                                                  powerup      000002
__Lram                                                                      ram          000000
__Lramtop                                                                   ramtop       000600
__Lrbit                                                                     rbit         000000
__Lrbss                                                                     rbss         000000
__Lrdata                                                                    rdata        000000
__Lreset_vec                                                                reset_vec    000000
__Lrparam                                                                   rparam       000000
__Lsfr                                                                      sfr          000000
__Lsivt_hi                                                                  sivt_hi      000002
__Lsivt_lo                                                                  sivt_lo      000002
__Lsmallconst                                                               smallconst   000600
__Lspace_0                                                                  (abs)        000000
__Lspace_1                                                                  (abs)        000000
__Lspace_2                                                                  (abs)        000000
__Lspace_4                                                                  (abs)        000000
__Lstack                                                                    stack        000000
__Lstruct                                                                   struct       000000
__Ltemp                                                                     temp         000000
__Ltext                                                                     text         000000
__Ltext0                                                                    text0        000000
__Ltext1                                                                    text1        000000
__Ltext2                                                                    text2        000000
__Ltext3                                                                    text3        000000
__Ltext4                                                                    text4        000000
__Ltext5                                                                    text5        000000
__S0                                                                        (abs)        000848
__S1                                                                        (abs)        000018
__S4                                                                        (abs)        000000
__S5                                                                        (abs)        000000
___heap_hi                                                                  (abs)        000000
___heap_lo                                                                  (abs)        000000
___inthi_sp                                                                 stack        000000
___inthi_stack_hi                                                           stack        000000
___inthi_stack_lo                                                           stack        000000
___intlo_sp                                                                 stack        000000
___intlo_stack_hi                                                           stack        000000
___intlo_stack_lo                                                           stack        000000
___param_bank                                                               (abs)        000000
___rparam_used                                                              (abs)        000001
___sp                                                                       stack        000000
___stack_hi                                                                 stack        000000
___stack_lo                                                                 stack        000000
__accesstop                                                                 (abs)        000080
__activetblptr                                                              (abs)        000000
__cntErrataNOP_C:\Users\DEROUI~1\AppData\Local\Temp\xcAs8p0.\driver_tmp_9.o (abs)        000001
__cntErrataNOP_dist/default/production\NRF24RX.X.production.o               (abs)        000017
__end_of_NRF24_Init                                                         text3        00071E
__end_of_SPI_Init_Master                                                    text2        000840
__end_of_SPI_Transfer                                                       text5        0007F2
__end_of__initialization                                                    cinit        0007CA
__end_of_main                                                               text0        0007A8
__end_of_nrfRead                                                            text1        00080E
__end_of_nrfWrite                                                           text4        000828
__initialization                                                            cinit        0007A8
__mediumconst                                                               mediumconst  000000
__pbssCOMRAM                                                                bssCOMRAM    000017
__pcinit                                                                    cinit        0007A8
__pcstackCOMRAM                                                             cstackCOMRAM 000001
__pdataCOMRAM                                                               dataCOMRAM   000012
__pidataCOMRAM                                                              idataCOMRAM  000840
__psmallconst                                                               smallconst   000600
__ptext0                                                                    text0        00071E
__ptext1                                                                    text1        0007F2
__ptext2                                                                    text2        000828
__ptext3                                                                    text3        000602
__ptext4                                                                    text4        00080E
__ptext5                                                                    text5        0007D0
__ramtop                                                                    ramtop       000600
__smallconst                                                                smallconst   000600
_main                                                                       text0        00071E
_nrfRead                                                                    text1        0007F2
_nrfWrite                                                                   text4        00080E
_payload                                                                    bssCOMRAM    000017
end_of_initialization                                                       cinit        0007CA
intlevel0                                                                   text         000846
intlevel1                                                                   text         000846
intlevel2                                                                   text         000846
intlevel3                                                                   text         000846
isa$std                                                                     (abs)        000001
isa$xinst                                                                   (abs)        000000
main@status                                                                 cstackCOMRAM 000011
nrfRead@reg                                                                 cstackCOMRAM 000002
nrfRead@val                                                                 cstackCOMRAM 000003
nrfWrite@reg                                                                cstackCOMRAM 000003
nrfWrite@val                                                                cstackCOMRAM 000002
stackhi                                                                     (abs)        000000
stacklo                                                                     (abs)        000000
start                                                                       init         000002
start_initialization                                                        cinit        0007A8


MODULE INFORMATION

Module		Function		Class		Link	Load	Size
shared
		__initialization		CODE           	07A8	0000	34

shared estimated size: 34

newmainNRF24.c
		_nrfWrite      		CODE           	080E	0000	26
		_SPI_Init_Master		CODE           	0828	0000	24
		_main          		CODE           	071E	0000	138
		_SPI_Transfer  		CODE           	07D0	0000	34
		_nrfRead       		CODE           	07F2	0000	28
		_NRF24_Init    		CODE           	0602	0000	284

newmainNRF24.c estimated size: 534

